******************************************************************************
            TI ARM Clang Linker PC v2.1.3                      
******************************************************************************
>> Linked Tue Nov  7 14:00:14 2023

OUTPUT FILE NAME:   <ECE319K_Lab7.out>
ENTRY POINT SYMBOL: "_c_int00_noargs"  address: 00003f51


MEMORY CONFIGURATION

         name            origin    length      used     unused   attr    fill
----------------------  --------  ---------  --------  --------  ----  --------
  FLASH                 00000000   00020000  00004998  0001b668  R  X
  SRAM                  20200000   00008000  000007e8  00007818  RW X
  BCR_CONFIG            41c00000   00000080  00000000  00000080  R   
  BSL_CONFIG            41c00100   00000080  00000000  00000080  R   


SEGMENT ALLOCATION MAP

run origin  load origin   length   init length attrs members
----------  ----------- ---------- ----------- ----- -------
00000000    00000000    00004998   00004998    r-x
  00000000    00000000    000000c0   000000c0    r-- .intvecs
  000000c0    000000c0    00004140   00004140    r-x .text
  00004200    00004200    00000710   00000710    r-- .rodata
  00004910    00004910    00000088   00000088    r-- .cinit
20200000    20200000    000005e9   00000000    rw-
  20200000    20200000    00000200   00000000    rw- .sysmem
  20200200    20200200    000001f7   00000000    rw- .bss
  202003f8    202003f8    000001f1   00000000    rw- .data
20207e00    20207e00    00000200   00000000    rw-
  20207e00    20207e00    00000200   00000000    rw- .stack


SECTION ALLOCATION MAP

 output                                  attributes/
section   page    origin      length       input sections
--------  ----  ----------  ----------   ----------------
.intvecs   0    00000000    000000c0     
                  00000000    000000c0     startup_mspm0g3507_ticlang.o (.intvecs)

.text      0    000000c0    00004140     
                  000000c0    00000a18     libc.a : _printfi.c.obj (.text:__TI_printfi)
                  00000ad8    00000210            : _printfi.c.obj (.text._pconv_a)
                  00000ce8    000001d8            : _printfi.c.obj (.text._pconv_g)
                  00000ec0    000001b4     Clock.o (.text.Clock_Init80MHz)
                  00001074    000001a0     ST7735.o (.text.ST7735_DrawCharS)
                  00001214    00000192     libclang_rt.builtins.a : adddf3.S.obj (.text)
                  000013a6    00000002                            : aeabi_div0.c.obj (.text.__aeabi_idiv0)
                  000013a8    0000013c     libc.a : fopen.c.obj (.text._openfile)
                  000014e4    0000013c            : memory.c.obj (.text.aligned_alloc)
                  00001620    00000138            : _printfi.c.obj (.text.fcvt)
                  00001758    00000128     TExaS.o (.text.ADC_Init)
                  00001880    0000011c     libc.a : _printfi.c.obj (.text._pconv_e)
                  0000199c    00000118     ST7735.o (.text.ST7735_FillRect)
                  00001ab4    0000010c     libclang_rt.builtins.a : divdf3.S.obj (.text)
                  00001bc0    00000100     libc.a : memory.c.obj (.text.free)
                  00001cc0    000000f8     SPI.o (.text.SPI_Init)
                  00001db8    000000f8     libc.a : fputs.c.obj (.text.fputs)
                  00001eb0    000000e8     TExaS.o (.text.UART_Init)
                  00001f98    000000e8     libsysbm.a : add_device.c.obj (.text.add_device)
                  00002080    000000e4     libclang_rt.builtins.a : muldf3.S.obj (.text)
                  00002164    000000e0     libc.a : setvbuf.c.obj (.text.setvbuf)
                  00002244    000000d8            : s_scalbn.c.obj (.text.scalbn)
                  0000231c    000000d4     ST7735.o (.text.ST7735_OutChar)
                  000023f0    000000cc     ST7735.o (.text.ST7735_PlotPoint)
                  000024bc    000000c4     Lab7Main.o (.text.main)
                  00002580    000000b0     ST7735.o (.text.ST7735_DrawFastVLine)
                  00002630    000000a8     Timer.o (.text.TimerG7_IntArm)
                  000026d8    000000a8     libsysbm.a : open.c.obj (.text.open)
                  00002780    000000a2     ST7735.o (.text.commandList)
                  00002822    00000002     libclang_rt.builtins.a : aeabi_div0.c.obj (.text.__aeabi_ldiv0)
                  00002824    000000a2                            : udivmoddi4.S.obj (.text)
                  000028c6    00000002     libc.a : _lock.c.obj (.text._nop)
                  000028c8    0000009c     ST7735.o (.text.ST7735_InitPrintf)
                  00002964    00000098     ST7735.o (.text.ST7735_InitR)
                  000029fc    00000094     Timer.o (.text.TimerG12_IntArm)
                  00002a90    00000090     libc.a : fputc.c.obj (.text.fputc)
                  00002b20    00000088     ST7735.o (.text.setAddrWindow)
                  00002ba8    00000084     LaunchPad.o (.text.LaunchPad_Init)
                  00002c2c    00000084     ST7735.o (.text.ST7735_DrawString)
                  00002cb0    00000084     libc.a : fopen.c.obj (.text.fopen)
                  00002d34    0000007c            : fclose.c.obj (.text.__TI_closefile)
                  00002db0    00000078     Lab7Main.o (.text.ADCinit)
                  00002e28    00000074     ST7735.o (.text.ST7735_PlotClear)
                  00002e9c    00000070     ST7735.o (.text.ST7735_DrawPixel)
                  00002f0c    00000070     libclang_rt.builtins.a : comparedf2.c.obj (.text.__gedf2)
                  00002f7c    00000070                            : comparedf2.c.obj (.text.__ledf2)
                  00002fec    0000006c     libc.a : fseek.c.obj (.text.fseeko)
                  00003058    0000006c            : getdevice.c.obj (.text.getdevice)
                  000030c4    00000068     libsysbm.a : hostlseek.c.obj (.text.HOSTlseek)
                  0000312c    00000068                : hostrename.c.obj (.text.HOSTrename)
                  00003194    00000068     libc.a : copy_decompress_lzss.c.obj (.text:decompress:lzss)
                  000031fc    00000066            : _printfi.c.obj (.text._mcpy)
                  00003262    00000064            : _io_perm.c.obj (.text.__TI_wrt_ok)
                  000032c6    00000002     --HOLE-- [fill = 0]
                  000032c8    00000064            : memory.c.obj (.text.split)
                  0000332c    00000062     libclang_rt.builtins.a : aeabi_dcmp.S.obj (.text)
                  0000338e    00000002     --HOLE-- [fill = 0]
                  00003390    0000005c     libsysbm.a : hostopen.c.obj (.text.HOSTopen)
                  000033ec    0000005c     libc.a : s_frexp.c.obj (.text.frexp)
                  00003448    0000005c            : printf.c.obj (.text.printf)
                  000034a4    00000058     libsysbm.a : hostread.c.obj (.text.HOSTread)
                  000034fc    00000058                : hostwrite.c.obj (.text.HOSTwrite)
                  00003554    00000058     TExaS.o (.text.TExaS_Init)
                  000035ac    00000058     libc.a : _ltoa.c.obj (.text.__TI_ltoa)
                  00003604    00000058            : _printfi.c.obj (.text._pconv_f)
                  0000365c    00000056     libclang_rt.builtins.a : aeabi_idivmod.S.obj (.text)
                  000036b2    00000050     libc.a : fflush.c.obj (.text.__TI_doflush)
                  00003702    00000050            : _printfi.c.obj (.text._ecpy)
                  00003752    00000002     --HOLE-- [fill = 0]
                  00003754    00000050     libsysbm.a : close.c.obj (.text.close)
                  000037a4    0000004c     Lab7Main.o (.text.TIMG12_IRQHandler)
                  000037f0    0000004a     libclang_rt.builtins.a : fixdfsi.S.obj (.text)
                  0000383a    00000002     --HOLE-- [fill = 0]
                  0000383c    00000048     libsysbm.a : hostclose.c.obj (.text.HOSTclose)
                  00003884    00000048                : hostunlink.c.obj (.text.HOSTunlink)
                  000038cc    00000048     SPI.o (.text.SPI_OutCommand)
                  00003914    00000048     ST7735.o (.text.ST7735_PlotNextErase)
                  0000395c    00000044     Lab7Main.o (.text.ADCin)
                  000039a0    00000044     libc.a : atoi.c.obj (.text.atoi)
                  000039e4    00000040     SPI.o (.text.SPI_Reset)
                  00003a24    00000040     TExaS.o (.text.TIMG7_IRQHandler)
                  00003a64    00000040     libclang_rt.builtins.a : aeabi_uidivmod.S.obj (.text)
                  00003aa4    0000003c     libc.a : autoinit.c.obj (.text:__TI_auto_init_nobinit_nopinit)
                  00003ae0    0000003a     libclang_rt.builtins.a : muldsi3.S.obj (.text)
                  00003b1a    00000002     --HOLE-- [fill = 0]
                  00003b1c    00000038     LaunchPad.o (.text.ActivatePortA_B)
                  00003b54    00000038     SPI.o (.text.SPI_OutData)
                  00003b8c    00000038     libc.a : getdevice.c.obj (.text.finddevice)
                  00003bc4    00000034     Clock.o (.text.Clock_Delay1ms)
                  00003bf8    00000034     Lab7Main.o (.text.OutFix)
                  00003c2c    00000034     ST7735.o (.text.ST7735_SetCursor)
                  00003c60    00000034     ST7735.o (.text.ST7735_write)
                  00003c94    00000034     libc.a : fopen.c.obj (.text.__TI_cleanup)
                  00003cc8    00000034     libsysbm.a : trgmsg.c.obj (.text.__TI_readmsg)
                  00003cfc    00000034                : trgmsg.c.obj (.text.__TI_writemsg)
                  00003d30    00000034     libc.a : exit.c.obj (.text.exit)
                  00003d64    00000034            : fopen.c.obj (.text.freopen)
                  00003d98    00000032     ST7735.o (.text.ST7735_Color565)
                  00003dca    00000030     libc.a : _printfi.c.obj (.text._fcpy)
                  00003dfa    00000002     --HOLE-- [fill = 0]
                  00003dfc    00000030     ST7735.o (.text.commonInit)
                  00003e2c    0000002c     ST7735.o (.text.ST7735_FillScreen)
                  00003e58    0000002c     libsysbm.a : unlink.c.obj (.text.unlink)
                  00003e84    0000002c     libclang_rt.builtins.a : floatsidf.S.obj (.text)
                  00003eb0    00000028     TExaS.o (.text.ADC_Start)
                  00003ed8    00000028     libc.a : memory.c.obj (.text.free_list_insert)
                  00003f00    00000028     libsysbm.a : lseek.c.obj (.text.lseek)
                  00003f28    00000028                : write.c.obj (.text.write)
                  00003f50    00000028     libc.a : boot_cortex_m.c.obj (.text:_c_int00_noargs)
                  00003f78    00000024            : memccpy.c.obj (.text.memccpy)
                  00003f9c    00000024     libclang_rt.builtins.a : muldi3.S.obj (.text)
                  00003fc0    0000001e     ST7735.o (.text.pushColor)
                  00003fde    00000002     --HOLE-- [fill = 0]
                  00003fe0    0000001e     libclang_rt.builtins.a : ashldi3.S.obj (.text)
                  00003ffe    00000002     --HOLE-- [fill = 0]
                  00004000    0000001c     libc.a : memory.c.obj (.text.free_list_remove)
                  0000401c    0000001c     libclang_rt.builtins.a : aeabi_memset.S.obj (.text)
                  00004038    00000018     Lab7Main.o (.text.Convert)
                  00004050    00000016     ST7735.o (.text.ST7735_open)
                  00004066    00000016     ST7735.o (.text.ST7735_read)
                  0000407c    00000014     libc.a : _printfi.c.obj (.text.strchr)
                  00004090    00000014            : copy_zero_init.c.obj (.text:decompress:ZI:__TI_zero_init_nomemset)
                  000040a4    00000014     libclang_rt.builtins.a : aeabi_uldivmod.S.obj (.text)
                  000040b8    00000012     libc.a : memcpy16.S.obj (.text:TI_memcpy_small)
                  000040ca    00000012            : copy_decompress_none.c.obj (.text:decompress:none)
                  000040dc    00000010     Clock.o (.text.Clock_Delay)
                  000040ec    00000010     Lab7Main.o (.text.TExaS_LaunchPadLogicPB27PB26)
                  000040fc    00000010     libc.a : wcslen.c.obj (.text.wcslen)
                  0000410c    0000000e     ST7735.o (.text.ST7735_lseek)
                  0000411a    0000000e     libsysbm.a : hostrename.c.obj (.text.strcpy)
                  00004128    0000000e     libc.a : _printfi.c.obj (.text.strlen)
                  00004136    0000000e     libsysbm.a : hostrename.c.obj (.text.strlen)
                  00004144    0000000e     libc.a : memset16.S.obj (.text:TI_memset_small)
                  00004152    00000002     --HOLE-- [fill = 0]
                  00004154    0000000c     Clock.o (.text.Clock_Freq)
                  00004160    0000000c     ST7735.o (.text.ST7735_rename)
                  0000416c    0000000c     libc.a : memory.c.obj (.text.malloc)
                  00004178    0000000a            : _printfi.c.obj (.text.OUTLINED_FUNCTION_0)
                  00004182    00000002     --HOLE-- [fill = 0]
                  00004184    00000010     libclang_rt.builtins.a : adddf3.S.obj (.tramp.__aeabi_dsub.1)
                  00004194    0000000a     libc.a : _printfi.c.obj (.text.OUTLINED_FUNCTION_1)
                  0000419e    0000000a     Lab7Main.o (.text.PLL_Init)
                  000041a8    0000000a     ST7735.o (.text.ST7735_close)
                  000041b2    0000000a     ST7735.o (.text.ST7735_unlink)
                  000041bc    00000008     libc.a : aeabi_portable.c.obj (.text.__aeabi_errno_addr)
                  000041c4    00000008            : printf.c.obj (.text._outc)
                  000041cc    00000008            : printf.c.obj (.text._outs)
                  000041d4    00000008            : fseek.c.obj (.text.fseek)
                  000041dc    00000008     libsysbm.a : remove.c.obj (.text.remove)
                  000041e4    00000008     libclang_rt.builtins.a : aeabi_memcpy.S.obj (.text)
                  000041ec    00000004     startup_mspm0g3507_ticlang.o (.text.Default_Handler)
                  000041f0    00000004     startup_mspm0g3507_ticlang.o (.text.HardFault_Handler)
                  000041f4    00000004     startup_mspm0g3507_ticlang.o (.text.Reset_Handler)
                  000041f8    00000004     libc.a : pre_init.c.obj (.text._system_pre_init)
                  000041fc    00000004            : exit.c.obj (.text:abort)

.cinit     0    00004910    00000088     
                  00004910    00000064     (.cinit..data.load) [load image, compression = lzss]
                  00004974    0000000c     (__TI_handler_table)
                  00004980    00000008     (.cinit..bss.load) [load image, compression = zero_init]
                  00004988    00000010     (__TI_cinit_table)

.rodata    0    00004200    00000710     
                  00004200    000004fb     ST7735.o (.rodata.Font)
                  000046fb    00000005     --HOLE-- [fill = 0]
                  00004700    00000101     libc.a : aeabi_ctype.S.obj (.rodata)
                  00004801    0000003b     ST7735.o (.rodata.Rcmd1)
                  0000483c    00000030     Lab7Main.o (.rodata.str1.1)
                  0000486c    0000002e     ST7735.o (.rodata.str1.1)
                  0000489a    0000002b     ST7735.o (.rodata.Rcmd3)
                  000048c5    00000022     libc.a : _printfi.c.obj (.rodata.str1.1)
                  000048e7    0000000d     ST7735.o (.rodata.Rcmd2green)
                  000048f4    0000000d     ST7735.o (.rodata.Rcmd2red)
                  00004901    0000000f     --HOLE-- [fill = 0]

.init_array 
*          0    00000000    00000000     UNINITIALIZED

.binit     0    00000000    00000000     

.sysmem    0    20200000    00000200     UNINITIALIZED
                  20200000    00000010     libc.a : memory.c.obj (.sysmem)
                  20200010    000001f0     --HOLE--

.bss       0    20200200    000001f7     UNINITIALIZED
                  20200200    00000120     libsysbm.a : trgmsg.c.obj (.bss:_CIOBUF_)
                  20200320    000000a0     (.common:__TI_tmpnams)
                  202003c0    00000008     (.common:parmbuf)
                  202003c8    00000004     libc.a : memory.c.obj (.bss.sys_free)
                  202003cc    00000004     (.common:Data)
                  202003d0    00000004     (.common:Flag)
                  202003d4    00000004     (.common:Position)
                  202003d8    00000004     (.common:TExaSLogic)
                  202003dc    00000004     (.common:TExaSadc)
                  202003e0    00000004     (.common:Time)
                  202003e4    00000004     (.common:X)
                  202003e8    00000004     (.common:Ymax)
                  202003ec    00000004     (.common:Ymin)
                  202003f0    00000004     (.common:Yrange)
                  202003f4    00000001     ST7735.o (.bss.ColStart)
                  202003f5    00000001     ST7735.o (.bss.RowStart)
                  202003f6    00000001     ST7735.o (.bss.TabColor)

.data      0    202003f8    000001f1     UNINITIALIZED
                  202003f8    000000f0     libc.a : defs.c.obj (.data._ftable)
                  202004e8    00000078     libsysbm.a : host_device.c.obj (.data._device)
                  20200560    00000050                : host_device.c.obj (.data._stream)
                  202005b0    00000008     libc.a : exit.c.obj (.data..L_MergedGlobals)
                  202005b8    00000004     Clock.o (.data.BusFreq)
                  202005bc    00000004     ST7735.o (.data.StX)
                  202005c0    00000004     ST7735.o (.data.StY)
                  202005c4    00000004     libc.a : defs.c.obj (.data.__TI_ft_end)
                  202005c8    00000004            : aeabi_portable.c.obj (.data.__aeabi_errno)
                  202005cc    00000004            : _lock.c.obj (.data._lock)
                  202005d0    00000004            : _lock.c.obj (.data._unlock)
                  202005d4    00000002     ST7735.o (.data.StTextColor)
                  202005d6    00000002     ST7735.o (.data._height)
                  202005d8    00000002     ST7735.o (.data._width)
                  202005da    00000002     --HOLE--
                  202005dc    00000001     libc.a : fopen.c.obj (.data._search_fp.init)
                  202005dd    00000003     --HOLE--
                  202005e0    00000001     libsysbm.a : add_device.c.obj (.data.add_device.device_init)
                  202005e1    00000003     --HOLE--
                  202005e4    00000001     libc.a : memory.c.obj (.data.memory_is_initialized)
                  202005e5    00000003     --HOLE--
                  202005e8    00000001     libsysbm.a : open.c.obj (.data.open.stream_init)

.stack     0    20207e00    00000200     UNINITIALIZED
                  20207e00    00000004     libc.a : boot_cortex_m.c.obj (.stack)
                  20207e04    000001fc     --HOLE--

__llvm_prf_cnts 
*          0    20200000    00000000     UNINITIALIZED

__llvm_prf_bits 
*          0    20200000    00000000     UNINITIALIZED

MODULE SUMMARY

       Module                         code    ro data   rw data
       ------                         ----    -------   -------
    .\
       ST7735.o                       2692    1449      33     
       TExaS.o                        720     0         8      
       Lab7Main.o                     562     48        16     
       Clock.o                        516     0         4      
       SPI.o                          440     0         0      
       Timer.o                        316     0         0      
       LaunchPad.o                    188     0         0      
    +--+------------------------------+-------+---------+---------+
       Total:                         5434    1497      61     
                                                               
    .\ticlang\
       startup_mspm0g3507_ticlang.o   12      192       0      
    +--+------------------------------+-------+---------+---------+
       Total:                         12      192       0      
                                                               
    C:\ti\ccs1240\ccs\tools\compiler\ti-cgt-armllvm_2.1.3.LTS\lib\armv6m-ti-none-eabi/c/libc.a
       _printfi.c.obj                 4552    34        0      
       memory.c.obj                   752     0         5      
       fopen.c.obj                    552     0         1      
       defs.c.obj                     0       0         404    
       aeabi_ctype.S.obj              0       257       0      
       fputs.c.obj                    248     0         0      
       setvbuf.c.obj                  224     0         0      
       s_scalbn.c.obj                 216     0         0      
       getdevice.c.obj                164     0         0      
       fputc.c.obj                    144     0         0      
       fclose.c.obj                   124     0         0      
       fseek.c.obj                    116     0         0      
       printf.c.obj                   108     0         0      
       copy_decompress_lzss.c.obj     104     0         0      
       _io_perm.c.obj                 100     0         0      
       s_frexp.c.obj                  92      0         0      
       _ltoa.c.obj                    88      0         0      
       fflush.c.obj                   80      0         0      
       atoi.c.obj                     68      0         0      
       exit.c.obj                     56      0         8      
       autoinit.c.obj                 60      0         0      
       boot_cortex_m.c.obj            40      0         0      
       memccpy.c.obj                  36      0         0      
       copy_zero_init.c.obj           20      0         0      
       copy_decompress_none.c.obj     18      0         0      
       memcpy16.S.obj                 18      0         0      
       wcslen.c.obj                   16      0         0      
       memset16.S.obj                 14      0         0      
       aeabi_portable.c.obj           8       0         4      
       _lock.c.obj                    2       0         8      
       pre_init.c.obj                 4       0         0      
    +--+------------------------------+-------+---------+---------+
       Total:                         8024    291       430    
                                                               
    C:\ti\ccs1240\ccs\tools\compiler\ti-cgt-armllvm_2.1.3.LTS\lib\armv6m-ti-none-eabi/c/libsysbm.a
       trgmsg.c.obj                   104     0         288    
       add_device.c.obj               232     0         1      
       host_device.c.obj              0       0         200    
       open.c.obj                     168     0         1      
       hostrename.c.obj               132     0         0      
       hostlseek.c.obj                104     0         0      
       hostopen.c.obj                 92      0         8      
       hostread.c.obj                 88      0         0      
       hostwrite.c.obj                88      0         0      
       close.c.obj                    80      0         0      
       hostclose.c.obj                72      0         0      
       hostunlink.c.obj               72      0         0      
       unlink.c.obj                   44      0         0      
       lseek.c.obj                    40      0         0      
       write.c.obj                    40      0         0      
       remove.c.obj                   8       0         0      
    +--+------------------------------+-------+---------+---------+
       Total:                         1364    0         498    
                                                               
    C:\ti\ccs1240\ccs\tools\compiler\ti-cgt-armllvm_2.1.3.LTS\lib\clang/14.0.6/lib/armv6m-ti-none-eabi/libclang_rt.builtins.a
       adddf3.S.obj                   418     0         0      
       divdf3.S.obj                   268     0         0      
       muldf3.S.obj                   228     0         0      
       comparedf2.c.obj               224     0         0      
       udivmoddi4.S.obj               162     0         0      
       aeabi_dcmp.S.obj               98      0         0      
       aeabi_idivmod.S.obj            86      0         0      
       fixdfsi.S.obj                  74      0         0      
       aeabi_uidivmod.S.obj           64      0         0      
       muldsi3.S.obj                  58      0         0      
       floatsidf.S.obj                44      0         0      
       muldi3.S.obj                   36      0         0      
       ashldi3.S.obj                  30      0         0      
       aeabi_memset.S.obj             28      0         0      
       aeabi_uldivmod.S.obj           20      0         0      
       aeabi_memcpy.S.obj             8       0         0      
       aeabi_div0.c.obj               4       0         0      
    +--+------------------------------+-------+---------+---------+
       Total:                         1850    0         0      
                                                               
       Heap:                          0       0         512    
       Stack:                         0       0         512    
       Linker Generated:              0       136       0      
    +--+------------------------------+-------+---------+---------+
       Grand Total:                   16684   2116      2013   


LINKER GENERATED COPY TABLES

__TI_cinit_table @ 00004988 records: 2, size/record: 8, table size: 16
	.data: load addr=00004910, load size=00000064 bytes, run addr=202003f8, run size=000001f1 bytes, compression=lzss
	.bss: load addr=00004980, load size=00000008 bytes, run addr=20200200, run size=000001f7 bytes, compression=zero_init


LINKER GENERATED HANDLER TABLE

__TI_handler_table @ 00004974 records: 3, size/record: 4, table size: 12
	index: 0, handler: __TI_decompress_lzss
	index: 1, handler: __TI_decompress_none
	index: 2, handler: __TI_zero_init


FAR CALL TRAMPOLINES

callee name               trampoline name
   callee addr  tramp addr   call addr  call info
--------------  -----------  ---------  ----------------
__aeabi_dsub              $Tramp$TT$L$PI$$__aeabi_dsub
   00001215     00004184     00004180   libc.a : _printfi.c.obj (.text.OUTLINED_FUNCTION_0)

[1 trampolines]
[1 trampoline calls]


GLOBAL SYMBOLS: SORTED ALPHABETICALLY BY Name 

address   name                          
-------   ----                          
000041ed  ADC0_IRQHandler               
000041ed  ADC1_IRQHandler               
00001759  ADC_Init                      
00003eb1  ADC_Start                     
0000395d  ADCin                         
00002db1  ADCinit                       
000041ed  AES_IRQHandler                
00003b1d  ActivatePortA_B               
202005b8  BusFreq                       
000041fc  C$$EXIT                       
00003d27  C$$IO$$                       
000041ed  CANFD0_IRQHandler             
000040dd  Clock_Delay                   
00003bc5  Clock_Delay1ms                
00004155  Clock_Freq                    
00000ec1  Clock_Init80MHz               
00004039  Convert                       
000041ed  DAC0_IRQHandler               
000041ed  DMA_IRQHandler                
202003cc  Data                          
000041ed  Default_Handler               
202003d0  Flag                          
000041ed  GROUP0_IRQHandler             
000041ed  GROUP1_IRQHandler             
0000383d  HOSTclose                     
000030c5  HOSTlseek                     
00003391  HOSTopen                      
000034a5  HOSTread                      
0000312d  HOSTrename                    
00003885  HOSTunlink                    
000034fd  HOSTwrite                     
000041f1  HardFault_Handler             
000041ed  I2C0_IRQHandler               
000041ed  I2C1_IRQHandler               
00002ba9  LaunchPad_Init                
000041ed  NMI_Handler                   
00003bf9  OutFix                        
0000419f  PLL_Init                      
000041ed  PendSV_Handler                
202003d4  Position                      
000041ed  RTC_IRQHandler                
000041f5  Reset_Handler                 
000041ed  SPI0_IRQHandler               
000041ed  SPI1_IRQHandler               
00001cc1  SPI_Init                      
000038cd  SPI_OutCommand                
00003b55  SPI_OutData                   
000039e5  SPI_Reset                     
00003d99  ST7735_Color565               
00001075  ST7735_DrawCharS              
00002581  ST7735_DrawFastVLine          
00002e9d  ST7735_DrawPixel              
00002c2d  ST7735_DrawString             
0000199d  ST7735_FillRect               
00003e2d  ST7735_FillScreen             
000028c9  ST7735_InitPrintf             
00002965  ST7735_InitR                  
0000231d  ST7735_OutChar                
00002e29  ST7735_PlotClear              
00003915  ST7735_PlotNextErase          
000023f1  ST7735_PlotPoint              
00003c2d  ST7735_SetCursor              
000041a9  ST7735_close                  
0000410d  ST7735_lseek                  
00004051  ST7735_open                   
00004067  ST7735_read                   
00004161  ST7735_rename                 
000041b3  ST7735_unlink                 
00003c61  ST7735_write                  
000041ed  SVC_Handler                   
202005d4  StTextColor                   
202005bc  StX                           
202005c0  StY                           
000041ed  SysTick_Handler               
202003d8  TExaSLogic                    
00003555  TExaS_Init                    
000040ed  TExaS_LaunchPadLogicPB27PB26  
202003dc  TExaSadc                      
000041ed  TIMA0_IRQHandler              
000041ed  TIMA1_IRQHandler              
000041ed  TIMG0_IRQHandler              
000037a5  TIMG12_IRQHandler             
000041ed  TIMG6_IRQHandler              
00003a25  TIMG7_IRQHandler              
000041ed  TIMG8_IRQHandler              
000040b9  TI_memcpy_small               
00004145  TI_memset_small               
202003e0  Time                          
000029fd  TimerG12_IntArm               
00002631  TimerG7_IntArm                
000041ed  UART0_IRQHandler              
000041ed  UART1_IRQHandler              
000041ed  UART2_IRQHandler              
000041ed  UART3_IRQHandler              
00001eb1  UART_Init                     
202003e4  X                             
202003e8  Ymax                          
202003ec  Ymin                          
202003f0  Yrange                        
20200200  _CIOBUF_                      
20200200  __CIOBUF_                     
20208000  __STACK_END                   
00000200  __STACK_SIZE                  
00000200  __SYSMEM_SIZE                 
00004988  __TI_CINIT_Base               
00004998  __TI_CINIT_Limit              
00004998  __TI_CINIT_Warm               
00004974  __TI_Handler_Table_Base       
00004980  __TI_Handler_Table_Limit      
00003aa5  __TI_auto_init_nobinit_nopinit
00003c95  __TI_cleanup                  
202005b0  __TI_cleanup_ptr              
00002d35  __TI_closefile                
00003195  __TI_decompress_lzss          
000040cb  __TI_decompress_none          
000036b3  __TI_doflush                  
202005b4  __TI_dtors_ptr                
202005c4  __TI_ft_end                   
000035ad  __TI_ltoa                     
ffffffff  __TI_pprof_out_hndl           
000000c1  __TI_printfi                  
ffffffff  __TI_prof_data_size           
ffffffff  __TI_prof_data_start          
00003cc9  __TI_readmsg                  
00000000  __TI_static_base__            
20200320  __TI_tmpnams                  
00003cfd  __TI_writemsg                 
00003263  __TI_wrt_ok                   
00004091  __TI_zero_init_nomemset       
0000121f  __adddf3                      
00004700  __aeabi_ctype_table_          
00004700  __aeabi_ctype_table_C         
000037f1  __aeabi_d2iz                  
0000121f  __aeabi_dadd                  
0000332d  __aeabi_dcmpeq                
00003369  __aeabi_dcmpge                
0000337d  __aeabi_dcmpgt                
00003355  __aeabi_dcmple                
00003341  __aeabi_dcmplt                
00001ab5  __aeabi_ddiv                  
00002081  __aeabi_dmul                  
00001215  __aeabi_dsub                  
202005c8  __aeabi_errno                 
000041bd  __aeabi_errno_addr            
00003e85  __aeabi_i2d                   
0000365d  __aeabi_idiv                  
000013a7  __aeabi_idiv0                 
0000365d  __aeabi_idivmod               
00002823  __aeabi_ldiv0                 
00003fe1  __aeabi_llsl                  
00003f9d  __aeabi_lmul                  
0000402d  __aeabi_memclr                
0000402d  __aeabi_memclr4               
0000402d  __aeabi_memclr8               
000041e5  __aeabi_memcpy                
000041e5  __aeabi_memcpy4               
000041e5  __aeabi_memcpy8               
0000401d  __aeabi_memset                
0000401d  __aeabi_memset4               
0000401d  __aeabi_memset8               
00003a65  __aeabi_uidiv                 
00003a65  __aeabi_uidivmod              
000040a5  __aeabi_uldivmod              
00003fe1  __ashldi3                     
ffffffff  __binit__                     
00002f7d  __cmpdf2                      
00001ab5  __divdf3                      
00002f7d  __eqdf2                       
000037f1  __fixdfsi                     
00003e85  __floatsidf                   
00002f0d  __gedf2                       
00002f0d  __gtdf2                       
00002f7d  __ledf2                       
00002f7d  __ltdf2                       
UNDEFED   __mpu_init                    
00002081  __muldf3                      
00003f9d  __muldi3                      
00003ae1  __muldsi3                     
00002f7d  __nedf2                       
20207e00  __stack                       
20200000  __start___llvm_prf_bits       
20200000  __start___llvm_prf_cnts       
20200000  __stop___llvm_prf_bits        
20200000  __stop___llvm_prf_cnts        
00001215  __subdf3                      
00002825  __udivmoddi4                  
00003f51  _c_int00_noargs               
202004e8  _device                       
202003f8  _ftable                       
202005cc  _lock                         
000028c7  _nop                          
20200560  _stream                       
20200000  _sys_memory                   
UNDEFED   _system_post_cinit            
000041f9  _system_pre_init              
202005d0  _unlock                       
000041fd  abort                         
00001f99  add_device                    
000014e5  aligned_alloc                 
000039a1  atoi                          
ffffffff  binit                         
00003755  close                         
00003d31  exit                          
00003b8d  finddevice                    
00002cb1  fopen                         
00002a91  fputc                         
00001db9  fputs                         
00001bc1  free                          
00003d65  freopen                       
000033ed  frexp                         
000033ed  frexpl                        
000041d5  fseek                         
00002fed  fseeko                        
00003059  getdevice                     
00000000  interruptVectors              
00002245  ldexp                         
00002245  ldexpl                        
00003f01  lseek                         
000024bd  main                          
0000416d  malloc                        
000014e5  memalign                      
00003f79  memccpy                       
000026d9  open                          
202003c0  parmbuf                       
00003449  printf                        
000041dd  remove                        
00002245  scalbn                        
00002245  scalbnl                       
00002165  setvbuf                       
00003e59  unlink                        
000040fd  wcslen                        
00003f29  write                         


GLOBAL SYMBOLS: SORTED BY Symbol Address 

address   name                          
-------   ----                          
00000000  __TI_static_base__            
00000000  interruptVectors              
000000c1  __TI_printfi                  
00000200  __STACK_SIZE                  
00000200  __SYSMEM_SIZE                 
00000ec1  Clock_Init80MHz               
00001075  ST7735_DrawCharS              
00001215  __aeabi_dsub                  
00001215  __subdf3                      
0000121f  __adddf3                      
0000121f  __aeabi_dadd                  
000013a7  __aeabi_idiv0                 
000014e5  aligned_alloc                 
000014e5  memalign                      
00001759  ADC_Init                      
0000199d  ST7735_FillRect               
00001ab5  __aeabi_ddiv                  
00001ab5  __divdf3                      
00001bc1  free                          
00001cc1  SPI_Init                      
00001db9  fputs                         
00001eb1  UART_Init                     
00001f99  add_device                    
00002081  __aeabi_dmul                  
00002081  __muldf3                      
00002165  setvbuf                       
00002245  ldexp                         
00002245  ldexpl                        
00002245  scalbn                        
00002245  scalbnl                       
0000231d  ST7735_OutChar                
000023f1  ST7735_PlotPoint              
000024bd  main                          
00002581  ST7735_DrawFastVLine          
00002631  TimerG7_IntArm                
000026d9  open                          
00002823  __aeabi_ldiv0                 
00002825  __udivmoddi4                  
000028c7  _nop                          
000028c9  ST7735_InitPrintf             
00002965  ST7735_InitR                  
000029fd  TimerG12_IntArm               
00002a91  fputc                         
00002ba9  LaunchPad_Init                
00002c2d  ST7735_DrawString             
00002cb1  fopen                         
00002d35  __TI_closefile                
00002db1  ADCinit                       
00002e29  ST7735_PlotClear              
00002e9d  ST7735_DrawPixel              
00002f0d  __gedf2                       
00002f0d  __gtdf2                       
00002f7d  __cmpdf2                      
00002f7d  __eqdf2                       
00002f7d  __ledf2                       
00002f7d  __ltdf2                       
00002f7d  __nedf2                       
00002fed  fseeko                        
00003059  getdevice                     
000030c5  HOSTlseek                     
0000312d  HOSTrename                    
00003195  __TI_decompress_lzss          
00003263  __TI_wrt_ok                   
0000332d  __aeabi_dcmpeq                
00003341  __aeabi_dcmplt                
00003355  __aeabi_dcmple                
00003369  __aeabi_dcmpge                
0000337d  __aeabi_dcmpgt                
00003391  HOSTopen                      
000033ed  frexp                         
000033ed  frexpl                        
00003449  printf                        
000034a5  HOSTread                      
000034fd  HOSTwrite                     
00003555  TExaS_Init                    
000035ad  __TI_ltoa                     
0000365d  __aeabi_idiv                  
0000365d  __aeabi_idivmod               
000036b3  __TI_doflush                  
00003755  close                         
000037a5  TIMG12_IRQHandler             
000037f1  __aeabi_d2iz                  
000037f1  __fixdfsi                     
0000383d  HOSTclose                     
00003885  HOSTunlink                    
000038cd  SPI_OutCommand                
00003915  ST7735_PlotNextErase          
0000395d  ADCin                         
000039a1  atoi                          
000039e5  SPI_Reset                     
00003a25  TIMG7_IRQHandler              
00003a65  __aeabi_uidiv                 
00003a65  __aeabi_uidivmod              
00003aa5  __TI_auto_init_nobinit_nopinit
00003ae1  __muldsi3                     
00003b1d  ActivatePortA_B               
00003b55  SPI_OutData                   
00003b8d  finddevice                    
00003bc5  Clock_Delay1ms                
00003bf9  OutFix                        
00003c2d  ST7735_SetCursor              
00003c61  ST7735_write                  
00003c95  __TI_cleanup                  
00003cc9  __TI_readmsg                  
00003cfd  __TI_writemsg                 
00003d27  C$$IO$$                       
00003d31  exit                          
00003d65  freopen                       
00003d99  ST7735_Color565               
00003e2d  ST7735_FillScreen             
00003e59  unlink                        
00003e85  __aeabi_i2d                   
00003e85  __floatsidf                   
00003eb1  ADC_Start                     
00003f01  lseek                         
00003f29  write                         
00003f51  _c_int00_noargs               
00003f79  memccpy                       
00003f9d  __aeabi_lmul                  
00003f9d  __muldi3                      
00003fe1  __aeabi_llsl                  
00003fe1  __ashldi3                     
0000401d  __aeabi_memset                
0000401d  __aeabi_memset4               
0000401d  __aeabi_memset8               
0000402d  __aeabi_memclr                
0000402d  __aeabi_memclr4               
0000402d  __aeabi_memclr8               
00004039  Convert                       
00004051  ST7735_open                   
00004067  ST7735_read                   
00004091  __TI_zero_init_nomemset       
000040a5  __aeabi_uldivmod              
000040b9  TI_memcpy_small               
000040cb  __TI_decompress_none          
000040dd  Clock_Delay                   
000040ed  TExaS_LaunchPadLogicPB27PB26  
000040fd  wcslen                        
0000410d  ST7735_lseek                  
00004145  TI_memset_small               
00004155  Clock_Freq                    
00004161  ST7735_rename                 
0000416d  malloc                        
0000419f  PLL_Init                      
000041a9  ST7735_close                  
000041b3  ST7735_unlink                 
000041bd  __aeabi_errno_addr            
000041d5  fseek                         
000041dd  remove                        
000041e5  __aeabi_memcpy                
000041e5  __aeabi_memcpy4               
000041e5  __aeabi_memcpy8               
000041ed  ADC0_IRQHandler               
000041ed  ADC1_IRQHandler               
000041ed  AES_IRQHandler                
000041ed  CANFD0_IRQHandler             
000041ed  DAC0_IRQHandler               
000041ed  DMA_IRQHandler                
000041ed  Default_Handler               
000041ed  GROUP0_IRQHandler             
000041ed  GROUP1_IRQHandler             
000041ed  I2C0_IRQHandler               
000041ed  I2C1_IRQHandler               
000041ed  NMI_Handler                   
000041ed  PendSV_Handler                
000041ed  RTC_IRQHandler                
000041ed  SPI0_IRQHandler               
000041ed  SPI1_IRQHandler               
000041ed  SVC_Handler                   
000041ed  SysTick_Handler               
000041ed  TIMA0_IRQHandler              
000041ed  TIMA1_IRQHandler              
000041ed  TIMG0_IRQHandler              
000041ed  TIMG6_IRQHandler              
000041ed  TIMG8_IRQHandler              
000041ed  UART0_IRQHandler              
000041ed  UART1_IRQHandler              
000041ed  UART2_IRQHandler              
000041ed  UART3_IRQHandler              
000041f1  HardFault_Handler             
000041f5  Reset_Handler                 
000041f9  _system_pre_init              
000041fc  C$$EXIT                       
000041fd  abort                         
00004700  __aeabi_ctype_table_          
00004700  __aeabi_ctype_table_C         
00004974  __TI_Handler_Table_Base       
00004980  __TI_Handler_Table_Limit      
00004988  __TI_CINIT_Base               
00004998  __TI_CINIT_Limit              
00004998  __TI_CINIT_Warm               
20200000  __start___llvm_prf_bits       
20200000  __start___llvm_prf_cnts       
20200000  __stop___llvm_prf_bits        
20200000  __stop___llvm_prf_cnts        
20200000  _sys_memory                   
20200200  _CIOBUF_                      
20200200  __CIOBUF_                     
20200320  __TI_tmpnams                  
202003c0  parmbuf                       
202003cc  Data                          
202003d0  Flag                          
202003d4  Position                      
202003d8  TExaSLogic                    
202003dc  TExaSadc                      
202003e0  Time                          
202003e4  X                             
202003e8  Ymax                          
202003ec  Ymin                          
202003f0  Yrange                        
202003f8  _ftable                       
202004e8  _device                       
20200560  _stream                       
202005b0  __TI_cleanup_ptr              
202005b4  __TI_dtors_ptr                
202005b8  BusFreq                       
202005bc  StX                           
202005c0  StY                           
202005c4  __TI_ft_end                   
202005c8  __aeabi_errno                 
202005cc  _lock                         
202005d0  _unlock                       
202005d4  StTextColor                   
20207e00  __stack                       
20208000  __STACK_END                   
ffffffff  __TI_pprof_out_hndl           
ffffffff  __TI_prof_data_size           
ffffffff  __TI_prof_data_start          
ffffffff  __binit__                     
ffffffff  binit                         
UNDEFED   __mpu_init                    
UNDEFED   _system_post_cinit            

[232 symbols]
