******************************************************************************
            TI ARM Clang Linker PC v2.1.3                      
******************************************************************************
>> Linked Tue Nov 28 13:35:49 2023

OUTPUT FILE NAME:   <ECE319K_Lab9.out>
ENTRY POINT SYMBOL: "_c_int00_noargs"  address: 00009c15


MEMORY CONFIGURATION

         name            origin    length      used     unused   attr    fill
----------------------  --------  ---------  --------  --------  ----  --------
  FLASH                 00000000   00020000  00009ef8  00016108  R  X
  SRAM                  20200000   00008000  00001069  00006f97  RW X
  BCR_CONFIG            41c00000   00000080  00000000  00000080  R   
  BSL_CONFIG            41c00100   00000080  00000000  00000080  R   


SEGMENT ALLOCATION MAP

run origin  load origin   length   init length attrs members
----------  ----------- ---------- ----------- ----- -------
00000000    00000000    00009ef8   00009ef8    r-x
  00000000    00000000    000000c0   000000c0    r-- .intvecs
  000000c0    000000c0    00006d68   00006d68    r-- .rodata
  00006e28    00006e28    00003040   00003040    r-x .text
  00009e68    00009e68    00000090   00000090    r-- .cinit
20200000    20200000    00000e69   00000000    rw-
  20200000    20200000    00000a78   00000000    rw- .bss
  20200a78    20200a78    00000200   00000000    rw- .sysmem
  20200c78    20200c78    000001f1   00000000    rw- .data
20207e00    20207e00    00000200   00000000    rw-
  20207e00    20207e00    00000200   00000000    rw- .stack


SECTION ALLOCATION MAP

 output                                  attributes/
section   page    origin      length       input sections
--------  ----  ----------  ----------   ----------------
.intvecs   0    00000000    000000c0     
                  00000000    000000c0     startup_mspm0g3507_ticlang.o (.intvecs)

.text      0    00006e28    00003040     
                  00006e28    00000278     Lab9Main.o (.text.move)
                  000070a0    00000270     Lab9Main.o (.text.main)
                  00007310    0000021c     Lab9Main.o (.text.draw)
                  0000752c    00000210     ST7735.o (.text.ST7735_DrawBitmap)
                  0000773c    000001d8     Lab9Main.o (.text.firstup)
                  00007914    000001a0     ST7735.o (.text.ST7735_DrawCharS)
                  00007ab4    00000192     libclang_rt.builtins.a : adddf3.S.obj (.text)
                  00007c46    00000002     LED.o (.text.LED_Init)
                  00007c48    0000013c     libc.a : fopen.c.obj (.text._openfile)
                  00007d84    0000013c            : memory.c.obj (.text.aligned_alloc)
                  00007ec0    00000128     TExaS.o (.text.ADC_Init)
                  00007fe8    0000011c     Clock.o (.text.Clock_Init40MHz)
                  00008104    00000118     ST7735.o (.text.ST7735_FillRect)
                  0000821c    00000114     Lab9Main.o (.text.SpaceInvadersInit)
                  00008330    00000100     libc.a : memory.c.obj (.text.free)
                  00008430    000000f8     SPI.o (.text.SPI_Init)
                  00008528    000000e8     TExaS.o (.text.UART_Init)
                  00008610    000000e8     libsysbm.a : add_device.c.obj (.text.add_device)
                  000086f8    000000e0     libc.a : setvbuf.c.obj (.text.setvbuf)
                  000087d8    000000d4     ST7735.o (.text.ST7735_OutChar)
                  000088ac    000000a8     Timer.o (.text.TimerG7_IntArm)
                  00008954    000000a8     libsysbm.a : open.c.obj (.text.open)
                  000089fc    000000a2     ST7735.o (.text.commandList)
                  00008a9e    00000002     libclang_rt.builtins.a : aeabi_div0.c.obj (.text.__aeabi_idiv0)
                  00008aa0    0000009c     ST7735.o (.text.ST7735_InitPrintf)
                  00008b3c    00000098     ST7735.o (.text.ST7735_InitR)
                  00008bd4    00000094     Timer.o (.text.TimerG12_IntArm)
                  00008c68    00000088     Lab9Main.o (.text.TIMG12_IRQHandler)
                  00008cf0    00000088     ST7735.o (.text.setAddrWindow)
                  00008d78    00000084     LaunchPad.o (.text.LaunchPad_Init)
                  00008dfc    00000084     ST7735.o (.text.ST7735_DrawString)
                  00008e80    00000084     libc.a : fopen.c.obj (.text.fopen)
                  00008f04    0000007c            : fclose.c.obj (.text.__TI_closefile)
                  00008f80    00000078     ADC1.o (.text.ADCinit)
                  00008ff8    00000070     ST7735.o (.text.ST7735_DrawPixel)
                  00009068    0000006c     libc.a : getdevice.c.obj (.text.getdevice)
                  000090d4    00000068     libsysbm.a : hostlseek.c.obj (.text.HOSTlseek)
                  0000913c    00000068                : hostrename.c.obj (.text.HOSTrename)
                  000091a4    00000068     libc.a : copy_decompress_lzss.c.obj (.text:decompress:lzss)
                  0000920c    00000064            : memory.c.obj (.text.split)
                  00009270    0000005c     DAC5.o (.text.DAC5_Init)
                  000092cc    0000005c     libsysbm.a : hostopen.c.obj (.text.HOSTopen)
                  00009328    00000058                : hostread.c.obj (.text.HOSTread)
                  00009380    00000058                : hostwrite.c.obj (.text.HOSTwrite)
                  000093d8    00000058     Lab9Main.o (.text.ProcessInput)
                  00009430    00000058     TExaS.o (.text.TExaS_Init)
                  00009488    00000050     libc.a : fflush.c.obj (.text.__TI_doflush)
                  000094d8    00000050     libsysbm.a : close.c.obj (.text.close)
                  00009528    0000004a     libclang_rt.builtins.a : fixdfsi.S.obj (.text)
                  00009572    00000002     libc.a : _lock.c.obj (.text._nop)
                  00009574    00000048     libsysbm.a : hostclose.c.obj (.text.HOSTclose)
                  000095bc    00000048                : hostunlink.c.obj (.text.HOSTunlink)
                  00009604    00000048     SPI.o (.text.SPI_OutCommand)
                  0000964c    00000048     Sound.o (.text.SysTick_Handler)
                  00009694    00000044     ADC1.o (.text.ADCin)
                  000096d8    00000040     SPI.o (.text.SPI_Reset)
                  00009718    00000040     TExaS.o (.text.TIMG7_IRQHandler)
                  00009758    00000040     libclang_rt.builtins.a : aeabi_uidivmod.S.obj (.text)
                  00009798    0000003c     libc.a : autoinit.c.obj (.text:__TI_auto_init_nobinit_nopinit)
                  000097d4    00000038     LaunchPad.o (.text.ActivatePortA_B)
                  0000980c    00000038     SPI.o (.text.SPI_OutData)
                  00009844    00000038     Sound.o (.text.Sound_Killed)
                  0000987c    00000038     libc.a : getdevice.c.obj (.text.finddevice)
                  000098b4    00000034     Clock.o (.text.Clock_Delay1ms)
                  000098e8    00000034     Lab9Main.o (.text.Delay100ms)
                  0000991c    00000034     ST7735.o (.text.ST7735_SetCursor)
                  00009950    00000034     ST7735.o (.text.ST7735_write)
                  00009984    00000034     Sound.o (.text.Sound_Shoot)
                  000099b8    00000034     libc.a : fopen.c.obj (.text.__TI_cleanup)
                  000099ec    00000034     libsysbm.a : trgmsg.c.obj (.text.__TI_readmsg)
                  00009a20    00000034                : trgmsg.c.obj (.text.__TI_writemsg)
                  00009a54    00000034     libc.a : exit.c.obj (.text.exit)
                  00009a88    00000034            : fopen.c.obj (.text.freopen)
                  00009abc    00000030     ST7735.o (.text.commonInit)
                  00009aec    0000002c     ST7735.o (.text.ST7735_FillScreen)
                  00009b18    0000002c     UART2.o (.text.UART2_IRQHandler)
                  00009b44    0000002c     libsysbm.a : unlink.c.obj (.text.unlink)
                  00009b70    0000002c     libclang_rt.builtins.a : floatsidf.S.obj (.text)
                  00009b9c    00000028     TExaS.o (.text.ADC_Start)
                  00009bc4    00000028     libc.a : memory.c.obj (.text.free_list_insert)
                  00009bec    00000028     libsysbm.a : write.c.obj (.text.write)
                  00009c14    00000028     libc.a : boot_cortex_m.c.obj (.text:_c_int00_noargs)
                  00009c3c    00000026     ST7735.o (.text.ST7735_OutString)
                  00009c62    00000002     --HOLE-- [fill = 0]
                  00009c64    00000020     DAC5.o (.text.DAC5_Out)
                  00009c84    00000020     Sound.o (.text.Sound_Init)
                  00009ca4    00000020     Sound.o (.text.SysTick_IntArm)
                  00009cc4    0000001e     ST7735.o (.text.pushColor)
                  00009ce2    00000002     --HOLE-- [fill = 0]
                  00009ce4    0000001c     libc.a : memory.c.obj (.text.free_list_remove)
                  00009d00    0000001c     libclang_rt.builtins.a : aeabi_memset.S.obj (.text)
                  00009d1c    00000018     Switch.o (.text.Switch_Init)
                  00009d34    00000016     ST7735.o (.text.ST7735_open)
                  00009d4a    00000016     ST7735.o (.text.ST7735_read)
                  00009d60    00000014     Switch.o (.text.Switch_In)
                  00009d74    00000012     libc.a : memcpy16.S.obj (.text:TI_memcpy_small)
                  00009d86    00000012            : copy_decompress_none.c.obj (.text:decompress:none)
                  00009d98    00000010     Clock.o (.text.Clock_Delay)
                  00009da8    00000010     Lab9Main.o (.text.TExaS_LaunchPadLogicPB27PB26)
                  00009db8    00000010     libc.a : copy_zero_init.c.obj (.text:decompress:ZI)
                  00009dc8    0000000e     ST7735.o (.text.ST7735_lseek)
                  00009dd6    0000000e     libsysbm.a : hostrename.c.obj (.text.strcpy)
                  00009de4    0000000e                : hostrename.c.obj (.text.strlen)
                  00009df2    0000000e     libc.a : memset16.S.obj (.text:TI_memset_small)
                  00009e00    0000000c     Clock.o (.text.Clock_Freq)
                  00009e0c    0000000c     ST7735.o (.text.ST7735_rename)
                  00009e18    0000000c     libc.a : memory.c.obj (.text.malloc)
                  00009e24    0000000a     ST7735.o (.text.ST7735_close)
                  00009e2e    0000000a     ST7735.o (.text.ST7735_unlink)
                  00009e38    00000008     Lab9Main.o (.text.PLL_Init)
                  00009e40    00000008     libsysbm.a : remove.c.obj (.text.remove)
                  00009e48    00000008     libclang_rt.builtins.a : aeabi_memcpy.S.obj (.text)
                  00009e50    00000004     startup_mspm0g3507_ticlang.o (.text.Default_Handler)
                  00009e54    00000004     startup_mspm0g3507_ticlang.o (.text.HardFault_Handler)
                  00009e58    00000004     startup_mspm0g3507_ticlang.o (.text.Reset_Handler)
                  00009e5c    00000004     libc.a : pre_init.c.obj (.text._system_pre_init)
                  00009e60    00000004            : exit.c.obj (.text:abort)
                  00009e64    00000004     --HOLE-- [fill = 0]

.cinit     0    00009e68    00000090     
                  00009e68    00000067     (.cinit..data.load) [load image, compression = lzss]
                  00009ecf    00000001     --HOLE-- [fill = 0]
                  00009ed0    0000000c     (__TI_handler_table)
                  00009edc    00000008     (.cinit..bss.load) [load image, compression = zero_init]
                  00009ee4    00000010     (__TI_cinit_table)
                  00009ef4    00000004     --HOLE-- [fill = 0]

.rodata    0    000000c0    00006d68     
                  000000c0    00004400     Lab9Main.o (.rodata.marquee)
                  000044c0    00000ff0     Sound.o (.rodata.shoot)
                  000054b0    00000d31     Sound.o (.rodata.invaderkilled)
                  000061e1    000004fb     ST7735.o (.rodata.Font)
                  000066dc    00000149     Lab9Main.o (.rodata.str1.1)
                  00006825    00000001     --HOLE-- [fill = 0]
                  00006826    00000140     Lab9Main.o (.rodata.SmallEnemy10pointA)
                  00006966    00000140     Lab9Main.o (.rodata.SmallEnemy10pointBlank)
                  00006aa6    00000120     Lab9Main.o (.rodata.PlayerShip0)
                  00006bc6    00000120     Lab9Main.o (.rodata.PlayerShipblank)
                  00006ce6    00000048     Lab9Main.o (.rodata.Missile0)
                  00006d2e    00000048     Lab9Main.o (.rodata.Missile2)
                  00006d76    0000003b     ST7735.o (.rodata.Rcmd1)
                  00006db1    0000002e     ST7735.o (.rodata.str1.1)
                  00006ddf    0000002b     ST7735.o (.rodata.Rcmd3)
                  00006e0a    0000000d     ST7735.o (.rodata.Rcmd2green)
                  00006e17    0000000d     ST7735.o (.rodata.Rcmd2red)
                  00006e24    00000004     --HOLE-- [fill = 0]

.init_array 
*          0    00000000    00000000     UNINITIALIZED

.binit     0    00000000    00000000     

.bss       0    20200000    00000a78     UNINITIALIZED
                  20200000    00000640     (.common:PlayerMissiles)
                  20200640    00000120     libsysbm.a : trgmsg.c.obj (.bss:_CIOBUF_)
                  20200760    00000120     (.common:enemyLasers)
                  20200880    000000f0     (.common:enemy)
                  20200970    000000a0     (.common:__TI_tmpnams)
                  20200a10    0000001c     (.common:PlayerShip)
                  20200a2c    00000008     (.common:parmbuf)
                  20200a34    00000004     libc.a : memory.c.obj (.bss.sys_free)
                  20200a38    00000004     (.common:Data)
                  20200a3c    00000004     (.common:Flag)
                  20200a40    00000004     (.common:OldPosition)
                  20200a44    00000004     (.common:Position)
                  20200a48    00000004     (.common:SoundIndex)
                  20200a4c    00000004     (.common:SoundPt)
                  20200a50    00000004     (.common:SoundSize)
                  20200a54    00000004     (.common:TExaSLogic)
                  20200a58    00000004     (.common:TExaSadc)
                  20200a5c    00000004     (.common:count1)
                  20200a60    00000004     (.common:flag)
                  20200a64    00000004     (.common:x1)
                  20200a68    00000004     (.common:x2)
                  20200a6c    00000004     (.common:y1)
                  20200a70    00000004     (.common:y2)
                  20200a74    00000001     ST7735.o (.bss.ColStart)
                  20200a75    00000001     ST7735.o (.bss.RowStart)
                  20200a76    00000001     ST7735.o (.bss.TabColor)
                  20200a77    00000001     (.common:game)

.sysmem    0    20200a78    00000200     UNINITIALIZED
                  20200a78    00000010     libc.a : memory.c.obj (.sysmem)
                  20200a88    000001f0     --HOLE--

.data      0    20200c78    000001f1     UNINITIALIZED
                  20200c78    000000f0     libc.a : defs.c.obj (.data._ftable)
                  20200d68    00000078     libsysbm.a : host_device.c.obj (.data._device)
                  20200de0    00000050                : host_device.c.obj (.data._stream)
                  20200e30    00000008     libc.a : exit.c.obj (.data..L_MergedGlobals)
                  20200e38    00000004     Clock.o (.data.BusFreq)
                  20200e3c    00000004     Lab9Main.o (.data.Count)
                  20200e40    00000004     ST7735.o (.data.StX)
                  20200e44    00000004     ST7735.o (.data.StY)
                  20200e48    00000004     libc.a : defs.c.obj (.data.__TI_ft_end)
                  20200e4c    00000004            : _lock.c.obj (.data._lock)
                  20200e50    00000004            : _lock.c.obj (.data._unlock)
                  20200e54    00000002     ST7735.o (.data.StTextColor)
                  20200e56    00000002     ST7735.o (.data._height)
                  20200e58    00000002     ST7735.o (.data._width)
                  20200e5a    00000002     Lab9Main.o (.data.next)
                  20200e5c    00000001     libc.a : fopen.c.obj (.data._search_fp.init)
                  20200e5d    00000001     Lab9Main.o (.data.lives)
                  20200e5e    00000001     Lab9Main.o (.data.score)
                  20200e5f    00000001     --HOLE--
                  20200e60    00000001     libsysbm.a : add_device.c.obj (.data.add_device.device_init)
                  20200e61    00000003     --HOLE--
                  20200e64    00000001     libc.a : memory.c.obj (.data.memory_is_initialized)
                  20200e65    00000003     --HOLE--
                  20200e68    00000001     libsysbm.a : open.c.obj (.data.open.stream_init)

.stack     0    20207e00    00000200     UNINITIALIZED
                  20207e00    00000004     libc.a : boot_cortex_m.c.obj (.stack)
                  20207e04    000001fc     --HOLE--

__llvm_prf_cnts 
*          0    20200000    00000000     UNINITIALIZED

__llvm_prf_bits 
*          0    20200000    00000000     UNINITIALIZED

MODULE SUMMARY

       Module                         code    ro data   rw data
       ------                         ----    -------   -------
    .\
       Lab9Main.o                     2844    19097     2205   
       Sound.o                        244     7457      12     
       ST7735.o                       2640    1449      17     
       TExaS.o                        720     0         8      
       SPI.o                          440     0         0      
       Clock.o                        364     0         4      
       Timer.o                        316     0         0      
       ADC1.o                         188     0         0      
       LaunchPad.o                    188     0         0      
       DAC5.o                         124     0         0      
       Switch.o                       44      0         0      
       UART2.o                        44      0         0      
       LED.o                          2       0         0      
    +--+------------------------------+-------+---------+---------+
       Total:                         8158    28003     2246   
                                                               
    .\ticlang\
       startup_mspm0g3507_ticlang.o   12      192       0      
    +--+------------------------------+-------+---------+---------+
       Total:                         12      192       0      
                                                               
    C:\ti\ccs1240\ccs\tools\compiler\ti-cgt-armllvm_2.1.3.LTS\lib\armv6m-ti-none-eabi/c/libc.a
       memory.c.obj                   752     0         5      
       fopen.c.obj                    552     0         1      
       defs.c.obj                     0       0         404    
       setvbuf.c.obj                  224     0         0      
       getdevice.c.obj                164     0         0      
       fclose.c.obj                   124     0         0      
       copy_decompress_lzss.c.obj     104     0         0      
       fflush.c.obj                   80      0         0      
       exit.c.obj                     56      0         8      
       autoinit.c.obj                 60      0         0      
       boot_cortex_m.c.obj            40      0         0      
       copy_decompress_none.c.obj     18      0         0      
       memcpy16.S.obj                 18      0         0      
       copy_zero_init.c.obj           16      0         0      
       memset16.S.obj                 14      0         0      
       _lock.c.obj                    2       0         8      
       pre_init.c.obj                 4       0         0      
    +--+------------------------------+-------+---------+---------+
       Total:                         2228    0         426    
                                                               
    C:\ti\ccs1240\ccs\tools\compiler\ti-cgt-armllvm_2.1.3.LTS\lib\armv6m-ti-none-eabi/c/libsysbm.a
       trgmsg.c.obj                   104     0         288    
       add_device.c.obj               232     0         1      
       host_device.c.obj              0       0         200    
       open.c.obj                     168     0         1      
       hostrename.c.obj               132     0         0      
       hostlseek.c.obj                104     0         0      
       hostopen.c.obj                 92      0         8      
       hostread.c.obj                 88      0         0      
       hostwrite.c.obj                88      0         0      
       close.c.obj                    80      0         0      
       hostclose.c.obj                72      0         0      
       hostunlink.c.obj               72      0         0      
       unlink.c.obj                   44      0         0      
       write.c.obj                    40      0         0      
       remove.c.obj                   8       0         0      
    +--+------------------------------+-------+---------+---------+
       Total:                         1324    0         498    
                                                               
    C:\ti\ccs1240\ccs\tools\compiler\ti-cgt-armllvm_2.1.3.LTS\lib\clang/14.0.6/lib/armv6m-ti-none-eabi/libclang_rt.builtins.a
       adddf3.S.obj                   402     0         0      
       fixdfsi.S.obj                  74      0         0      
       aeabi_uidivmod.S.obj           64      0         0      
       floatsidf.S.obj                44      0         0      
       aeabi_memset.S.obj             28      0         0      
       aeabi_memcpy.S.obj             8       0         0      
       aeabi_div0.c.obj               2       0         0      
    +--+------------------------------+-------+---------+---------+
       Total:                         622     0         0      
                                                               
       Heap:                          0       0         512    
       Stack:                         0       0         512    
       Linker Generated:              0       139       0      
    +--+------------------------------+-------+---------+---------+
       Grand Total:                   12344   28334     4194   


LINKER GENERATED COPY TABLES

__TI_cinit_table @ 00009ee4 records: 2, size/record: 8, table size: 16
	.data: load addr=00009e68, load size=00000067 bytes, run addr=20200c78, run size=000001f1 bytes, compression=lzss
	.bss: load addr=00009edc, load size=00000008 bytes, run addr=20200000, run size=00000a78 bytes, compression=zero_init


LINKER GENERATED HANDLER TABLE

__TI_handler_table @ 00009ed0 records: 3, size/record: 4, table size: 12
	index: 0, handler: __TI_decompress_lzss
	index: 1, handler: __TI_decompress_none
	index: 2, handler: __TI_zero_init


GLOBAL SYMBOLS: SORTED ALPHABETICALLY BY Name 

address   name                          
-------   ----                          
00009e51  ADC0_IRQHandler               
00009e51  ADC1_IRQHandler               
00007ec1  ADC_Init                      
00009b9d  ADC_Start                     
00009695  ADCin                         
00008f81  ADCinit                       
00009e51  AES_IRQHandler                
000097d5  ActivatePortA_B               
20200e38  BusFreq                       
00009e60  C$$EXIT                       
00009a4b  C$$IO$$                       
00009e51  CANFD0_IRQHandler             
00009d99  Clock_Delay                   
000098b5  Clock_Delay1ms                
00009e01  Clock_Freq                    
00007fe9  Clock_Init40MHz               
20200e3c  Count                         
00009e51  DAC0_IRQHandler               
00009271  DAC5_Init                     
00009c65  DAC5_Out                      
00009e51  DMA_IRQHandler                
20200a38  Data                          
00009e51  Default_Handler               
000098e9  Delay100ms                    
20200a3c  Flag                          
00009e51  GROUP0_IRQHandler             
00009e51  GROUP1_IRQHandler             
00009575  HOSTclose                     
000090d5  HOSTlseek                     
000092cd  HOSTopen                      
00009329  HOSTread                      
0000913d  HOSTrename                    
000095bd  HOSTunlink                    
00009381  HOSTwrite                     
00009e55  HardFault_Handler             
00009e51  I2C0_IRQHandler               
00009e51  I2C1_IRQHandler               
00007c47  LED_Init                      
00008d79  LaunchPad_Init                
00006ce6  Missile0                      
00006d2e  Missile2                      
00009e51  NMI_Handler                   
20200a40  OldPosition                   
00009e39  PLL_Init                      
00009e51  PendSV_Handler                
20200000  PlayerMissiles                
20200a10  PlayerShip                    
00006aa6  PlayerShip0                   
00006bc6  PlayerShipblank               
20200a44  Position                      
000093d9  ProcessInput                  
00009e51  RTC_IRQHandler                
00009e59  Reset_Handler                 
00009e51  SPI0_IRQHandler               
00009e51  SPI1_IRQHandler               
00008431  SPI_Init                      
00009605  SPI_OutCommand                
0000980d  SPI_OutData                   
000096d9  SPI_Reset                     
0000752d  ST7735_DrawBitmap             
00007915  ST7735_DrawCharS              
00008ff9  ST7735_DrawPixel              
00008dfd  ST7735_DrawString             
00008105  ST7735_FillRect               
00009aed  ST7735_FillScreen             
00008aa1  ST7735_InitPrintf             
00008b3d  ST7735_InitR                  
000087d9  ST7735_OutChar                
00009c3d  ST7735_OutString              
0000991d  ST7735_SetCursor              
00009e25  ST7735_close                  
00009dc9  ST7735_lseek                  
00009d35  ST7735_open                   
00009d4b  ST7735_read                   
00009e0d  ST7735_rename                 
00009e2f  ST7735_unlink                 
00009951  ST7735_write                  
00009e51  SVC_Handler                   
00006826  SmallEnemy10pointA            
00006966  SmallEnemy10pointBlank        
20200a48  SoundIndex                    
20200a4c  SoundPt                       
20200a50  SoundSize                     
00009c85  Sound_Init                    
00009845  Sound_Killed                  
00009985  Sound_Shoot                   
0000821d  SpaceInvadersInit             
20200e54  StTextColor                   
20200e40  StX                           
20200e44  StY                           
00009d61  Switch_In                     
00009d1d  Switch_Init                   
0000964d  SysTick_Handler               
00009ca5  SysTick_IntArm                
20200a54  TExaSLogic                    
00009431  TExaS_Init                    
00009da9  TExaS_LaunchPadLogicPB27PB26  
20200a58  TExaSadc                      
00009e51  TIMA0_IRQHandler              
00009e51  TIMA1_IRQHandler              
00009e51  TIMG0_IRQHandler              
00008c69  TIMG12_IRQHandler             
00009e51  TIMG6_IRQHandler              
00009719  TIMG7_IRQHandler              
00009e51  TIMG8_IRQHandler              
00009d75  TI_memcpy_small               
00009df3  TI_memset_small               
00008bd5  TimerG12_IntArm               
000088ad  TimerG7_IntArm                
00009e51  UART0_IRQHandler              
00009e51  UART1_IRQHandler              
00009b19  UART2_IRQHandler              
00009e51  UART3_IRQHandler              
00008529  UART_Init                     
20200640  _CIOBUF_                      
20200640  __CIOBUF_                     
20208000  __STACK_END                   
00000200  __STACK_SIZE                  
00000200  __SYSMEM_SIZE                 
00009ee4  __TI_CINIT_Base               
00009ef4  __TI_CINIT_Limit              
00009ef4  __TI_CINIT_Warm               
00009ed0  __TI_Handler_Table_Base       
00009edc  __TI_Handler_Table_Limit      
00009799  __TI_auto_init_nobinit_nopinit
000099b9  __TI_cleanup                  
20200e30  __TI_cleanup_ptr              
00008f05  __TI_closefile                
000091a5  __TI_decompress_lzss          
00009d87  __TI_decompress_none          
00009489  __TI_doflush                  
20200e34  __TI_dtors_ptr                
20200e48  __TI_ft_end                   
ffffffff  __TI_pprof_out_hndl           
ffffffff  __TI_prof_data_size           
ffffffff  __TI_prof_data_start          
000099ed  __TI_readmsg                  
00000000  __TI_static_base__            
20200970  __TI_tmpnams                  
00009a21  __TI_writemsg                 
00009db9  __TI_zero_init                
00007abf  __adddf3                      
00009529  __aeabi_d2iz                  
00007abf  __aeabi_dadd                  
00007ab5  __aeabi_dsub                  
00009b71  __aeabi_i2d                   
00008a9f  __aeabi_idiv0                 
00009d11  __aeabi_memclr                
00009d11  __aeabi_memclr4               
00009d11  __aeabi_memclr8               
00009e49  __aeabi_memcpy                
00009e49  __aeabi_memcpy4               
00009e49  __aeabi_memcpy8               
00009d01  __aeabi_memset                
00009d01  __aeabi_memset4               
00009d01  __aeabi_memset8               
00009759  __aeabi_uidiv                 
00009759  __aeabi_uidivmod              
ffffffff  __binit__                     
00009529  __fixdfsi                     
00009b71  __floatsidf                   
UNDEFED   __mpu_init                    
20207e00  __stack                       
20200000  __start___llvm_prf_bits       
20200000  __start___llvm_prf_cnts       
20200000  __stop___llvm_prf_bits        
20200000  __stop___llvm_prf_cnts        
00007ab5  __subdf3                      
00009c15  _c_int00_noargs               
20200d68  _device                       
20200c78  _ftable                       
20200e4c  _lock                         
00009573  _nop                          
20200de0  _stream                       
20200a78  _sys_memory                   
UNDEFED   _system_post_cinit            
00009e5d  _system_pre_init              
20200e50  _unlock                       
00009e61  abort                         
00008611  add_device                    
00007d85  aligned_alloc                 
ffffffff  binit                         
000094d9  close                         
20200a5c  count1                        
00007311  draw                          
20200880  enemy                         
20200760  enemyLasers                   
00009a55  exit                          
0000987d  finddevice                    
0000773d  firstup                       
20200a60  flag                          
00008e81  fopen                         
00008331  free                          
00009a89  freopen                       
20200a77  game                          
00009069  getdevice                     
00000000  interruptVectors              
000054b0  invaderkilled                 
20200e5d  lives                         
000070a1  main                          
00009e19  malloc                        
000000c0  marquee                       
00007d85  memalign                      
00006e29  move                          
20200e5a  next                          
00008955  open                          
20200a2c  parmbuf                       
00009e41  remove                        
000086f9  setvbuf                       
000044c0  shoot                         
00009b45  unlink                        
00009bed  write                         
20200a64  x1                            
20200a68  x2                            
20200a6c  y1                            
20200a70  y2                            


GLOBAL SYMBOLS: SORTED BY Symbol Address 

address   name                          
-------   ----                          
00000000  __TI_static_base__            
00000000  interruptVectors              
000000c0  marquee                       
00000200  __STACK_SIZE                  
00000200  __SYSMEM_SIZE                 
000044c0  shoot                         
000054b0  invaderkilled                 
00006826  SmallEnemy10pointA            
00006966  SmallEnemy10pointBlank        
00006aa6  PlayerShip0                   
00006bc6  PlayerShipblank               
00006ce6  Missile0                      
00006d2e  Missile2                      
00006e29  move                          
000070a1  main                          
00007311  draw                          
0000752d  ST7735_DrawBitmap             
0000773d  firstup                       
00007915  ST7735_DrawCharS              
00007ab5  __aeabi_dsub                  
00007ab5  __subdf3                      
00007abf  __adddf3                      
00007abf  __aeabi_dadd                  
00007c47  LED_Init                      
00007d85  aligned_alloc                 
00007d85  memalign                      
00007ec1  ADC_Init                      
00007fe9  Clock_Init40MHz               
00008105  ST7735_FillRect               
0000821d  SpaceInvadersInit             
00008331  free                          
00008431  SPI_Init                      
00008529  UART_Init                     
00008611  add_device                    
000086f9  setvbuf                       
000087d9  ST7735_OutChar                
000088ad  TimerG7_IntArm                
00008955  open                          
00008a9f  __aeabi_idiv0                 
00008aa1  ST7735_InitPrintf             
00008b3d  ST7735_InitR                  
00008bd5  TimerG12_IntArm               
00008c69  TIMG12_IRQHandler             
00008d79  LaunchPad_Init                
00008dfd  ST7735_DrawString             
00008e81  fopen                         
00008f05  __TI_closefile                
00008f81  ADCinit                       
00008ff9  ST7735_DrawPixel              
00009069  getdevice                     
000090d5  HOSTlseek                     
0000913d  HOSTrename                    
000091a5  __TI_decompress_lzss          
00009271  DAC5_Init                     
000092cd  HOSTopen                      
00009329  HOSTread                      
00009381  HOSTwrite                     
000093d9  ProcessInput                  
00009431  TExaS_Init                    
00009489  __TI_doflush                  
000094d9  close                         
00009529  __aeabi_d2iz                  
00009529  __fixdfsi                     
00009573  _nop                          
00009575  HOSTclose                     
000095bd  HOSTunlink                    
00009605  SPI_OutCommand                
0000964d  SysTick_Handler               
00009695  ADCin                         
000096d9  SPI_Reset                     
00009719  TIMG7_IRQHandler              
00009759  __aeabi_uidiv                 
00009759  __aeabi_uidivmod              
00009799  __TI_auto_init_nobinit_nopinit
000097d5  ActivatePortA_B               
0000980d  SPI_OutData                   
00009845  Sound_Killed                  
0000987d  finddevice                    
000098b5  Clock_Delay1ms                
000098e9  Delay100ms                    
0000991d  ST7735_SetCursor              
00009951  ST7735_write                  
00009985  Sound_Shoot                   
000099b9  __TI_cleanup                  
000099ed  __TI_readmsg                  
00009a21  __TI_writemsg                 
00009a4b  C$$IO$$                       
00009a55  exit                          
00009a89  freopen                       
00009aed  ST7735_FillScreen             
00009b19  UART2_IRQHandler              
00009b45  unlink                        
00009b71  __aeabi_i2d                   
00009b71  __floatsidf                   
00009b9d  ADC_Start                     
00009bed  write                         
00009c15  _c_int00_noargs               
00009c3d  ST7735_OutString              
00009c65  DAC5_Out                      
00009c85  Sound_Init                    
00009ca5  SysTick_IntArm                
00009d01  __aeabi_memset                
00009d01  __aeabi_memset4               
00009d01  __aeabi_memset8               
00009d11  __aeabi_memclr                
00009d11  __aeabi_memclr4               
00009d11  __aeabi_memclr8               
00009d1d  Switch_Init                   
00009d35  ST7735_open                   
00009d4b  ST7735_read                   
00009d61  Switch_In                     
00009d75  TI_memcpy_small               
00009d87  __TI_decompress_none          
00009d99  Clock_Delay                   
00009da9  TExaS_LaunchPadLogicPB27PB26  
00009db9  __TI_zero_init                
00009dc9  ST7735_lseek                  
00009df3  TI_memset_small               
00009e01  Clock_Freq                    
00009e0d  ST7735_rename                 
00009e19  malloc                        
00009e25  ST7735_close                  
00009e2f  ST7735_unlink                 
00009e39  PLL_Init                      
00009e41  remove                        
00009e49  __aeabi_memcpy                
00009e49  __aeabi_memcpy4               
00009e49  __aeabi_memcpy8               
00009e51  ADC0_IRQHandler               
00009e51  ADC1_IRQHandler               
00009e51  AES_IRQHandler                
00009e51  CANFD0_IRQHandler             
00009e51  DAC0_IRQHandler               
00009e51  DMA_IRQHandler                
00009e51  Default_Handler               
00009e51  GROUP0_IRQHandler             
00009e51  GROUP1_IRQHandler             
00009e51  I2C0_IRQHandler               
00009e51  I2C1_IRQHandler               
00009e51  NMI_Handler                   
00009e51  PendSV_Handler                
00009e51  RTC_IRQHandler                
00009e51  SPI0_IRQHandler               
00009e51  SPI1_IRQHandler               
00009e51  SVC_Handler                   
00009e51  TIMA0_IRQHandler              
00009e51  TIMA1_IRQHandler              
00009e51  TIMG0_IRQHandler              
00009e51  TIMG6_IRQHandler              
00009e51  TIMG8_IRQHandler              
00009e51  UART0_IRQHandler              
00009e51  UART1_IRQHandler              
00009e51  UART3_IRQHandler              
00009e55  HardFault_Handler             
00009e59  Reset_Handler                 
00009e5d  _system_pre_init              
00009e60  C$$EXIT                       
00009e61  abort                         
00009ed0  __TI_Handler_Table_Base       
00009edc  __TI_Handler_Table_Limit      
00009ee4  __TI_CINIT_Base               
00009ef4  __TI_CINIT_Limit              
00009ef4  __TI_CINIT_Warm               
20200000  PlayerMissiles                
20200000  __start___llvm_prf_bits       
20200000  __start___llvm_prf_cnts       
20200000  __stop___llvm_prf_bits        
20200000  __stop___llvm_prf_cnts        
20200640  _CIOBUF_                      
20200640  __CIOBUF_                     
20200760  enemyLasers                   
20200880  enemy                         
20200970  __TI_tmpnams                  
20200a10  PlayerShip                    
20200a2c  parmbuf                       
20200a38  Data                          
20200a3c  Flag                          
20200a40  OldPosition                   
20200a44  Position                      
20200a48  SoundIndex                    
20200a4c  SoundPt                       
20200a50  SoundSize                     
20200a54  TExaSLogic                    
20200a58  TExaSadc                      
20200a5c  count1                        
20200a60  flag                          
20200a64  x1                            
20200a68  x2                            
20200a6c  y1                            
20200a70  y2                            
20200a77  game                          
20200a78  _sys_memory                   
20200c78  _ftable                       
20200d68  _device                       
20200de0  _stream                       
20200e30  __TI_cleanup_ptr              
20200e34  __TI_dtors_ptr                
20200e38  BusFreq                       
20200e3c  Count                         
20200e40  StX                           
20200e44  StY                           
20200e48  __TI_ft_end                   
20200e4c  _lock                         
20200e50  _unlock                       
20200e54  StTextColor                   
20200e5a  next                          
20200e5d  lives                         
20207e00  __stack                       
20208000  __STACK_END                   
ffffffff  __TI_pprof_out_hndl           
ffffffff  __TI_prof_data_size           
ffffffff  __TI_prof_data_start          
ffffffff  __binit__                     
ffffffff  binit                         
UNDEFED   __mpu_init                    
UNDEFED   _system_post_cinit            

[216 symbols]
