******************************************************************************
            TI ARM Clang Linker PC v2.1.3                      
******************************************************************************
>> Linked Mon Nov  6 15:51:32 2023

OUTPUT FILE NAME:   <ECE319K_Lab1.out>
ENTRY POINT SYMBOL: "_c_int00_noargs"  address: 00001221


MEMORY CONFIGURATION

         name            origin    length      used     unused   attr    fill
----------------------  --------  ---------  --------  --------  ----  --------
  FLASH                 00000000   00020000  000018a0  0001e760  R  X
  SRAM                  20200000   00008000  00000595  00007a6b  RW X
  BCR_CONFIG            41c00000   00000080  00000000  00000080  R   
  BSL_CONFIG            41c00100   00000080  00000000  00000080  R   


SEGMENT ALLOCATION MAP

run origin  load origin   length   init length attrs members
----------  ----------- ---------- ----------- ----- -------
00000000    00000000    000018a0   000018a0    r-x
  00000000    00000000    000000c0   000000c0    r-- .intvecs
  000000c0    000000c0    000012b0   000012b0    r-x .text
  00001370    00001370    00000500   00000500    r-- .rodata
  00001870    00001870    00000030   00000030    r-- .cinit
20200000    20200000    00000398   00000000    rw-
  20200000    20200000    00000200   00000000    rw- .sysmem
  20200200    20200200    00000191   00000000    rw- .bss
  20200394    20200394    00000004   00000000    rw- .data
20207e00    20207e00    00000200   00000000    rw-
  20207e00    20207e00    00000200   00000000    rw- .stack


SECTION ALLOCATION MAP

 output                                  attributes/
section   page    origin      length       input sections
--------  ----  ----------  ----------   ----------------
.intvecs   0    00000000    000000c0     
                  00000000    000000c0     startup_mspm0g3507_ticlang.o (.intvecs)

.text      0    000000c0    000012b0     
                  000000c0    000004fc     ECE319K_Lab1main.o (.text.Run)
                  000005bc    00000264     ECE319K_Lab1main.o (.text.main)
                  00000820    0000011c     Clock.o (.text.Clock_Init40MHz)
                  0000093c    000000f4     ECE319K_Lab1main.o (.text.BuildEID)
                  00000a30    000000ec     ECE319K_Lab1main.o (.text.OptFill2)
                  00000b1c    000000e8     ECE319K_Lab1main.o (.text.OptFill6)
                  00000c04    000000e8     UARTbusywait.o (.text.UART_Init)
                  00000cec    000000d0     ECE319K_Lab1main.o (.text.OptFill1)
                  00000dbc    000000a4     ECE319K_Lab1main.o (.text.Show)
                  00000e60    00000098     ECE319K_Lab1main.o (.text.OptFill3)
                  00000ef8    00000098     ECE319K_Lab1main.o (.text.OptFill4)
                  00000f90    00000084     LaunchPad.o (.text.LaunchPad_Init)
                  00001014    00000068     libc.a : copy_decompress_lzss.c.obj (.text:decompress:lzss)
                  0000107c    00000060     ECE319K_Lab1.o (.text)
                  000010dc    00000040     libclang_rt.builtins.a : aeabi_uidivmod.S.obj (.text)
                  0000111c    0000003c     libc.a : autoinit.c.obj (.text:__TI_auto_init_nobinit_nopinit)
                  00001158    00000038     LaunchPad.o (.text.ActivatePortA_B)
                  00001190    00000036     UART.o (.text.UART_OutUDec)
                  000011c6    00000002     libclang_rt.builtins.a : aeabi_div0.c.obj (.text.__aeabi_idiv0)
                  000011c8    0000002c     ECE319K_Lab1main.o (.text.OptFill5)
                  000011f4    0000002c     UARTbusywait.o (.text.UART_OutChar)
                  00001220    00000028     libc.a : boot_cortex_m.c.obj (.text:_c_int00_noargs)
                  00001248    00000026     UART.o (.text.UART_OutSDec)
                  0000126e    00000026     UART.o (.text.UART_OutString)
                  00001294    00000020     ECE319K_Lab1main.o (.text.Random32)
                  000012b4    00000018     ECE319K_Lab1main.o (.text.Random)
                  000012cc    00000016     libc.a : strcmp.c.obj (.text.strcmp)
                  000012e2    00000014            : copy_zero_init.c.obj (.text:decompress:ZI:__TI_zero_init_nomemset)
                  000012f6    00000012            : memcpy16.S.obj (.text:TI_memcpy_small)
                  00001308    00000012            : copy_decompress_none.c.obj (.text:decompress:none)
                  0000131a    00000010     Clock.o (.text.Clock_Delay)
                  0000132a    00000002     --HOLE-- [fill = 0]
                  0000132c    00000010     ECE319K_Lab1main.o (.text.EndLab1)
                  0000133c    0000000e     libc.a : strcpy.c.obj (.text.strcpy)
                  0000134a    00000002     --HOLE-- [fill = 0]
                  0000134c    0000000c     Clock.o (.text.Clock_Freq)
                  00001358    00000008     libclang_rt.builtins.a : aeabi_memcpy.S.obj (.text)
                  00001360    00000004     startup_mspm0g3507_ticlang.o (.text.Default_Handler)
                  00001364    00000004     startup_mspm0g3507_ticlang.o (.text.Reset_Handler)
                  00001368    00000004     libc.a : pre_init.c.obj (.text._system_pre_init)
                  0000136c    00000004            : exit.c.obj (.text:abort)

.cinit     0    00001870    00000030     
                  00001870    0000000c     (__TI_handler_table)
                  0000187c    00000008     (.cinit..bss.load) [load image, compression = zero_init]
                  00001884    00000008     (.cinit..data.load) [load image, compression = lzss]
                  0000188c    00000010     (__TI_cinit_table)
                  0000189c    00000004     --HOLE-- [fill = 0]

.rodata    0    00001370    00000500     
                  00001370    000002ae     ECE319K_Lab1main.o (.rodata.str1.1)
                  0000161e    00000070     ECE319K_Lab1main.o (.rodata.Opt1)
                  0000168e    00000070     ECE319K_Lab1main.o (.rodata.Opt2)
                  000016fe    0000006e     ECE319K_Lab1main.o (.rodata.Opt6)
                  0000176c    00000057     ECE319K_Lab1main.o (.rodata.Opt3)
                  000017c3    00000057     ECE319K_Lab1main.o (.rodata.Opt5)
                  0000181a    00000056     ECE319K_Lab1main.o (.rodata.Opt4)

.init_array 
*          0    00000000    00000000     UNINITIALIZED

.binit     0    00000000    00000000     

.sysmem    0    20200000    00000200     UNINITIALIZED
                  20200000    00000010     libc.a : memory.c.obj (.sysmem)
                  20200010    000001f0     --HOLE--

.bss       0    20200200    00000191     UNINITIALIZED
                  20200200    000000c8     (.common:EIDs)
                  202002c8    00000050     (.common:List)
                  20200318    00000020     (.common:Correct)
                  20200338    00000014     (.common:student)
                  2020034c    00000014     (.common:student1)
                  20200360    00000014     (.common:student2)
                  20200374    00000004     (.common:Dummy)
                  20200378    00000004     (.common:IndexAtNumber)
                  2020037c    00000004     (.common:M)
                  20200380    00000004     (.common:Option)
                  20200384    00000004     (.common:Score)
                  20200388    00000004     (.common:SizeofEID)
                  2020038c    00000004     (.common:YourAns)
                  20200390    00000001     (.common:SecondLetter)

.data      0    20200394    00000004     UNINITIALIZED
                  20200394    00000004     Clock.o (.data.BusFreq)

.stack     0    20207e00    00000200     UNINITIALIZED
                  20207e00    00000004     libc.a : boot_cortex_m.c.obj (.stack)
                  20207e04    000001fc     --HOLE--

__llvm_prf_cnts 
*          0    20200000    00000000     UNINITIALIZED

__llvm_prf_bits 
*          0    20200000    00000000     UNINITIALIZED

MODULE SUMMARY

       Module                         code   ro data   rw data
       ------                         ----   -------   -------
    .\
       ECE319K_Lab1main.o             3392   1280      401    
       Clock.o                        312    0         4      
       UARTbusywait.o                 276    0         0      
       LaunchPad.o                    188    0         0      
       UART.o                         130    0         0      
       ECE319K_Lab1.o                 96     0         0      
    +--+------------------------------+------+---------+---------+
       Total:                         4394   1280      405    
                                                              
    .\ticlang\
       startup_mspm0g3507_ticlang.o   8      192       0      
    +--+------------------------------+------+---------+---------+
       Total:                         8      192       0      
                                                              
    C:\ti\ccs1240\ccs\tools\compiler\ti-cgt-armllvm_2.1.3.LTS\lib\armv6m-ti-none-eabi/c/libc.a
       copy_decompress_lzss.c.obj     104    0         0      
       autoinit.c.obj                 60     0         0      
       boot_cortex_m.c.obj            40     0         0      
       strcmp.c.obj                   22     0         0      
       copy_zero_init.c.obj           20     0         0      
       copy_decompress_none.c.obj     18     0         0      
       memcpy16.S.obj                 18     0         0      
       strcpy.c.obj                   14     0         0      
       exit.c.obj                     4      0         0      
       pre_init.c.obj                 4      0         0      
    +--+------------------------------+------+---------+---------+
       Total:                         304    0         0      
                                                              
    C:\ti\ccs1240\ccs\tools\compiler\ti-cgt-armllvm_2.1.3.LTS\lib\clang/14.0.6/lib/armv6m-ti-none-eabi/libclang_rt.builtins.a
       aeabi_uidivmod.S.obj           64     0         0      
       aeabi_memcpy.S.obj             8      0         0      
       aeabi_div0.c.obj               2      0         0      
    +--+------------------------------+------+---------+---------+
       Total:                         74     0         0      
                                                              
       Heap:                          0      0         512    
       Stack:                         0      0         512    
       Linker Generated:              0      44        0      
    +--+------------------------------+------+---------+---------+
       Grand Total:                   4780   1516      1429   


LINKER GENERATED COPY TABLES

__TI_cinit_table @ 0000188c records: 2, size/record: 8, table size: 16
	.bss: load addr=0000187c, load size=00000008 bytes, run addr=20200200, run size=00000191 bytes, compression=zero_init
	.data: load addr=00001884, load size=00000008 bytes, run addr=20200394, run size=00000004 bytes, compression=lzss


LINKER GENERATED HANDLER TABLE

__TI_handler_table @ 00001870 records: 3, size/record: 4, table size: 12
	index: 0, handler: __TI_decompress_lzss
	index: 1, handler: __TI_decompress_none
	index: 2, handler: __TI_zero_init


GLOBAL SYMBOLS: SORTED ALPHABETICALLY BY Name 

address   name                          
-------   ----                          
00001361  ADC0_IRQHandler               
00001361  ADC1_IRQHandler               
00001361  AES_IRQHandler                
00001159  ActivatePortA_B               
0000093d  BuildEID                      
20200394  BusFreq                       
0000136c  C$$EXIT                       
00001361  CANFD0_IRQHandler             
0000131b  Clock_Delay                   
0000134d  Clock_Freq                    
00000821  Clock_Init40MHz               
20200318  Correct                       
00001361  DAC0_IRQHandler               
00001361  DMA_IRQHandler                
00001361  Default_Handler               
20200374  Dummy                         
0000107c  EID                           
20200200  EIDs                          
0000132d  EndLab1                       
00001361  GROUP0_IRQHandler             
00001361  GROUP1_IRQHandler             
00001361  HardFault_Handler             
00001361  I2C0_IRQHandler               
00001361  I2C1_IRQHandler               
20200378  IndexAtNumber                 
00001088  Lab1                          
00000f91  LaunchPad_Init                
202002c8  List                          
2020037c  M                             
00001361  NMI_Handler                   
0000161e  Opt1                          
0000168e  Opt2                          
0000176c  Opt3                          
0000181a  Opt4                          
000017c3  Opt5                          
000016fe  Opt6                          
00000ced  OptFill1                      
00000a31  OptFill2                      
00000e61  OptFill3                      
00000ef9  OptFill4                      
000011c9  OptFill5                      
00000b1d  OptFill6                      
20200380  Option                        
00001361  PendSV_Handler                
00001084  Phase                         
00001361  RTC_IRQHandler                
000012b5  Random                        
00001295  Random32                      
00001365  Reset_Handler                 
000000c1  Run                           
00001361  SPI0_IRQHandler               
00001361  SPI1_IRQHandler               
00001361  SVC_Handler                   
20200384  Score                         
20200390  SecondLetter                  
00000dbd  Show                          
20200388  SizeofEID                     
00001361  SysTick_Handler               
00001361  TIMA0_IRQHandler              
00001361  TIMA1_IRQHandler              
00001361  TIMG0_IRQHandler              
00001361  TIMG12_IRQHandler             
00001361  TIMG6_IRQHandler              
00001361  TIMG7_IRQHandler              
00001361  TIMG8_IRQHandler              
000012f7  TI_memcpy_small               
00001361  UART0_IRQHandler              
00001361  UART1_IRQHandler              
00001361  UART2_IRQHandler              
00001361  UART3_IRQHandler              
00000c05  UART_Init                     
000011f5  UART_OutChar                  
00001249  UART_OutSDec                  
0000126f  UART_OutString                
00001191  UART_OutUDec                  
2020038c  YourAns                       
20208000  __STACK_END                   
00000200  __STACK_SIZE                  
00000200  __SYSMEM_SIZE                 
0000188c  __TI_CINIT_Base               
0000189c  __TI_CINIT_Limit              
0000189c  __TI_CINIT_Warm               
00001870  __TI_Handler_Table_Base       
0000187c  __TI_Handler_Table_Limit      
0000111d  __TI_auto_init_nobinit_nopinit
00001015  __TI_decompress_lzss          
00001309  __TI_decompress_none          
ffffffff  __TI_pprof_out_hndl           
ffffffff  __TI_prof_data_size           
ffffffff  __TI_prof_data_start          
00000000  __TI_static_base__            
000012e3  __TI_zero_init_nomemset       
000011c7  __aeabi_idiv0                 
00001359  __aeabi_memcpy                
00001359  __aeabi_memcpy4               
00001359  __aeabi_memcpy8               
000010dd  __aeabi_uidiv                 
000010dd  __aeabi_uidivmod              
ffffffff  __binit__                     
UNDEFED   __mpu_init                    
20207e00  __stack                       
20200000  __start___llvm_prf_bits       
20200000  __start___llvm_prf_cnts       
20200000  __stop___llvm_prf_bits        
20200000  __stop___llvm_prf_cnts        
00001221  _c_int00_noargs               
20200000  _sys_memory                   
UNDEFED   _system_post_cinit            
00001369  _system_pre_init              
0000136d  abort                         
ffffffff  binit                         
00000000  interruptVectors              
000005bd  main                          
000012cd  strcmp                        
0000133d  strcpy                        
20200338  student                       
2020034c  student1                      
20200360  student2                      


GLOBAL SYMBOLS: SORTED BY Symbol Address 

address   name                          
-------   ----                          
00000000  __TI_static_base__            
00000000  interruptVectors              
000000c1  Run                           
00000200  __STACK_SIZE                  
00000200  __SYSMEM_SIZE                 
000005bd  main                          
00000821  Clock_Init40MHz               
0000093d  BuildEID                      
00000a31  OptFill2                      
00000b1d  OptFill6                      
00000c05  UART_Init                     
00000ced  OptFill1                      
00000dbd  Show                          
00000e61  OptFill3                      
00000ef9  OptFill4                      
00000f91  LaunchPad_Init                
00001015  __TI_decompress_lzss          
0000107c  EID                           
00001084  Phase                         
00001088  Lab1                          
000010dd  __aeabi_uidiv                 
000010dd  __aeabi_uidivmod              
0000111d  __TI_auto_init_nobinit_nopinit
00001159  ActivatePortA_B               
00001191  UART_OutUDec                  
000011c7  __aeabi_idiv0                 
000011c9  OptFill5                      
000011f5  UART_OutChar                  
00001221  _c_int00_noargs               
00001249  UART_OutSDec                  
0000126f  UART_OutString                
00001295  Random32                      
000012b5  Random                        
000012cd  strcmp                        
000012e3  __TI_zero_init_nomemset       
000012f7  TI_memcpy_small               
00001309  __TI_decompress_none          
0000131b  Clock_Delay                   
0000132d  EndLab1                       
0000133d  strcpy                        
0000134d  Clock_Freq                    
00001359  __aeabi_memcpy                
00001359  __aeabi_memcpy4               
00001359  __aeabi_memcpy8               
00001361  ADC0_IRQHandler               
00001361  ADC1_IRQHandler               
00001361  AES_IRQHandler                
00001361  CANFD0_IRQHandler             
00001361  DAC0_IRQHandler               
00001361  DMA_IRQHandler                
00001361  Default_Handler               
00001361  GROUP0_IRQHandler             
00001361  GROUP1_IRQHandler             
00001361  HardFault_Handler             
00001361  I2C0_IRQHandler               
00001361  I2C1_IRQHandler               
00001361  NMI_Handler                   
00001361  PendSV_Handler                
00001361  RTC_IRQHandler                
00001361  SPI0_IRQHandler               
00001361  SPI1_IRQHandler               
00001361  SVC_Handler                   
00001361  SysTick_Handler               
00001361  TIMA0_IRQHandler              
00001361  TIMA1_IRQHandler              
00001361  TIMG0_IRQHandler              
00001361  TIMG12_IRQHandler             
00001361  TIMG6_IRQHandler              
00001361  TIMG7_IRQHandler              
00001361  TIMG8_IRQHandler              
00001361  UART0_IRQHandler              
00001361  UART1_IRQHandler              
00001361  UART2_IRQHandler              
00001361  UART3_IRQHandler              
00001365  Reset_Handler                 
00001369  _system_pre_init              
0000136c  C$$EXIT                       
0000136d  abort                         
0000161e  Opt1                          
0000168e  Opt2                          
000016fe  Opt6                          
0000176c  Opt3                          
000017c3  Opt5                          
0000181a  Opt4                          
00001870  __TI_Handler_Table_Base       
0000187c  __TI_Handler_Table_Limit      
0000188c  __TI_CINIT_Base               
0000189c  __TI_CINIT_Limit              
0000189c  __TI_CINIT_Warm               
20200000  __start___llvm_prf_bits       
20200000  __start___llvm_prf_cnts       
20200000  __stop___llvm_prf_bits        
20200000  __stop___llvm_prf_cnts        
20200000  _sys_memory                   
20200200  EIDs                          
202002c8  List                          
20200318  Correct                       
20200338  student                       
2020034c  student1                      
20200360  student2                      
20200374  Dummy                         
20200378  IndexAtNumber                 
2020037c  M                             
20200380  Option                        
20200384  Score                         
20200388  SizeofEID                     
2020038c  YourAns                       
20200390  SecondLetter                  
20200394  BusFreq                       
20207e00  __stack                       
20208000  __STACK_END                   
ffffffff  __TI_pprof_out_hndl           
ffffffff  __TI_prof_data_size           
ffffffff  __TI_prof_data_start          
ffffffff  __binit__                     
ffffffff  binit                         
UNDEFED   __mpu_init                    
UNDEFED   _system_post_cinit            

[118 symbols]
