******************************************************************************
            TI ARM Clang Linker PC v2.1.3                      
******************************************************************************
>> Linked Mon Oct  2 16:28:23 2023

OUTPUT FILE NAME:   <ECE319K_Lab4.out>
ENTRY POINT SYMBOL: "_c_int00_noargs"  address: 00000e91


MEMORY CONFIGURATION

         name            origin    length      used     unused   attr    fill
----------------------  --------  ---------  --------  --------  ----  --------
  FLASH                 00000000   00020000  00001418  0001ebe8  R  X
  SRAM                  20200000   00008000  0000060c  000079f4  RW X
  BCR_CONFIG            41c00000   00000080  00000000  00000080  R   
  BSL_CONFIG            41c00100   00000080  00000000  00000080  R   


SEGMENT ALLOCATION MAP

run origin  load origin   length   init length attrs members
----------  ----------- ---------- ----------- ----- -------
00000000    00000000    00001418   00001418    r-x
  00000000    00000000    000000c0   000000c0    r-- .intvecs
  000000c0    000000c0    00000f38   00000f38    r-x .text
  00000ff8    00000ff8    000003f0   000003f0    r-- .rodata
  000013e8    000013e8    00000030   00000030    r-- .cinit
20200000    20200000    0000040c   00000000    rw-
  20200000    20200000    00000200   00000000    rw- .sysmem
  20200200    20200200    000001ec   00000000    rw- .bss
  202003ec    202003ec    00000020   00000000    rw- .data
20207e00    20207e00    00000200   00000000    rw-
  20207e00    20207e00    00000200   00000000    rw- .stack


SECTION ALLOCATION MAP

 output                                  attributes/
section   page    origin      length       input sections
--------  ----  ----------  ----------   ----------------
.intvecs   0    00000000    000000c0     
                  00000000    000000c0     startup_mspm0g3507_ticlang.o (.intvecs)

.text      0    000000c0    00000f38     
                  000000c0    000002f8     ECE319K_Lab4Grader.o (.text.TIMG7_IRQHandler)
                  000003b8    000001b4     Clock.o (.text.Clock_Init80MHz)
                  0000056c    00000130     UARTints.o (.text.UART_Init)
                  0000069c    00000104     ECE319K_Lab4main.o (.text.main)
                  000007a0    00000094     ECE319K_Lab4main.o (.text.Traffic_Init)
                  00000834    00000084     LaunchPad.o (.text.LaunchPad_Init)
                  000008b8    0000007c     ECE319K_Lab4Grader.o (.text.ReadSensor)
                  00000934    00000068     libc.a : copy_decompress_lzss.c.obj (.text:decompress:lzss)
                  0000099c    00000064     ECE319K_Lab4Grader.o (.text.GetState)
                  00000a00    00000060     Timer.o (.text.TimerG12_Init)
                  00000a60    0000005c     ECE319K_Lab4Grader.o (.text.ReadSouth)
                  00000abc    0000005c     UARTints.o (.text.UART0_IRQHandler)
                  00000b18    00000058     UARTints.o (.text.copyHardwareToSoftware)
                  00000b70    00000050     Dump.o (.text.Debug_Dump)
                  00000bc0    0000004c     ECE319K_Lab4Grader.o (.text.ReadWest)
                  00000c0c    0000004c     FIFO.o (.text.RxFifo_Put)
                  00000c58    0000004c     FIFO.o (.text.TxFifo_Get)
                  00000ca4    0000004c     FIFO.o (.text.TxFifo_Put)
                  00000cf0    0000004c     UARTints.o (.text.copySoftwareToHardware)
                  00000d3c    00000040     UARTints.o (.text.UART_OutChar)
                  00000d7c    00000040     libclang_rt.builtins.a : aeabi_uidivmod.S.obj (.text)
                  00000dbc    0000003c     libc.a : autoinit.c.obj (.text:__TI_auto_init_nobinit_nopinit)
                  00000df8    00000038     LaunchPad.o (.text.ActivatePortA_B)
                  00000e30    00000036     UART.o (.text.UART_OutUDec)
                  00000e66    00000002     libclang_rt.builtins.a : aeabi_div0.c.obj (.text.__aeabi_idiv0)
                  00000e68    00000028     ECE319K_Lab4Grader.o (.text.ReadWalk)
                  00000e90    00000028     libc.a : boot_cortex_m.c.obj (.text:_c_int00_noargs)
                  00000eb8    00000026     UART.o (.text.UART_OutString)
                  00000ede    00000002     --HOLE-- [fill = 0]
                  00000ee0    00000020     ECE319K_Lab4main.o (.text.Traffic_Out)
                  00000f00    00000018     FIFO.o (.text.RxFifo_Size)
                  00000f18    00000018     FIFO.o (.text.TxFifo_Size)
                  00000f30    00000014     Dump.o (.text.Debug_Init)
                  00000f44    00000014     FIFO.o (.text.RxFifo_Init)
                  00000f58    00000014     FIFO.o (.text.TxFifo_Init)
                  00000f6c    00000014     libc.a : copy_zero_init.c.obj (.text:decompress:ZI:__TI_zero_init_nomemset)
                  00000f80    00000012            : memcpy16.S.obj (.text:TI_memcpy_small)
                  00000f92    00000012            : copy_decompress_none.c.obj (.text:decompress:none)
                  00000fa4    00000010     Clock.o (.text.Clock_Delay)
                  00000fb4    00000010     ECE319K_Lab4Grader.o (.text.OutCRLF)
                  00000fc4    0000000c     Clock.o (.text.Clock_Freq)
                  00000fd0    0000000c     LaunchPad.o (.text.LaunchPad_LED1off)
                  00000fdc    00000008     libclang_rt.builtins.a : aeabi_memcpy.S.obj (.text)
                  00000fe4    00000004     startup_mspm0g3507_ticlang.o (.text.Default_Handler)
                  00000fe8    00000004     startup_mspm0g3507_ticlang.o (.text.Reset_Handler)
                  00000fec    00000004     libc.a : pre_init.c.obj (.text._system_pre_init)
                  00000ff0    00000004            : exit.c.obj (.text:abort)
                  00000ff4    00000004     --HOLE-- [fill = 0]

.cinit     0    000013e8    00000030     
                  000013e8    0000000c     (.cinit..data.load) [load image, compression = lzss]
                  000013f4    0000000c     (__TI_handler_table)
                  00001400    00000008     (.cinit..bss.load) [load image, compression = zero_init]
                  00001408    00000010     (__TI_cinit_table)

.rodata    0    00000ff8    000003f0     
                  00000ff8    0000024c     ECE319K_Lab4Grader.o (.rodata.str1.1)
                  00001244    000000c4     ECE319K_Lab4Grader.o (.rodata.pat)
                  00001308    0000009a     ECE319K_Lab4main.o (.rodata.str1.1)
                  000013a2    00000002     --HOLE-- [fill = 0]
                  000013a4    0000001c     ECE319K_Lab4Grader.o (.rodata.validPatterns)
                  000013c0    00000018     ECE319K_Lab4Grader.o (.rodata.Patterns)
                  000013d8    00000008     ECE319K_Lab4main.o (.rodata.EID1)
                  000013e0    00000007     ECE319K_Lab4main.o (.rodata.EID2)
                  000013e7    00000001     --HOLE-- [fill = 0]

.init_array 
*          0    00000000    00000000     UNINITIALIZED

.binit     0    00000000    00000000     

.sysmem    0    20200000    00000200     UNINITIALIZED
                  20200000    00000010     libc.a : memory.c.obj (.sysmem)
                  20200010    000001f0     --HOLE--

.bss       0    20200200    000001ec     UNINITIALIZED
                  20200200    000000c8     (.common:DataBuffer)
                  202002c8    000000c8     (.common:TimeBuffer)
                  20200390    00000010     FIFO.o (.bss.RxFifo)
                  202003a0    00000010     FIFO.o (.bss.TxFifo)
                  202003b0    00000004     (.common:DebugCnt)
                  202003b4    00000004     (.common:LastIn)
                  202003b8    00000004     (.common:LastOut)
                  202003bc    00000004     (.common:LastState)
                  202003c0    00000004     (.common:LookingFlag)
                  202003c4    00000004     (.common:LookingFor)
                  202003c8    00000004     (.common:NeedState)
                  202003cc    00000004     (.common:RxGetI)
                  202003d0    00000004     (.common:RxPutI)
                  202003d4    00000004     (.common:TxGetI)
                  202003d8    00000004     (.common:TxPutI)
                  202003dc    00000004     (.common:WrongState)
                  202003e0    00000004     (.common:in)
                  202003e4    00000004     (.common:out)
                  202003e8    00000004     (.common:state)

.data      0    202003ec    00000020     UNINITIALIZED
                  202003ec    00000004     Clock.o (.data.BusFreq)
                  202003f0    00000004     ECE319K_Lab4Grader.o (.data.Fail)
                  202003f4    00000004     ECE319K_Lab4Grader.o (.data.PatternMode)
                  202003f8    00000004     ECE319K_Lab4Grader.o (.data.Score)
                  202003fc    00000004     ECE319K_Lab4Grader.o (.data.SensorMode)
                  20200400    00000004     ECE319K_Lab4Grader.o (.data.SouthMode)
                  20200404    00000004     ECE319K_Lab4Grader.o (.data.Time)
                  20200408    00000004     ECE319K_Lab4Grader.o (.data.WestMode)

.stack     0    20207e00    00000200     UNINITIALIZED
                  20207e00    00000004     libc.a : boot_cortex_m.c.obj (.stack)
                  20207e04    000001fc     --HOLE--

__llvm_prf_cnts 
*          0    20200000    00000000     UNINITIALIZED

__llvm_prf_bits 
*          0    20200000    00000000     UNINITIALIZED

MODULE SUMMARY

       Module                         code   ro data   rw data
       ------                         ----   -------   -------
    ..\
       UARTints.o                     624    0         0      
       UART.o                         92     0         0      
    +--+------------------------------+------+---------+---------+
       Total:                         716    0         0      
                                                              
    .\
       ECE319K_Lab4Grader.o           1208   836       68     
       ECE319K_Lab4main.o             440    169       0      
       Dump.o                         100    0         404    
       Clock.o                        464    0         4      
       FIFO.o                         316    0         48     
       LaunchPad.o                    200    0         0      
       Timer.o                        96     0         0      
    +--+------------------------------+------+---------+---------+
       Total:                         2824   1005      524    
                                                              
    .\ticlang\
       startup_mspm0g3507_ticlang.o   8      192       0      
    +--+------------------------------+------+---------+---------+
       Total:                         8      192       0      
                                                              
    C:\ti\ccs1240\ccs\tools\compiler\ti-cgt-armllvm_2.1.3.LTS\lib\armv6m-ti-none-eabi/c/libc.a
       copy_decompress_lzss.c.obj     104    0         0      
       autoinit.c.obj                 60     0         0      
       boot_cortex_m.c.obj            40     0         0      
       copy_zero_init.c.obj           20     0         0      
       copy_decompress_none.c.obj     18     0         0      
       memcpy16.S.obj                 18     0         0      
       exit.c.obj                     4      0         0      
       pre_init.c.obj                 4      0         0      
    +--+------------------------------+------+---------+---------+
       Total:                         268    0         0      
                                                              
    C:\ti\ccs1240\ccs\tools\compiler\ti-cgt-armllvm_2.1.3.LTS\lib\clang/14.0.6/lib/armv6m-ti-none-eabi/libclang_rt.builtins.a
       aeabi_uidivmod.S.obj           64     0         0      
       aeabi_memcpy.S.obj             8      0         0      
       aeabi_div0.c.obj               2      0         0      
    +--+------------------------------+------+---------+---------+
       Total:                         74     0         0      
                                                              
       Heap:                          0      0         512    
       Stack:                         0      0         512    
       Linker Generated:              0      48        0      
    +--+------------------------------+------+---------+---------+
       Grand Total:                   3890   1245      1548   


LINKER GENERATED COPY TABLES

__TI_cinit_table @ 00001408 records: 2, size/record: 8, table size: 16
	.data: load addr=000013e8, load size=0000000c bytes, run addr=202003ec, run size=00000020 bytes, compression=lzss
	.bss: load addr=00001400, load size=00000008 bytes, run addr=20200200, run size=000001ec bytes, compression=zero_init


LINKER GENERATED HANDLER TABLE

__TI_handler_table @ 000013f4 records: 3, size/record: 4, table size: 12
	index: 0, handler: __TI_decompress_lzss
	index: 1, handler: __TI_decompress_none
	index: 2, handler: __TI_zero_init


GLOBAL SYMBOLS: SORTED ALPHABETICALLY BY Name 

address   name                          
-------   ----                          
00000fe5  ADC0_IRQHandler               
00000fe5  ADC1_IRQHandler               
00000fe5  AES_IRQHandler                
00000df9  ActivatePortA_B               
202003ec  BusFreq                       
00000ff0  C$$EXIT                       
00000fe5  CANFD0_IRQHandler             
00000fa5  Clock_Delay                   
00000fc5  Clock_Freq                    
000003b9  Clock_Init80MHz               
00000fe5  DAC0_IRQHandler               
00000fe5  DMA_IRQHandler                
20200200  DataBuffer                    
202003b0  DebugCnt                      
00000b71  Debug_Dump                    
00000f31  Debug_Init                    
00000fe5  Default_Handler               
000013d8  EID1                          
000013e0  EID2                          
00000fe5  GROUP0_IRQHandler             
00000fe5  GROUP1_IRQHandler             
0000099d  GetState                      
00000fe5  HardFault_Handler             
00000fe5  I2C0_IRQHandler               
00000fe5  I2C1_IRQHandler               
202003b4  LastIn                        
202003b8  LastOut                       
202003bc  LastState                     
00000835  LaunchPad_Init                
00000fd1  LaunchPad_LED1off             
202003c0  LookingFlag                   
202003c4  LookingFor                    
00000fe5  NMI_Handler                   
202003c8  NeedState                     
00000fb5  OutCRLF                       
000013c0  Patterns                      
00000fe5  PendSV_Handler                
00000fe5  RTC_IRQHandler                
000008b9  ReadSensor                    
00000a61  ReadSouth                     
00000e69  ReadWalk                      
00000bc1  ReadWest                      
00000fe9  Reset_Handler                 
00000f45  RxFifo_Init                   
00000c0d  RxFifo_Put                    
00000f01  RxFifo_Size                   
202003cc  RxGetI                        
202003d0  RxPutI                        
00000fe5  SPI0_IRQHandler               
00000fe5  SPI1_IRQHandler               
00000fe5  SVC_Handler                   
00000fe5  SysTick_Handler               
00000fe5  TIMA0_IRQHandler              
00000fe5  TIMA1_IRQHandler              
00000fe5  TIMG0_IRQHandler              
00000fe5  TIMG12_IRQHandler             
00000fe5  TIMG6_IRQHandler              
000000c1  TIMG7_IRQHandler              
00000fe5  TIMG8_IRQHandler              
00000f81  TI_memcpy_small               
20200404  Time                          
202002c8  TimeBuffer                    
00000a01  TimerG12_Init                 
000007a1  Traffic_Init                  
00000ee1  Traffic_Out                   
00000c59  TxFifo_Get                    
00000f59  TxFifo_Init                   
00000ca5  TxFifo_Put                    
00000f19  TxFifo_Size                   
202003d4  TxGetI                        
202003d8  TxPutI                        
00000abd  UART0_IRQHandler              
00000fe5  UART1_IRQHandler              
00000fe5  UART2_IRQHandler              
00000fe5  UART3_IRQHandler              
0000056d  UART_Init                     
00000d3d  UART_OutChar                  
00000eb9  UART_OutString                
00000e31  UART_OutUDec                  
202003dc  WrongState                    
20208000  __STACK_END                   
00000200  __STACK_SIZE                  
00000200  __SYSMEM_SIZE                 
00001408  __TI_CINIT_Base               
00001418  __TI_CINIT_Limit              
00001418  __TI_CINIT_Warm               
000013f4  __TI_Handler_Table_Base       
00001400  __TI_Handler_Table_Limit      
00000dbd  __TI_auto_init_nobinit_nopinit
00000935  __TI_decompress_lzss          
00000f93  __TI_decompress_none          
ffffffff  __TI_pprof_out_hndl           
ffffffff  __TI_prof_data_size           
ffffffff  __TI_prof_data_start          
00000000  __TI_static_base__            
00000f6d  __TI_zero_init_nomemset       
00000e67  __aeabi_idiv0                 
00000fdd  __aeabi_memcpy                
00000fdd  __aeabi_memcpy4               
00000fdd  __aeabi_memcpy8               
00000d7d  __aeabi_uidiv                 
00000d7d  __aeabi_uidivmod              
ffffffff  __binit__                     
UNDEFED   __mpu_init                    
20207e00  __stack                       
20200000  __start___llvm_prf_bits       
20200000  __start___llvm_prf_cnts       
20200000  __stop___llvm_prf_bits        
20200000  __stop___llvm_prf_cnts        
00000e91  _c_int00_noargs               
20200000  _sys_memory                   
UNDEFED   _system_post_cinit            
00000fed  _system_pre_init              
00000ff1  abort                         
ffffffff  binit                         
202003e0  in                            
00000000  interruptVectors              
0000069d  main                          
202003e4  out                           
00001244  pat                           
202003e8  state                         
000013a4  validPatterns                 


GLOBAL SYMBOLS: SORTED BY Symbol Address 

address   name                          
-------   ----                          
00000000  __TI_static_base__            
00000000  interruptVectors              
000000c1  TIMG7_IRQHandler              
00000200  __STACK_SIZE                  
00000200  __SYSMEM_SIZE                 
000003b9  Clock_Init80MHz               
0000056d  UART_Init                     
0000069d  main                          
000007a1  Traffic_Init                  
00000835  LaunchPad_Init                
000008b9  ReadSensor                    
00000935  __TI_decompress_lzss          
0000099d  GetState                      
00000a01  TimerG12_Init                 
00000a61  ReadSouth                     
00000abd  UART0_IRQHandler              
00000b71  Debug_Dump                    
00000bc1  ReadWest                      
00000c0d  RxFifo_Put                    
00000c59  TxFifo_Get                    
00000ca5  TxFifo_Put                    
00000d3d  UART_OutChar                  
00000d7d  __aeabi_uidiv                 
00000d7d  __aeabi_uidivmod              
00000dbd  __TI_auto_init_nobinit_nopinit
00000df9  ActivatePortA_B               
00000e31  UART_OutUDec                  
00000e67  __aeabi_idiv0                 
00000e69  ReadWalk                      
00000e91  _c_int00_noargs               
00000eb9  UART_OutString                
00000ee1  Traffic_Out                   
00000f01  RxFifo_Size                   
00000f19  TxFifo_Size                   
00000f31  Debug_Init                    
00000f45  RxFifo_Init                   
00000f59  TxFifo_Init                   
00000f6d  __TI_zero_init_nomemset       
00000f81  TI_memcpy_small               
00000f93  __TI_decompress_none          
00000fa5  Clock_Delay                   
00000fb5  OutCRLF                       
00000fc5  Clock_Freq                    
00000fd1  LaunchPad_LED1off             
00000fdd  __aeabi_memcpy                
00000fdd  __aeabi_memcpy4               
00000fdd  __aeabi_memcpy8               
00000fe5  ADC0_IRQHandler               
00000fe5  ADC1_IRQHandler               
00000fe5  AES_IRQHandler                
00000fe5  CANFD0_IRQHandler             
00000fe5  DAC0_IRQHandler               
00000fe5  DMA_IRQHandler                
00000fe5  Default_Handler               
00000fe5  GROUP0_IRQHandler             
00000fe5  GROUP1_IRQHandler             
00000fe5  HardFault_Handler             
00000fe5  I2C0_IRQHandler               
00000fe5  I2C1_IRQHandler               
00000fe5  NMI_Handler                   
00000fe5  PendSV_Handler                
00000fe5  RTC_IRQHandler                
00000fe5  SPI0_IRQHandler               
00000fe5  SPI1_IRQHandler               
00000fe5  SVC_Handler                   
00000fe5  SysTick_Handler               
00000fe5  TIMA0_IRQHandler              
00000fe5  TIMA1_IRQHandler              
00000fe5  TIMG0_IRQHandler              
00000fe5  TIMG12_IRQHandler             
00000fe5  TIMG6_IRQHandler              
00000fe5  TIMG8_IRQHandler              
00000fe5  UART1_IRQHandler              
00000fe5  UART2_IRQHandler              
00000fe5  UART3_IRQHandler              
00000fe9  Reset_Handler                 
00000fed  _system_pre_init              
00000ff0  C$$EXIT                       
00000ff1  abort                         
00001244  pat                           
000013a4  validPatterns                 
000013c0  Patterns                      
000013d8  EID1                          
000013e0  EID2                          
000013f4  __TI_Handler_Table_Base       
00001400  __TI_Handler_Table_Limit      
00001408  __TI_CINIT_Base               
00001418  __TI_CINIT_Limit              
00001418  __TI_CINIT_Warm               
20200000  __start___llvm_prf_bits       
20200000  __start___llvm_prf_cnts       
20200000  __stop___llvm_prf_bits        
20200000  __stop___llvm_prf_cnts        
20200000  _sys_memory                   
20200200  DataBuffer                    
202002c8  TimeBuffer                    
202003b0  DebugCnt                      
202003b4  LastIn                        
202003b8  LastOut                       
202003bc  LastState                     
202003c0  LookingFlag                   
202003c4  LookingFor                    
202003c8  NeedState                     
202003cc  RxGetI                        
202003d0  RxPutI                        
202003d4  TxGetI                        
202003d8  TxPutI                        
202003dc  WrongState                    
202003e0  in                            
202003e4  out                           
202003e8  state                         
202003ec  BusFreq                       
20200404  Time                          
20207e00  __stack                       
20208000  __STACK_END                   
ffffffff  __TI_pprof_out_hndl           
ffffffff  __TI_prof_data_size           
ffffffff  __TI_prof_data_start          
ffffffff  __binit__                     
ffffffff  binit                         
UNDEFED   __mpu_init                    
UNDEFED   _system_post_cinit            

[122 symbols]
