<?xml version="1.0" encoding="ISO-8859-1" ?>
<link_info>
   <banner>TI ARM Clang Linker PC v2.1.3.LTS</banner>
   <copyright>Copyright (c) 1996-2018 Texas Instruments Incorporated</copyright>
   <link_time>0x654aa48a</link_time>
   <link_errors>0x0</link_errors>
   <output_file>ECE319K_Lab8.out</output_file>
   <entry_point>
      <name>_c_int00_noargs</name>
      <address>0x2bc5</address>
   </entry_point>
   <input_file_list>
      <input_file id="fl-1">
         <path>.\</path>
         <kind>object</kind>
         <file>ADC1.o</file>
         <name>ADC1.o</name>
      </input_file>
      <input_file id="fl-2">
         <path>.\</path>
         <kind>object</kind>
         <file>Clock.o</file>
         <name>Clock.o</name>
      </input_file>
      <input_file id="fl-3">
         <path>.\</path>
         <kind>object</kind>
         <file>FIFO1.o</file>
         <name>FIFO1.o</name>
      </input_file>
      <input_file id="fl-4">
         <path>.\</path>
         <kind>object</kind>
         <file>Lab8Main.o</file>
         <name>Lab8Main.o</name>
      </input_file>
      <input_file id="fl-5">
         <path>.\</path>
         <kind>object</kind>
         <file>LaunchPad.o</file>
         <name>LaunchPad.o</name>
      </input_file>
      <input_file id="fl-6">
         <path>.\</path>
         <kind>object</kind>
         <file>SPI.o</file>
         <name>SPI.o</name>
      </input_file>
      <input_file id="fl-7">
         <path>.\</path>
         <kind>object</kind>
         <file>ST7735.o</file>
         <name>ST7735.o</name>
      </input_file>
      <input_file id="fl-8">
         <path>.\</path>
         <kind>object</kind>
         <file>TExaS.o</file>
         <name>TExaS.o</name>
      </input_file>
      <input_file id="fl-9">
         <path>.\</path>
         <kind>object</kind>
         <file>Timer.o</file>
         <name>Timer.o</name>
      </input_file>
      <input_file id="fl-a">
         <path>.\</path>
         <kind>object</kind>
         <file>UART1.o</file>
         <name>UART1.o</name>
      </input_file>
      <input_file id="fl-b">
         <path>.\</path>
         <kind>object</kind>
         <file>UART2.o</file>
         <name>UART2.o</name>
      </input_file>
      <input_file id="fl-c">
         <path>..\</path>
         <kind>object</kind>
         <file>myFifo.o</file>
         <name>myFifo.o</name>
      </input_file>
      <input_file id="fl-d">
         <path>.\ticlang\</path>
         <kind>object</kind>
         <file>startup_mspm0g3507_ticlang.o</file>
         <name>startup_mspm0g3507_ticlang.o</name>
      </input_file>
      <input_file id="fl-19">
         <kind>object</kind>
         <file>&lt;internal&gt;</file>
         <name>&lt;internal&gt;</name>
      </input_file>
      <input_file id="fl-25">
         <path>C:\ti\ccs1240\ccs\tools\compiler\ti-cgt-armllvm_2.1.3.LTS\lib\armv6m-ti-none-eabi\c\</path>
         <kind>archive</kind>
         <file>libc.a</file>
         <name>printf.c.obj</name>
      </input_file>
      <input_file id="fl-26">
         <path>C:\ti\ccs1240\ccs\tools\compiler\ti-cgt-armllvm_2.1.3.LTS\lib\armv6m-ti-none-eabi\c\</path>
         <kind>archive</kind>
         <file>libc.a</file>
         <name>_printfi.c.obj</name>
      </input_file>
      <input_file id="fl-27">
         <path>C:\ti\ccs1240\ccs\tools\compiler\ti-cgt-armllvm_2.1.3.LTS\lib\armv6m-ti-none-eabi\c\</path>
         <kind>archive</kind>
         <file>libc.a</file>
         <name>fopen.c.obj</name>
      </input_file>
      <input_file id="fl-28">
         <path>C:\ti\ccs1240\ccs\tools\compiler\ti-cgt-armllvm_2.1.3.LTS\lib\armv6m-ti-none-eabi\c\</path>
         <kind>archive</kind>
         <file>libc.a</file>
         <name>fputc.c.obj</name>
      </input_file>
      <input_file id="fl-29">
         <path>C:\ti\ccs1240\ccs\tools\compiler\ti-cgt-armllvm_2.1.3.LTS\lib\armv6m-ti-none-eabi\c\</path>
         <kind>archive</kind>
         <file>libc.a</file>
         <name>fputs.c.obj</name>
      </input_file>
      <input_file id="fl-2a">
         <path>C:\ti\ccs1240\ccs\tools\compiler\ti-cgt-armllvm_2.1.3.LTS\lib\armv6m-ti-none-eabi\c\</path>
         <kind>archive</kind>
         <file>libc.a</file>
         <name>_io_perm.c.obj</name>
      </input_file>
      <input_file id="fl-2b">
         <path>C:\ti\ccs1240\ccs\tools\compiler\ti-cgt-armllvm_2.1.3.LTS\lib\armv6m-ti-none-eabi\c\</path>
         <kind>archive</kind>
         <file>libc.a</file>
         <name>setvbuf.c.obj</name>
      </input_file>
      <input_file id="fl-2c">
         <path>C:\ti\ccs1240\ccs\tools\compiler\ti-cgt-armllvm_2.1.3.LTS\lib\armv6m-ti-none-eabi\c\</path>
         <kind>archive</kind>
         <file>libc.a</file>
         <name>s_frexp.c.obj</name>
      </input_file>
      <input_file id="fl-2d">
         <path>C:\ti\ccs1240\ccs\tools\compiler\ti-cgt-armllvm_2.1.3.LTS\lib\armv6m-ti-none-eabi\c\</path>
         <kind>archive</kind>
         <file>libc.a</file>
         <name>s_scalbn.c.obj</name>
      </input_file>
      <input_file id="fl-2e">
         <path>C:\ti\ccs1240\ccs\tools\compiler\ti-cgt-armllvm_2.1.3.LTS\lib\armv6m-ti-none-eabi\c\</path>
         <kind>archive</kind>
         <file>libc.a</file>
         <name>aeabi_portable.c.obj</name>
      </input_file>
      <input_file id="fl-2f">
         <path>C:\ti\ccs1240\ccs\tools\compiler\ti-cgt-armllvm_2.1.3.LTS\lib\armv6m-ti-none-eabi\c\</path>
         <kind>archive</kind>
         <file>libc.a</file>
         <name>exit.c.obj</name>
      </input_file>
      <input_file id="fl-30">
         <path>C:\ti\ccs1240\ccs\tools\compiler\ti-cgt-armllvm_2.1.3.LTS\lib\armv6m-ti-none-eabi\c\</path>
         <kind>archive</kind>
         <file>libc.a</file>
         <name>_lock.c.obj</name>
      </input_file>
      <input_file id="fl-31">
         <path>C:\ti\ccs1240\ccs\tools\compiler\ti-cgt-armllvm_2.1.3.LTS\lib\armv6m-ti-none-eabi\c\</path>
         <kind>archive</kind>
         <file>libc.a</file>
         <name>_ltoa.c.obj</name>
      </input_file>
      <input_file id="fl-32">
         <path>C:\ti\ccs1240\ccs\tools\compiler\ti-cgt-armllvm_2.1.3.LTS\lib\armv6m-ti-none-eabi\c\</path>
         <kind>archive</kind>
         <file>libc.a</file>
         <name>assert.c.obj</name>
      </input_file>
      <input_file id="fl-33">
         <path>C:\ti\ccs1240\ccs\tools\compiler\ti-cgt-armllvm_2.1.3.LTS\lib\armv6m-ti-none-eabi\c\</path>
         <kind>archive</kind>
         <file>libc.a</file>
         <name>atoi.c.obj</name>
      </input_file>
      <input_file id="fl-34">
         <path>C:\ti\ccs1240\ccs\tools\compiler\ti-cgt-armllvm_2.1.3.LTS\lib\armv6m-ti-none-eabi\c\</path>
         <kind>archive</kind>
         <file>libc.a</file>
         <name>defs.c.obj</name>
      </input_file>
      <input_file id="fl-35">
         <path>C:\ti\ccs1240\ccs\tools\compiler\ti-cgt-armllvm_2.1.3.LTS\lib\armv6m-ti-none-eabi\c\</path>
         <kind>archive</kind>
         <file>libc.a</file>
         <name>memccpy.c.obj</name>
      </input_file>
      <input_file id="fl-36">
         <path>C:\ti\ccs1240\ccs\tools\compiler\ti-cgt-armllvm_2.1.3.LTS\lib\armv6m-ti-none-eabi\c\</path>
         <kind>archive</kind>
         <file>libc.a</file>
         <name>memory.c.obj</name>
      </input_file>
      <input_file id="fl-37">
         <path>C:\ti\ccs1240\ccs\tools\compiler\ti-cgt-armllvm_2.1.3.LTS\lib\armv6m-ti-none-eabi\c\</path>
         <kind>archive</kind>
         <file>libc.a</file>
         <name>copy_zero_init.c.obj</name>
      </input_file>
      <input_file id="fl-38">
         <path>C:\ti\ccs1240\ccs\tools\compiler\ti-cgt-armllvm_2.1.3.LTS\lib\armv6m-ti-none-eabi\c\</path>
         <kind>archive</kind>
         <file>libc.a</file>
         <name>copy_decompress_none.c.obj</name>
      </input_file>
      <input_file id="fl-39">
         <path>C:\ti\ccs1240\ccs\tools\compiler\ti-cgt-armllvm_2.1.3.LTS\lib\armv6m-ti-none-eabi\c\</path>
         <kind>archive</kind>
         <file>libc.a</file>
         <name>copy_decompress_lzss.c.obj</name>
      </input_file>
      <input_file id="fl-3a">
         <path>C:\ti\ccs1240\ccs\tools\compiler\ti-cgt-armllvm_2.1.3.LTS\lib\armv6m-ti-none-eabi\c\</path>
         <kind>archive</kind>
         <file>libc.a</file>
         <name>boot_cortex_m.c.obj</name>
      </input_file>
      <input_file id="fl-3b">
         <path>C:\ti\ccs1240\ccs\tools\compiler\ti-cgt-armllvm_2.1.3.LTS\lib\armv6m-ti-none-eabi\c\</path>
         <kind>archive</kind>
         <file>libc.a</file>
         <name>mathacl_init.c.obj</name>
      </input_file>
      <input_file id="fl-3c">
         <path>C:\ti\ccs1240\ccs\tools\compiler\ti-cgt-armllvm_2.1.3.LTS\lib\armv6m-ti-none-eabi\c\</path>
         <kind>archive</kind>
         <file>libc.a</file>
         <name>abs.c.obj</name>
      </input_file>
      <input_file id="fl-3d">
         <path>C:\ti\ccs1240\ccs\tools\compiler\ti-cgt-armllvm_2.1.3.LTS\lib\armv6m-ti-none-eabi\c\</path>
         <kind>archive</kind>
         <file>libc.a</file>
         <name>wcslen.c.obj</name>
      </input_file>
      <input_file id="fl-3e">
         <path>C:\ti\ccs1240\ccs\tools\compiler\ti-cgt-armllvm_2.1.3.LTS\lib\armv6m-ti-none-eabi\c\</path>
         <kind>archive</kind>
         <file>libc.a</file>
         <name>sprintf.c.obj</name>
      </input_file>
      <input_file id="fl-3f">
         <path>C:\ti\ccs1240\ccs\tools\compiler\ti-cgt-armllvm_2.1.3.LTS\lib\armv6m-ti-none-eabi\c\</path>
         <kind>archive</kind>
         <file>libc.a</file>
         <name>fclose.c.obj</name>
      </input_file>
      <input_file id="fl-40">
         <path>C:\ti\ccs1240\ccs\tools\compiler\ti-cgt-armllvm_2.1.3.LTS\lib\armv6m-ti-none-eabi\c\</path>
         <kind>archive</kind>
         <file>libc.a</file>
         <name>fflush.c.obj</name>
      </input_file>
      <input_file id="fl-41">
         <path>C:\ti\ccs1240\ccs\tools\compiler\ti-cgt-armllvm_2.1.3.LTS\lib\armv6m-ti-none-eabi\c\</path>
         <kind>archive</kind>
         <file>libc.a</file>
         <name>fseek.c.obj</name>
      </input_file>
      <input_file id="fl-42">
         <path>C:\ti\ccs1240\ccs\tools\compiler\ti-cgt-armllvm_2.1.3.LTS\lib\armv6m-ti-none-eabi\c\</path>
         <kind>archive</kind>
         <file>libc.a</file>
         <name>aeabi_ctype.S.obj</name>
      </input_file>
      <input_file id="fl-43">
         <path>C:\ti\ccs1240\ccs\tools\compiler\ti-cgt-armllvm_2.1.3.LTS\lib\armv6m-ti-none-eabi\c\</path>
         <kind>archive</kind>
         <file>libc.a</file>
         <name>args_main.c.obj</name>
      </input_file>
      <input_file id="fl-44">
         <path>C:\ti\ccs1240\ccs\tools\compiler\ti-cgt-armllvm_2.1.3.LTS\lib\armv6m-ti-none-eabi\c\</path>
         <kind>archive</kind>
         <file>libc.a</file>
         <name>autoinit.c.obj</name>
      </input_file>
      <input_file id="fl-45">
         <path>C:\ti\ccs1240\ccs\tools\compiler\ti-cgt-armllvm_2.1.3.LTS\lib\armv6m-ti-none-eabi\c\</path>
         <kind>archive</kind>
         <file>libc.a</file>
         <name>pre_init.c.obj</name>
      </input_file>
      <input_file id="fl-46">
         <path>C:\ti\ccs1240\ccs\tools\compiler\ti-cgt-armllvm_2.1.3.LTS\lib\armv6m-ti-none-eabi\c\</path>
         <kind>archive</kind>
         <file>libc.a</file>
         <name>cpy_tbl.c.obj</name>
      </input_file>
      <input_file id="fl-7f">
         <path>C:\ti\ccs1240\ccs\tools\compiler\ti-cgt-armllvm_2.1.3.LTS\lib\armv6m-ti-none-eabi\c\</path>
         <kind>archive</kind>
         <file>libsysbm.a</file>
         <name>write.c.obj</name>
      </input_file>
      <input_file id="fl-80">
         <path>C:\ti\ccs1240\ccs\tools\compiler\ti-cgt-armllvm_2.1.3.LTS\lib\armv6m-ti-none-eabi\c\</path>
         <kind>archive</kind>
         <file>libsysbm.a</file>
         <name>host_device.c.obj</name>
      </input_file>
      <input_file id="fl-81">
         <path>C:\ti\ccs1240\ccs\tools\compiler\ti-cgt-armllvm_2.1.3.LTS\lib\armv6m-ti-none-eabi\c\</path>
         <kind>archive</kind>
         <file>libsysbm.a</file>
         <name>remove.c.obj</name>
      </input_file>
      <input_file id="fl-82">
         <path>C:\ti\ccs1240\ccs\tools\compiler\ti-cgt-armllvm_2.1.3.LTS\lib\armv6m-ti-none-eabi\c\</path>
         <kind>archive</kind>
         <file>libsysbm.a</file>
         <name>open.c.obj</name>
      </input_file>
      <input_file id="fl-83">
         <path>C:\ti\ccs1240\ccs\tools\compiler\ti-cgt-armllvm_2.1.3.LTS\lib\armv6m-ti-none-eabi\c\</path>
         <kind>archive</kind>
         <file>libsysbm.a</file>
         <name>lseek.c.obj</name>
      </input_file>
      <input_file id="fl-84">
         <path>C:\ti\ccs1240\ccs\tools\compiler\ti-cgt-armllvm_2.1.3.LTS\lib\armv6m-ti-none-eabi\c\</path>
         <kind>archive</kind>
         <file>libsysbm.a</file>
         <name>close.c.obj</name>
      </input_file>
      <input_file id="fl-85">
         <path>C:\ti\ccs1240\ccs\tools\compiler\ti-cgt-armllvm_2.1.3.LTS\lib\armv6m-ti-none-eabi\c\</path>
         <kind>archive</kind>
         <file>libsysbm.a</file>
         <name>add_device.c.obj</name>
      </input_file>
      <input_file id="fl-86">
         <path>C:\ti\ccs1240\ccs\tools\compiler\ti-cgt-armllvm_2.1.3.LTS\lib\armv6m-ti-none-eabi\c\</path>
         <kind>archive</kind>
         <file>libsysbm.a</file>
         <name>unlink.c.obj</name>
      </input_file>
      <input_file id="fl-87">
         <path>C:\ti\ccs1240\ccs\tools\compiler\ti-cgt-armllvm_2.1.3.LTS\lib\armv6m-ti-none-eabi\c\</path>
         <kind>archive</kind>
         <file>libsysbm.a</file>
         <name>hostclose.c.obj</name>
      </input_file>
      <input_file id="fl-88">
         <path>C:\ti\ccs1240\ccs\tools\compiler\ti-cgt-armllvm_2.1.3.LTS\lib\armv6m-ti-none-eabi\c\</path>
         <kind>archive</kind>
         <file>libsysbm.a</file>
         <name>hostlseek.c.obj</name>
      </input_file>
      <input_file id="fl-89">
         <path>C:\ti\ccs1240\ccs\tools\compiler\ti-cgt-armllvm_2.1.3.LTS\lib\armv6m-ti-none-eabi\c\</path>
         <kind>archive</kind>
         <file>libsysbm.a</file>
         <name>hostopen.c.obj</name>
      </input_file>
      <input_file id="fl-8a">
         <path>C:\ti\ccs1240\ccs\tools\compiler\ti-cgt-armllvm_2.1.3.LTS\lib\armv6m-ti-none-eabi\c\</path>
         <kind>archive</kind>
         <file>libsysbm.a</file>
         <name>hostread.c.obj</name>
      </input_file>
      <input_file id="fl-8b">
         <path>C:\ti\ccs1240\ccs\tools\compiler\ti-cgt-armllvm_2.1.3.LTS\lib\armv6m-ti-none-eabi\c\</path>
         <kind>archive</kind>
         <file>libsysbm.a</file>
         <name>hostrename.c.obj</name>
      </input_file>
      <input_file id="fl-8c">
         <path>C:\ti\ccs1240\ccs\tools\compiler\ti-cgt-armllvm_2.1.3.LTS\lib\armv6m-ti-none-eabi\c\</path>
         <kind>archive</kind>
         <file>libsysbm.a</file>
         <name>hostunlink.c.obj</name>
      </input_file>
      <input_file id="fl-8d">
         <path>C:\ti\ccs1240\ccs\tools\compiler\ti-cgt-armllvm_2.1.3.LTS\lib\armv6m-ti-none-eabi\c\</path>
         <kind>archive</kind>
         <file>libsysbm.a</file>
         <name>hostwrite.c.obj</name>
      </input_file>
      <input_file id="fl-8e">
         <path>C:\ti\ccs1240\ccs\tools\compiler\ti-cgt-armllvm_2.1.3.LTS\lib\armv6m-ti-none-eabi\c\</path>
         <kind>archive</kind>
         <file>libsysbm.a</file>
         <name>trgmsg.c.obj</name>
      </input_file>
      <input_file id="fl-8f">
         <path>C:\ti\ccs1240\ccs\tools\compiler\ti-cgt-armllvm_2.1.3.LTS\lib\clang\14.0.6\lib\armv6m-ti-none-eabi\</path>
         <kind>archive</kind>
         <file>libclang_rt.builtins.a</file>
         <name>adddf3.S.obj</name>
      </input_file>
      <input_file id="fl-90">
         <path>C:\ti\ccs1240\ccs\tools\compiler\ti-cgt-armllvm_2.1.3.LTS\lib\clang\14.0.6\lib\armv6m-ti-none-eabi\</path>
         <kind>archive</kind>
         <file>libclang_rt.builtins.a</file>
         <name>muldf3.S.obj</name>
      </input_file>
      <input_file id="fl-91">
         <path>C:\ti\ccs1240\ccs\tools\compiler\ti-cgt-armllvm_2.1.3.LTS\lib\clang\14.0.6\lib\armv6m-ti-none-eabi\</path>
         <kind>archive</kind>
         <file>libclang_rt.builtins.a</file>
         <name>muldsi3.S.obj</name>
      </input_file>
      <input_file id="fl-92">
         <path>C:\ti\ccs1240\ccs\tools\compiler\ti-cgt-armllvm_2.1.3.LTS\lib\clang\14.0.6\lib\armv6m-ti-none-eabi\</path>
         <kind>archive</kind>
         <file>libclang_rt.builtins.a</file>
         <name>divdf3.S.obj</name>
      </input_file>
      <input_file id="fl-93">
         <path>C:\ti\ccs1240\ccs\tools\compiler\ti-cgt-armllvm_2.1.3.LTS\lib\clang\14.0.6\lib\armv6m-ti-none-eabi\</path>
         <kind>archive</kind>
         <file>libclang_rt.builtins.a</file>
         <name>fixdfsi.S.obj</name>
      </input_file>
      <input_file id="fl-94">
         <path>C:\ti\ccs1240\ccs\tools\compiler\ti-cgt-armllvm_2.1.3.LTS\lib\clang\14.0.6\lib\armv6m-ti-none-eabi\</path>
         <kind>archive</kind>
         <file>libclang_rt.builtins.a</file>
         <name>floatsidf.S.obj</name>
      </input_file>
      <input_file id="fl-95">
         <path>C:\ti\ccs1240\ccs\tools\compiler\ti-cgt-armllvm_2.1.3.LTS\lib\clang\14.0.6\lib\armv6m-ti-none-eabi\</path>
         <kind>archive</kind>
         <file>libclang_rt.builtins.a</file>
         <name>muldi3.S.obj</name>
      </input_file>
      <input_file id="fl-96">
         <path>C:\ti\ccs1240\ccs\tools\compiler\ti-cgt-armllvm_2.1.3.LTS\lib\clang\14.0.6\lib\armv6m-ti-none-eabi\</path>
         <kind>archive</kind>
         <file>libclang_rt.builtins.a</file>
         <name>aeabi_dcmp.S.obj</name>
      </input_file>
      <input_file id="fl-97">
         <path>C:\ti\ccs1240\ccs\tools\compiler\ti-cgt-armllvm_2.1.3.LTS\lib\clang\14.0.6\lib\armv6m-ti-none-eabi\</path>
         <kind>archive</kind>
         <file>libclang_rt.builtins.a</file>
         <name>aeabi_idivmod.S.obj</name>
      </input_file>
      <input_file id="fl-98">
         <path>C:\ti\ccs1240\ccs\tools\compiler\ti-cgt-armllvm_2.1.3.LTS\lib\clang\14.0.6\lib\armv6m-ti-none-eabi\</path>
         <kind>archive</kind>
         <file>libclang_rt.builtins.a</file>
         <name>aeabi_memcpy.S.obj</name>
      </input_file>
      <input_file id="fl-99">
         <path>C:\ti\ccs1240\ccs\tools\compiler\ti-cgt-armllvm_2.1.3.LTS\lib\clang\14.0.6\lib\armv6m-ti-none-eabi\</path>
         <kind>archive</kind>
         <file>libclang_rt.builtins.a</file>
         <name>aeabi_memset.S.obj</name>
      </input_file>
      <input_file id="fl-9a">
         <path>C:\ti\ccs1240\ccs\tools\compiler\ti-cgt-armllvm_2.1.3.LTS\lib\clang\14.0.6\lib\armv6m-ti-none-eabi\</path>
         <kind>archive</kind>
         <file>libclang_rt.builtins.a</file>
         <name>aeabi_uidivmod.S.obj</name>
      </input_file>
      <input_file id="fl-9b">
         <path>C:\ti\ccs1240\ccs\tools\compiler\ti-cgt-armllvm_2.1.3.LTS\lib\clang\14.0.6\lib\armv6m-ti-none-eabi\</path>
         <kind>archive</kind>
         <file>libclang_rt.builtins.a</file>
         <name>aeabi_uldivmod.S.obj</name>
      </input_file>
      <input_file id="fl-9c">
         <path>C:\ti\ccs1240\ccs\tools\compiler\ti-cgt-armllvm_2.1.3.LTS\lib\clang\14.0.6\lib\armv6m-ti-none-eabi\</path>
         <kind>archive</kind>
         <file>libclang_rt.builtins.a</file>
         <name>udivmoddi4.S.obj</name>
      </input_file>
      <input_file id="fl-9d">
         <path>C:\ti\ccs1240\ccs\tools\compiler\ti-cgt-armllvm_2.1.3.LTS\lib\clang\14.0.6\lib\armv6m-ti-none-eabi\</path>
         <kind>archive</kind>
         <file>libclang_rt.builtins.a</file>
         <name>ashldi3.S.obj</name>
      </input_file>
      <input_file id="fl-9e">
         <path>C:\ti\ccs1240\ccs\tools\compiler\ti-cgt-armllvm_2.1.3.LTS\lib\clang\14.0.6\lib\armv6m-ti-none-eabi\</path>
         <kind>archive</kind>
         <file>libclang_rt.builtins.a</file>
         <name>comparedf2.c.obj</name>
      </input_file>
      <input_file id="fl-9f">
         <path>C:\ti\ccs1240\ccs\tools\compiler\ti-cgt-armllvm_2.1.3.LTS\lib\clang\14.0.6\lib\armv6m-ti-none-eabi\</path>
         <kind>archive</kind>
         <file>libclang_rt.builtins.a</file>
         <name>aeabi_div0.c.obj</name>
      </input_file>
      <input_file id="fl-a0">
         <path>C:\ti\ccs1240\ccs\tools\compiler\ti-cgt-armllvm_2.1.3.LTS\lib\armv6m-ti-none-eabi\c\</path>
         <kind>archive</kind>
         <file>libc.a</file>
         <name>getdevice.c.obj</name>
      </input_file>
      <input_file id="fl-a1">
         <path>C:\ti\ccs1240\ccs\tools\compiler\ti-cgt-armllvm_2.1.3.LTS\lib\armv6m-ti-none-eabi\c\</path>
         <kind>archive</kind>
         <file>libc.a</file>
         <name>memcpy16.S.obj</name>
      </input_file>
      <input_file id="fl-a2">
         <path>C:\ti\ccs1240\ccs\tools\compiler\ti-cgt-armllvm_2.1.3.LTS\lib\armv6m-ti-none-eabi\c\</path>
         <kind>archive</kind>
         <file>libc.a</file>
         <name>memset16.S.obj</name>
      </input_file>
   </input_file_list>
   <object_component_list>
      <object_component id="oc-18">
         <name>.intvecs</name>
         <load_address>0x0</load_address>
         <run_address>0x0</run_address>
         <size>0xc0</size>
         <input_file_ref idref="fl-d"/>
      </object_component>
      <object_component id="oc-182">
         <name>.text:__TI_printfi_minimal</name>
         <load_address>0xc0</load_address>
         <run_address>0xc0</run_address>
         <size>0x280</size>
         <input_file_ref idref="fl-26"/>
      </object_component>
      <object_component id="oc-fa">
         <name>.text.Clock_Init80MHz</name>
         <load_address>0x340</load_address>
         <run_address>0x340</run_address>
         <size>0x1b4</size>
         <input_file_ref idref="fl-2"/>
      </object_component>
      <object_component id="oc-133">
         <name>.text.ST7735_DrawCharS</name>
         <load_address>0x4f4</load_address>
         <run_address>0x4f4</run_address>
         <size>0x1a0</size>
         <input_file_ref idref="fl-7"/>
      </object_component>
      <object_component id="oc-16b">
         <name>.text._openfile</name>
         <load_address>0x694</load_address>
         <run_address>0x694</run_address>
         <size>0x13c</size>
         <input_file_ref idref="fl-27"/>
      </object_component>
      <object_component id="oc-1df">
         <name>.text.aligned_alloc</name>
         <load_address>0x7d0</load_address>
         <run_address>0x7d0</run_address>
         <size>0x13c</size>
         <input_file_ref idref="fl-36"/>
      </object_component>
      <object_component id="oc-8e">
         <name>.text.main</name>
         <load_address>0x90c</load_address>
         <run_address>0x90c</run_address>
         <size>0x130</size>
         <input_file_ref idref="fl-4"/>
      </object_component>
      <object_component id="oc-124">
         <name>.text.ADC_Init</name>
         <load_address>0xa3c</load_address>
         <run_address>0xa3c</run_address>
         <size>0x128</size>
         <input_file_ref idref="fl-8"/>
      </object_component>
      <object_component id="oc-121">
         <name>.text.ST7735_FillRect</name>
         <load_address>0xb64</load_address>
         <run_address>0xb64</run_address>
         <size>0x118</size>
         <input_file_ref idref="fl-7"/>
      </object_component>
      <object_component id="oc-176">
         <name>.text.free</name>
         <load_address>0xc7c</load_address>
         <run_address>0xc7c</run_address>
         <size>0x100</size>
         <input_file_ref idref="fl-36"/>
      </object_component>
      <object_component id="oc-1a1">
         <name>.text.SPI_Init</name>
         <load_address>0xd7c</load_address>
         <run_address>0xd7c</run_address>
         <size>0xf8</size>
         <input_file_ref idref="fl-6"/>
      </object_component>
      <object_component id="oc-190">
         <name>.text.fputs</name>
         <load_address>0xe74</load_address>
         <run_address>0xe74</run_address>
         <size>0xf8</size>
         <input_file_ref idref="fl-29"/>
      </object_component>
      <object_component id="oc-38">
         <name>.text.TIMG12_IRQHandler</name>
         <load_address>0xf6c</load_address>
         <run_address>0xf6c</run_address>
         <size>0xf0</size>
         <input_file_ref idref="fl-4"/>
      </object_component>
      <object_component id="oc-126">
         <name>.text.UART_Init</name>
         <load_address>0x105c</load_address>
         <run_address>0x105c</run_address>
         <size>0xe8</size>
         <input_file_ref idref="fl-8"/>
      </object_component>
      <object_component id="oc-106">
         <name>.text.add_device</name>
         <load_address>0x1144</load_address>
         <run_address>0x1144</run_address>
         <size>0xe8</size>
         <input_file_ref idref="fl-85"/>
      </object_component>
      <object_component id="oc-b8">
         <name>.text.UART1_Init</name>
         <load_address>0x122c</load_address>
         <run_address>0x122c</run_address>
         <size>0xe4</size>
         <input_file_ref idref="fl-a"/>
      </object_component>
      <object_component id="oc-111">
         <name>.text.setvbuf</name>
         <load_address>0x1310</load_address>
         <run_address>0x1310</run_address>
         <size>0xe0</size>
         <input_file_ref idref="fl-2b"/>
      </object_component>
      <object_component id="oc-ca">
         <name>.text.ST7735_OutChar</name>
         <load_address>0x13f0</load_address>
         <run_address>0x13f0</run_address>
         <size>0xd4</size>
         <input_file_ref idref="fl-7"/>
      </object_component>
      <object_component id="oc-d1">
         <name>.text.ST7735_PlotPoint</name>
         <load_address>0x14c4</load_address>
         <run_address>0x14c4</run_address>
         <size>0xcc</size>
         <input_file_ref idref="fl-7"/>
      </object_component>
      <object_component id="oc-b9">
         <name>.text.UART2_Init</name>
         <load_address>0x1590</load_address>
         <run_address>0x1590</run_address>
         <size>0xc4</size>
         <input_file_ref idref="fl-b"/>
      </object_component>
      <object_component id="oc-142">
         <name>.text.ST7735_DrawFastVLine</name>
         <load_address>0x1654</load_address>
         <run_address>0x1654</run_address>
         <size>0xb0</size>
         <input_file_ref idref="fl-7"/>
      </object_component>
      <object_component id="oc-127">
         <name>.text.TimerG7_IntArm</name>
         <load_address>0x1704</load_address>
         <run_address>0x1704</run_address>
         <size>0xa8</size>
         <input_file_ref idref="fl-9"/>
      </object_component>
      <object_component id="oc-1c8">
         <name>.text.open</name>
         <load_address>0x17ac</load_address>
         <run_address>0x17ac</run_address>
         <size>0xa8</size>
         <input_file_ref idref="fl-82"/>
      </object_component>
      <object_component id="oc-151">
         <name>.text.commandList</name>
         <load_address>0x1854</load_address>
         <run_address>0x1854</run_address>
         <size>0xa2</size>
         <input_file_ref idref="fl-7"/>
      </object_component>
      <object_component id="oc-a0">
         <name>.text.__aeabi_idiv0</name>
         <load_address>0x18f6</load_address>
         <run_address>0x18f6</run_address>
         <size>0x2</size>
         <input_file_ref idref="fl-9f"/>
      </object_component>
      <object_component id="oc-ba">
         <name>.text.ST7735_InitPrintf</name>
         <load_address>0x18f8</load_address>
         <run_address>0x18f8</run_address>
         <size>0x9c</size>
         <input_file_ref idref="fl-7"/>
      </object_component>
      <object_component id="oc-105">
         <name>.text.ST7735_InitR</name>
         <load_address>0x1994</load_address>
         <run_address>0x1994</run_address>
         <size>0x98</size>
         <input_file_ref idref="fl-7"/>
      </object_component>
      <object_component id="oc-c3">
         <name>.text.TimerG12_IntArm</name>
         <load_address>0x1a2c</load_address>
         <run_address>0x1a2c</run_address>
         <size>0x94</size>
         <input_file_ref idref="fl-9"/>
      </object_component>
      <object_component id="oc-196">
         <name>.text.fputc</name>
         <load_address>0x1ac0</load_address>
         <run_address>0x1ac0</run_address>
         <size>0x90</size>
         <input_file_ref idref="fl-28"/>
      </object_component>
      <object_component id="oc-180">
         <name>.text.setAddrWindow</name>
         <load_address>0x1b50</load_address>
         <run_address>0x1b50</run_address>
         <size>0x88</size>
         <input_file_ref idref="fl-7"/>
      </object_component>
      <object_component id="oc-b3">
         <name>.text.LaunchPad_Init</name>
         <load_address>0x1bd8</load_address>
         <run_address>0x1bd8</run_address>
         <size>0x84</size>
         <input_file_ref idref="fl-5"/>
      </object_component>
      <object_component id="oc-132">
         <name>.text.ST7735_DrawString</name>
         <load_address>0x1c5c</load_address>
         <run_address>0x1c5c</run_address>
         <size>0x84</size>
         <input_file_ref idref="fl-7"/>
      </object_component>
      <object_component id="oc-10a">
         <name>.text.fopen</name>
         <load_address>0x1ce0</load_address>
         <run_address>0x1ce0</run_address>
         <size>0x84</size>
         <input_file_ref idref="fl-27"/>
      </object_component>
      <object_component id="oc-170">
         <name>.text.__TI_closefile</name>
         <load_address>0x1d64</load_address>
         <run_address>0x1d64</run_address>
         <size>0x7c</size>
         <input_file_ref idref="fl-3f"/>
      </object_component>
      <object_component id="oc-c0">
         <name>.text.ADCinit</name>
         <load_address>0x1de0</load_address>
         <run_address>0x1de0</run_address>
         <size>0x78</size>
         <input_file_ref idref="fl-1"/>
      </object_component>
      <object_component id="oc-c2">
         <name>.text.ST7735_PlotClear</name>
         <load_address>0x1e58</load_address>
         <run_address>0x1e58</run_address>
         <size>0x74</size>
         <input_file_ref idref="fl-7"/>
      </object_component>
      <object_component id="oc-141">
         <name>.text.ST7735_DrawPixel</name>
         <load_address>0x1ecc</load_address>
         <run_address>0x1ecc</run_address>
         <size>0x70</size>
         <input_file_ref idref="fl-7"/>
      </object_component>
      <object_component id="oc-2b6">
         <name>.text.fseeko</name>
         <load_address>0x1f3c</load_address>
         <run_address>0x1f3c</run_address>
         <size>0x6c</size>
         <input_file_ref idref="fl-41"/>
      </object_component>
      <object_component id="oc-232">
         <name>.text.getdevice</name>
         <load_address>0x1fa8</load_address>
         <run_address>0x1fa8</run_address>
         <size>0x6c</size>
         <input_file_ref idref="fl-a0"/>
      </object_component>
      <object_component id="oc-1b7">
         <name>.text.HOSTlseek</name>
         <load_address>0x2014</load_address>
         <run_address>0x2014</run_address>
         <size>0x68</size>
         <input_file_ref idref="fl-88"/>
      </object_component>
      <object_component id="oc-1bf">
         <name>.text.HOSTrename</name>
         <load_address>0x207c</load_address>
         <run_address>0x207c</run_address>
         <size>0x68</size>
         <input_file_ref idref="fl-8b"/>
      </object_component>
      <object_component id="oc-1c">
         <name>.text:decompress:lzss</name>
         <load_address>0x20e4</load_address>
         <run_address>0x20e4</run_address>
         <size>0x68</size>
         <input_file_ref idref="fl-39"/>
      </object_component>
      <object_component id="oc-205">
         <name>.text.__TI_wrt_ok</name>
         <load_address>0x214c</load_address>
         <run_address>0x214c</run_address>
         <size>0x64</size>
         <input_file_ref idref="fl-2a"/>
      </object_component>
      <object_component id="oc-245">
         <name>.text.split</name>
         <load_address>0x21b0</load_address>
         <run_address>0x21b0</run_address>
         <size>0x64</size>
         <input_file_ref idref="fl-36"/>
      </object_component>
      <object_component id="oc-1a7">
         <name>.text.HOSTopen</name>
         <load_address>0x2214</load_address>
         <run_address>0x2214</run_address>
         <size>0x5c</size>
         <input_file_ref idref="fl-89"/>
      </object_component>
      <object_component id="oc-cb">
         <name>.text.printf</name>
         <load_address>0x2270</load_address>
         <run_address>0x2270</run_address>
         <size>0x5c</size>
         <input_file_ref idref="fl-25"/>
      </object_component>
      <object_component id="oc-1af">
         <name>.text.HOSTread</name>
         <load_address>0x22cc</load_address>
         <run_address>0x22cc</run_address>
         <size>0x58</size>
         <input_file_ref idref="fl-8a"/>
      </object_component>
      <object_component id="oc-1b3">
         <name>.text.HOSTwrite</name>
         <load_address>0x2324</load_address>
         <run_address>0x2324</run_address>
         <size>0x58</size>
         <input_file_ref idref="fl-8d"/>
      </object_component>
      <object_component id="oc-c1">
         <name>.text.TExaS_Init</name>
         <load_address>0x237c</load_address>
         <run_address>0x237c</run_address>
         <size>0x58</size>
         <input_file_ref idref="fl-8"/>
      </object_component>
      <object_component id="oc-2e">
         <name>.text.UART2_IRQHandler</name>
         <load_address>0x23d4</load_address>
         <run_address>0x23d4</run_address>
         <size>0x58</size>
         <input_file_ref idref="fl-b"/>
      </object_component>
      <object_component id="oc-13d">
         <name>.text</name>
         <load_address>0x242c</load_address>
         <run_address>0x242c</run_address>
         <size>0x56</size>
         <input_file_ref idref="fl-97"/>
      </object_component>
      <object_component id="oc-18a">
         <name>.text._nop</name>
         <load_address>0x2482</load_address>
         <run_address>0x2482</run_address>
         <size>0x2</size>
         <input_file_ref idref="fl-30"/>
      </object_component>
      <object_component id="oc-64">
         <name>.text.Fifo1_Put</name>
         <load_address>0x2484</load_address>
         <run_address>0x2484</run_address>
         <size>0x50</size>
         <input_file_ref idref="fl-3"/>
      </object_component>
      <object_component id="oc-1cc">
         <name>.text.__TI_doflush</name>
         <load_address>0x24d4</load_address>
         <run_address>0x24d4</run_address>
         <size>0x50</size>
         <input_file_ref idref="fl-40"/>
      </object_component>
      <object_component id="oc-1d2">
         <name>.text.close</name>
         <load_address>0x2524</load_address>
         <run_address>0x2524</run_address>
         <size>0x50</size>
         <input_file_ref idref="fl-84"/>
      </object_component>
      <object_component id="oc-131">
         <name>.text.Fifo1_Get</name>
         <load_address>0x2574</load_address>
         <run_address>0x2574</run_address>
         <size>0x4c</size>
         <input_file_ref idref="fl-3"/>
      </object_component>
      <object_component id="oc-1ab">
         <name>.text.HOSTclose</name>
         <load_address>0x25c0</load_address>
         <run_address>0x25c0</run_address>
         <size>0x48</size>
         <input_file_ref idref="fl-87"/>
      </object_component>
      <object_component id="oc-1bb">
         <name>.text.HOSTunlink</name>
         <load_address>0x2608</load_address>
         <run_address>0x2608</run_address>
         <size>0x48</size>
         <input_file_ref idref="fl-8c"/>
      </object_component>
      <object_component id="oc-152">
         <name>.text.SPI_OutCommand</name>
         <load_address>0x2650</load_address>
         <run_address>0x2650</run_address>
         <size>0x48</size>
         <input_file_ref idref="fl-6"/>
      </object_component>
      <object_component id="oc-d2">
         <name>.text.ST7735_PlotNextErase</name>
         <load_address>0x2698</load_address>
         <run_address>0x2698</run_address>
         <size>0x48</size>
         <input_file_ref idref="fl-7"/>
      </object_component>
      <object_component id="oc-6f">
         <name>.text.ADCin</name>
         <load_address>0x26e0</load_address>
         <run_address>0x26e0</run_address>
         <size>0x44</size>
         <input_file_ref idref="fl-1"/>
      </object_component>
      <object_component id="oc-213">
         <name>.text.SPI_Reset</name>
         <load_address>0x2724</load_address>
         <run_address>0x2724</run_address>
         <size>0x40</size>
         <input_file_ref idref="fl-6"/>
      </object_component>
      <object_component id="oc-33">
         <name>.text.TIMG7_IRQHandler</name>
         <load_address>0x2764</load_address>
         <run_address>0x2764</run_address>
         <size>0x40</size>
         <input_file_ref idref="fl-8"/>
      </object_component>
      <object_component id="oc-74">
         <name>.text</name>
         <load_address>0x27a4</load_address>
         <run_address>0x27a4</run_address>
         <size>0x40</size>
         <input_file_ref idref="fl-9a"/>
      </object_component>
      <object_component id="oc-de">
         <name>.text:__TI_auto_init_nobinit_nopinit</name>
         <load_address>0x27e4</load_address>
         <run_address>0x27e4</run_address>
         <size>0x3c</size>
         <input_file_ref idref="fl-44"/>
      </object_component>
      <object_component id="oc-ff">
         <name>.text.ActivatePortA_B</name>
         <load_address>0x2820</load_address>
         <run_address>0x2820</run_address>
         <size>0x38</size>
         <input_file_ref idref="fl-5"/>
      </object_component>
      <object_component id="oc-157">
         <name>.text.SPI_OutData</name>
         <load_address>0x2858</load_address>
         <run_address>0x2858</run_address>
         <size>0x38</size>
         <input_file_ref idref="fl-6"/>
      </object_component>
      <object_component id="oc-15f">
         <name>.text.finddevice</name>
         <load_address>0x2890</load_address>
         <run_address>0x2890</run_address>
         <size>0x38</size>
         <input_file_ref idref="fl-a0"/>
      </object_component>
      <object_component id="oc-1a2">
         <name>.text.Clock_Delay1ms</name>
         <load_address>0x28c8</load_address>
         <run_address>0x28c8</run_address>
         <size>0x34</size>
         <input_file_ref idref="fl-2"/>
      </object_component>
      <object_component id="oc-c8">
         <name>.text.ST7735_SetCursor</name>
         <load_address>0x28fc</load_address>
         <run_address>0x28fc</run_address>
         <size>0x34</size>
         <input_file_ref idref="fl-7"/>
      </object_component>
      <object_component id="oc-118">
         <name>.text.ST7735_write</name>
         <load_address>0x2930</load_address>
         <run_address>0x2930</run_address>
         <size>0x34</size>
         <input_file_ref idref="fl-7"/>
      </object_component>
      <object_component id="oc-179">
         <name>.text.__TI_cleanup</name>
         <load_address>0x2964</load_address>
         <run_address>0x2964</run_address>
         <size>0x34</size>
         <input_file_ref idref="fl-27"/>
      </object_component>
      <object_component id="oc-21a">
         <name>.text.__TI_readmsg</name>
         <load_address>0x2998</load_address>
         <run_address>0x2998</run_address>
         <size>0x34</size>
         <input_file_ref idref="fl-8e"/>
      </object_component>
      <object_component id="oc-214">
         <name>.text.__TI_writemsg</name>
         <load_address>0x29cc</load_address>
         <run_address>0x29cc</run_address>
         <size>0x34</size>
         <input_file_ref idref="fl-8e"/>
      </object_component>
      <object_component id="oc-dc">
         <name>.text.exit</name>
         <load_address>0x2a00</load_address>
         <run_address>0x2a00</run_address>
         <size>0x34</size>
         <input_file_ref idref="fl-2f"/>
      </object_component>
      <object_component id="oc-110">
         <name>.text.freopen</name>
         <load_address>0x2a34</load_address>
         <run_address>0x2a34</run_address>
         <size>0x34</size>
         <input_file_ref idref="fl-27"/>
      </object_component>
      <object_component id="oc-128">
         <name>.text.ST7735_Color565</name>
         <load_address>0x2a68</load_address>
         <run_address>0x2a68</run_address>
         <size>0x32</size>
         <input_file_ref idref="fl-7"/>
      </object_component>
      <object_component id="oc-150">
         <name>.text.commonInit</name>
         <load_address>0x2a9c</load_address>
         <run_address>0x2a9c</run_address>
         <size>0x30</size>
         <input_file_ref idref="fl-7"/>
      </object_component>
      <object_component id="oc-bf">
         <name>.text.ST7735_FillScreen</name>
         <load_address>0x2acc</load_address>
         <run_address>0x2acc</run_address>
         <size>0x2c</size>
         <input_file_ref idref="fl-7"/>
      </object_component>
      <object_component id="oc-23d">
         <name>.text.unlink</name>
         <load_address>0x2af8</load_address>
         <run_address>0x2af8</run_address>
         <size>0x2c</size>
         <input_file_ref idref="fl-86"/>
      </object_component>
      <object_component id="oc-125">
         <name>.text.ADC_Start</name>
         <load_address>0x2b24</load_address>
         <run_address>0x2b24</run_address>
         <size>0x28</size>
         <input_file_ref idref="fl-8"/>
      </object_component>
      <object_component id="oc-1de">
         <name>.text.free_list_insert</name>
         <load_address>0x2b4c</load_address>
         <run_address>0x2b4c</run_address>
         <size>0x28</size>
         <input_file_ref idref="fl-36"/>
      </object_component>
      <object_component id="oc-2ba">
         <name>.text.lseek</name>
         <load_address>0x2b74</load_address>
         <run_address>0x2b74</run_address>
         <size>0x28</size>
         <input_file_ref idref="fl-83"/>
      </object_component>
      <object_component id="oc-20b">
         <name>.text.write</name>
         <load_address>0x2b9c</load_address>
         <run_address>0x2b9c</run_address>
         <size>0x28</size>
         <input_file_ref idref="fl-7f"/>
      </object_component>
      <object_component id="oc-58">
         <name>.text:_c_int00_noargs</name>
         <load_address>0x2bc4</load_address>
         <run_address>0x2bc4</run_address>
         <size>0x28</size>
         <input_file_ref idref="fl-3a"/>
      </object_component>
      <object_component id="oc-1e1">
         <name>.text.memccpy</name>
         <load_address>0x2bec</load_address>
         <run_address>0x2bec</run_address>
         <size>0x24</size>
         <input_file_ref idref="fl-35"/>
      </object_component>
      <object_component id="oc-19d">
         <name>.text.pushColor</name>
         <load_address>0x2c10</load_address>
         <run_address>0x2c10</run_address>
         <size>0x1e</size>
         <input_file_ref idref="fl-7"/>
      </object_component>
      <object_component id="oc-1dd">
         <name>.text.free_list_remove</name>
         <load_address>0x2c30</load_address>
         <run_address>0x2c30</run_address>
         <size>0x1c</size>
         <input_file_ref idref="fl-36"/>
      </object_component>
      <object_component id="oc-86">
         <name>.text</name>
         <load_address>0x2c4c</load_address>
         <run_address>0x2c4c</run_address>
         <size>0x1c</size>
         <input_file_ref idref="fl-99"/>
      </object_component>
      <object_component id="oc-78">
         <name>.text.UART1_OutChar</name>
         <load_address>0x2c68</load_address>
         <run_address>0x2c68</run_address>
         <size>0x18</size>
         <input_file_ref idref="fl-a"/>
      </object_component>
      <object_component id="oc-11b">
         <name>.text.ST7735_open</name>
         <load_address>0x2c80</load_address>
         <run_address>0x2c80</run_address>
         <size>0x16</size>
         <input_file_ref idref="fl-7"/>
      </object_component>
      <object_component id="oc-119">
         <name>.text.ST7735_read</name>
         <load_address>0x2c96</load_address>
         <run_address>0x2c96</run_address>
         <size>0x16</size>
         <input_file_ref idref="fl-7"/>
      </object_component>
      <object_component id="oc-104">
         <name>.text.Fifo1_Init</name>
         <load_address>0x2cac</load_address>
         <run_address>0x2cac</run_address>
         <size>0x14</size>
         <input_file_ref idref="fl-3"/>
      </object_component>
      <object_component id="oc-4f">
         <name>.text:decompress:ZI:__TI_zero_init_nomemset</name>
         <load_address>0x2cc0</load_address>
         <run_address>0x2cc0</run_address>
         <size>0x14</size>
         <input_file_ref idref="fl-37"/>
      </object_component>
      <object_component id="oc-a8">
         <name>.text:TI_memcpy_small</name>
         <load_address>0x2cd4</load_address>
         <run_address>0x2cd4</run_address>
         <size>0x12</size>
         <input_file_ref idref="fl-a1"/>
      </object_component>
      <object_component id="oc-20">
         <name>.text:decompress:none</name>
         <load_address>0x2ce6</load_address>
         <run_address>0x2ce6</run_address>
         <size>0x12</size>
         <input_file_ref idref="fl-38"/>
      </object_component>
      <object_component id="oc-102">
         <name>.text.Clock_Delay</name>
         <load_address>0x2cf8</load_address>
         <run_address>0x2cf8</run_address>
         <size>0x10</size>
         <input_file_ref idref="fl-2"/>
      </object_component>
      <object_component id="oc-d4">
         <name>.text.TExaS_LaunchPadLogicPB27PB26</name>
         <load_address>0x2d08</load_address>
         <run_address>0x2d08</run_address>
         <size>0x10</size>
         <input_file_ref idref="fl-4"/>
      </object_component>
      <object_component id="oc-117">
         <name>.text.ST7735_lseek</name>
         <load_address>0x2d18</load_address>
         <run_address>0x2d18</run_address>
         <size>0xe</size>
         <input_file_ref idref="fl-7"/>
      </object_component>
      <object_component id="oc-22e">
         <name>.text.strcpy</name>
         <load_address>0x2d26</load_address>
         <run_address>0x2d26</run_address>
         <size>0xe</size>
         <input_file_ref idref="fl-8b"/>
      </object_component>
      <object_component id="oc-1e0">
         <name>.text.strlen</name>
         <load_address>0x2d34</load_address>
         <run_address>0x2d34</run_address>
         <size>0xe</size>
         <input_file_ref idref="fl-26"/>
      </object_component>
      <object_component id="oc-22f">
         <name>.text.strlen</name>
         <load_address>0x2d42</load_address>
         <run_address>0x2d42</run_address>
         <size>0xe</size>
         <input_file_ref idref="fl-8b"/>
      </object_component>
      <object_component id="oc-f4">
         <name>.text:TI_memset_small</name>
         <load_address>0x2d50</load_address>
         <run_address>0x2d50</run_address>
         <size>0xe</size>
         <input_file_ref idref="fl-a2"/>
      </object_component>
      <object_component id="oc-103">
         <name>.text.Clock_Freq</name>
         <load_address>0x2d60</load_address>
         <run_address>0x2d60</run_address>
         <size>0xc</size>
         <input_file_ref idref="fl-2"/>
      </object_component>
      <object_component id="oc-115">
         <name>.text.ST7735_rename</name>
         <load_address>0x2d6c</load_address>
         <run_address>0x2d6c</run_address>
         <size>0xc</size>
         <input_file_ref idref="fl-7"/>
      </object_component>
      <object_component id="oc-178">
         <name>.text.malloc</name>
         <load_address>0x2d78</load_address>
         <run_address>0x2d78</run_address>
         <size>0xc</size>
         <input_file_ref idref="fl-36"/>
      </object_component>
      <object_component id="oc-b2">
         <name>.text.PLL_Init</name>
         <load_address>0x2d84</load_address>
         <run_address>0x2d84</run_address>
         <size>0xa</size>
         <input_file_ref idref="fl-4"/>
      </object_component>
      <object_component id="oc-11c">
         <name>.text.ST7735_close</name>
         <load_address>0x2d8e</load_address>
         <run_address>0x2d8e</run_address>
         <size>0xa</size>
         <input_file_ref idref="fl-7"/>
      </object_component>
      <object_component id="oc-116">
         <name>.text.ST7735_unlink</name>
         <load_address>0x2d98</load_address>
         <run_address>0x2d98</run_address>
         <size>0xa</size>
         <input_file_ref idref="fl-7"/>
      </object_component>
      <object_component id="oc-c9">
         <name>.text.UART2_InChar</name>
         <load_address>0x2da2</load_address>
         <run_address>0x2da2</run_address>
         <size>0x8</size>
         <input_file_ref idref="fl-b"/>
      </object_component>
      <object_component id="oc-139">
         <name>.text._outc</name>
         <load_address>0x2daa</load_address>
         <run_address>0x2daa</run_address>
         <size>0x8</size>
         <input_file_ref idref="fl-25"/>
      </object_component>
      <object_component id="oc-138">
         <name>.text._outs</name>
         <load_address>0x2db2</load_address>
         <run_address>0x2db2</run_address>
         <size>0x8</size>
         <input_file_ref idref="fl-25"/>
      </object_component>
      <object_component id="oc-28e">
         <name>.text.fseek</name>
         <load_address>0x2dba</load_address>
         <run_address>0x2dba</run_address>
         <size>0x8</size>
         <input_file_ref idref="fl-41"/>
      </object_component>
      <object_component id="oc-1d6">
         <name>.text.remove</name>
         <load_address>0x2dc2</load_address>
         <run_address>0x2dc2</run_address>
         <size>0x8</size>
         <input_file_ref idref="fl-81"/>
      </object_component>
      <object_component id="oc-48">
         <name>.text</name>
         <load_address>0x2dcc</load_address>
         <run_address>0x2dcc</run_address>
         <size>0x8</size>
         <input_file_ref idref="fl-98"/>
      </object_component>
      <object_component id="oc-2c">
         <name>.text.Default_Handler</name>
         <load_address>0x2dd4</load_address>
         <run_address>0x2dd4</run_address>
         <size>0x4</size>
         <input_file_ref idref="fl-d"/>
      </object_component>
      <object_component id="oc-2d">
         <name>.text.HardFault_Handler</name>
         <load_address>0x2dd8</load_address>
         <run_address>0x2dd8</run_address>
         <size>0x4</size>
         <input_file_ref idref="fl-d"/>
      </object_component>
      <object_component id="oc-28">
         <name>.text.Reset_Handler</name>
         <load_address>0x2ddc</load_address>
         <run_address>0x2ddc</run_address>
         <size>0x4</size>
         <input_file_ref idref="fl-d"/>
      </object_component>
      <object_component id="oc-8a">
         <name>.text._system_pre_init</name>
         <load_address>0x2de0</load_address>
         <run_address>0x2de0</run_address>
         <size>0x4</size>
         <input_file_ref idref="fl-45"/>
      </object_component>
      <object_component id="oc-d7">
         <name>.text:abort</name>
         <load_address>0x2de4</load_address>
         <run_address>0x2de4</run_address>
         <size>0x4</size>
         <input_file_ref idref="fl-2f"/>
      </object_component>
      <object_component id="oc-2fe">
         <name>.cinit..data.load</name>
         <load_address>0x3428</load_address>
         <run_address>0x3428</run_address>
         <size>0x67</size>
      </object_component>
      <object_component id="oc-2fc">
         <name>__TI_handler_table</name>
         <load_address>0x3490</load_address>
         <run_address>0x3490</run_address>
         <size>0xc</size>
      </object_component>
      <object_component id="oc-2ff">
         <name>.cinit..bss.load</name>
         <load_address>0x349c</load_address>
         <run_address>0x349c</run_address>
         <size>0x8</size>
      </object_component>
      <object_component id="oc-2fd">
         <name>__TI_cinit_table</name>
         <load_address>0x34a4</load_address>
         <run_address>0x34a4</run_address>
         <size>0x10</size>
      </object_component>
      <object_component id="oc-181">
         <name>.rodata.Font</name>
         <load_address>0x2de8</load_address>
         <run_address>0x2de8</run_address>
         <size>0x4fb</size>
         <input_file_ref idref="fl-7"/>
      </object_component>
      <object_component id="oc-d5">
         <name>.rodata.str1.1</name>
         <load_address>0x32e3</load_address>
         <run_address>0x32e3</run_address>
         <size>0x70</size>
         <input_file_ref idref="fl-4"/>
      </object_component>
      <object_component id="oc-158">
         <name>.rodata.Rcmd1</name>
         <load_address>0x3353</load_address>
         <run_address>0x3353</run_address>
         <size>0x3b</size>
         <input_file_ref idref="fl-7"/>
      </object_component>
      <object_component id="oc-11a">
         <name>.rodata.str1.1</name>
         <load_address>0x338e</load_address>
         <run_address>0x338e</run_address>
         <size>0x2e</size>
         <input_file_ref idref="fl-7"/>
      </object_component>
      <object_component id="oc-15d">
         <name>.rodata.Rcmd3</name>
         <load_address>0x33bc</load_address>
         <run_address>0x33bc</run_address>
         <size>0x2b</size>
         <input_file_ref idref="fl-7"/>
      </object_component>
      <object_component id="oc-1e5">
         <name>.rodata.str1.1</name>
         <load_address>0x33e7</load_address>
         <run_address>0x33e7</run_address>
         <size>0x22</size>
         <input_file_ref idref="fl-26"/>
      </object_component>
      <object_component id="oc-15a">
         <name>.rodata.Rcmd2green</name>
         <load_address>0x3409</load_address>
         <run_address>0x3409</run_address>
         <size>0xd</size>
         <input_file_ref idref="fl-7"/>
      </object_component>
      <object_component id="oc-159">
         <name>.rodata.Rcmd2red</name>
         <load_address>0x3416</load_address>
         <run_address>0x3416</run_address>
         <size>0xd</size>
         <input_file_ref idref="fl-7"/>
      </object_component>
      <object_component id="oc-2c7">
         <name>.binit</name>
         <load_address>0x0</load_address>
         <run_address>0x0</run_address>
         <size>0x0</size>
      </object_component>
      <object_component id="oc-14d">
         <name>.data.BusFreq</name>
         <load_address>0x20200610</load_address>
         <run_address>0x20200610</run_address>
         <size>0x4</size>
         <input_file_ref idref="fl-2"/>
      </object_component>
      <object_component id="oc-12f">
         <name>.data.StX</name>
         <load_address>0x20200614</load_address>
         <run_address>0x20200614</run_address>
         <size>0x4</size>
         <input_file_ref idref="fl-7"/>
      </object_component>
      <object_component id="oc-130">
         <name>.data.StY</name>
         <load_address>0x20200618</load_address>
         <run_address>0x20200618</run_address>
         <size>0x4</size>
         <input_file_ref idref="fl-7"/>
      </object_component>
      <object_component id="oc-134">
         <name>.data.StTextColor</name>
         <load_address>0x20200628</load_address>
         <run_address>0x20200628</run_address>
         <size>0x2</size>
         <input_file_ref idref="fl-7"/>
      </object_component>
      <object_component id="oc-122">
         <name>.data._width</name>
         <load_address>0x2020062c</load_address>
         <run_address>0x2020062c</run_address>
         <size>0x2</size>
         <input_file_ref idref="fl-7"/>
      </object_component>
      <object_component id="oc-123">
         <name>.data._height</name>
         <load_address>0x2020062a</load_address>
         <run_address>0x2020062a</run_address>
         <size>0x2</size>
         <input_file_ref idref="fl-7"/>
      </object_component>
      <object_component id="oc-16c">
         <name>.data._search_fp.init</name>
         <load_address>0x20200630</load_address>
         <run_address>0x20200630</run_address>
         <size>0x1</size>
         <input_file_ref idref="fl-27"/>
      </object_component>
      <object_component id="oc-145">
         <name>.data..L_MergedGlobals</name>
         <load_address>0x20200608</load_address>
         <run_address>0x20200608</run_address>
         <size>0x8</size>
         <input_file_ref idref="fl-2f"/>
      </object_component>
      <object_component id="oc-136">
         <name>.data._lock</name>
         <load_address>0x20200620</load_address>
         <run_address>0x20200620</run_address>
         <size>0x4</size>
         <input_file_ref idref="fl-30"/>
      </object_component>
      <object_component id="oc-13a">
         <name>.data._unlock</name>
         <load_address>0x20200624</load_address>
         <run_address>0x20200624</run_address>
         <size>0x4</size>
         <input_file_ref idref="fl-30"/>
      </object_component>
      <object_component id="oc-11d">
         <name>.data._ftable</name>
         <load_address>0x20200450</load_address>
         <run_address>0x20200450</run_address>
         <size>0xf0</size>
         <input_file_ref idref="fl-34"/>
      </object_component>
      <object_component id="oc-16d">
         <name>.data.__TI_ft_end</name>
         <load_address>0x2020061c</load_address>
         <run_address>0x2020061c</run_address>
         <size>0x4</size>
         <input_file_ref idref="fl-34"/>
      </object_component>
      <object_component id="oc-246">
         <name>.data.memory_is_initialized</name>
         <load_address>0x20200638</load_address>
         <run_address>0x20200638</run_address>
         <size>0x1</size>
         <input_file_ref idref="fl-36"/>
      </object_component>
      <object_component id="oc-166">
         <name>.data._device</name>
         <load_address>0x20200540</load_address>
         <run_address>0x20200540</run_address>
         <size>0x78</size>
         <input_file_ref idref="fl-80"/>
      </object_component>
      <object_component id="oc-234">
         <name>.data._stream</name>
         <load_address>0x202005b8</load_address>
         <run_address>0x202005b8</run_address>
         <size>0x50</size>
         <input_file_ref idref="fl-80"/>
      </object_component>
      <object_component id="oc-233">
         <name>.data.open.stream_init</name>
         <load_address>0x2020063c</load_address>
         <run_address>0x2020063c</run_address>
         <size>0x1</size>
         <input_file_ref idref="fl-82"/>
      </object_component>
      <object_component id="oc-165">
         <name>.data.add_device.device_init</name>
         <load_address>0x20200634</load_address>
         <run_address>0x20200634</run_address>
         <size>0x1</size>
         <input_file_ref idref="fl-85"/>
      </object_component>
      <object_component id="oc-9a">
         <name>.bss.GetI</name>
         <uninitialized>true</uninitialized>
         <run_address>0x20200218</run_address>
         <size>0x4</size>
         <input_file_ref idref="fl-3"/>
      </object_component>
      <object_component id="oc-99">
         <name>.bss.PutI</name>
         <uninitialized>true</uninitialized>
         <run_address>0x2020021c</run_address>
         <size>0x4</size>
         <input_file_ref idref="fl-3"/>
      </object_component>
      <object_component id="oc-9b">
         <name>.bss.FIFO</name>
         <uninitialized>true</uninitialized>
         <run_address>0x202001c0</run_address>
         <size>0x40</size>
         <input_file_ref idref="fl-3"/>
      </object_component>
      <object_component id="oc-15b">
         <name>.bss.ColStart</name>
         <uninitialized>true</uninitialized>
         <run_address>0x2020024c</run_address>
         <size>0x1</size>
         <input_file_ref idref="fl-7"/>
      </object_component>
      <object_component id="oc-15c">
         <name>.bss.RowStart</name>
         <uninitialized>true</uninitialized>
         <run_address>0x2020024d</run_address>
         <size>0x1</size>
         <input_file_ref idref="fl-7"/>
      </object_component>
      <object_component id="oc-15e">
         <name>.bss.TabColor</name>
         <uninitialized>true</uninitialized>
         <run_address>0x2020024e</run_address>
         <size>0x1</size>
         <input_file_ref idref="fl-7"/>
      </object_component>
      <object_component id="oc-244">
         <name>.bss.sys_free</name>
         <uninitialized>true</uninitialized>
         <run_address>0x20200220</run_address>
         <size>0x4</size>
         <input_file_ref idref="fl-36"/>
      </object_component>
      <object_component id="oc-299">
         <name>.bss:_CIOBUF_</name>
         <uninitialized>true</uninitialized>
         <run_address>0x20200000</run_address>
         <size>0x120</size>
         <input_file_ref idref="fl-8e"/>
      </object_component>
      <object_component id="oc-7d">
         <name>.common:TransmitCount</name>
         <uninitialized>true</uninitialized>
         <run_address>0x20200238</run_address>
         <size>0x4</size>
      </object_component>
      <object_component id="oc-7e">
         <name>.common:Data</name>
         <uninitialized>true</uninitialized>
         <run_address>0x20200224</run_address>
         <size>0x4</size>
      </object_component>
      <object_component id="oc-7f">
         <name>.common:array</name>
         <uninitialized>true</uninitialized>
         <run_address>0x20200200</run_address>
         <size>0x10</size>
      </object_component>
      <object_component id="oc-d3">
         <name>.common:ReceiveCount</name>
         <uninitialized>true</uninitialized>
         <run_address>0x2020022c</run_address>
         <size>0x4</size>
      </object_component>
      <object_component id="oc-d6">
         <name>.common:Position</name>
         <uninitialized>true</uninitialized>
         <run_address>0x20200228</run_address>
         <size>0x4</size>
      </object_component>
      <object_component id="oc-129">
         <name>.common:Ymax</name>
         <uninitialized>true</uninitialized>
         <run_address>0x20200240</run_address>
         <size>0x4</size>
      </object_component>
      <object_component id="oc-12a">
         <name>.common:Ymin</name>
         <uninitialized>true</uninitialized>
         <run_address>0x20200244</run_address>
         <size>0x4</size>
      </object_component>
      <object_component id="oc-12b">
         <name>.common:Yrange</name>
         <uninitialized>true</uninitialized>
         <run_address>0x20200248</run_address>
         <size>0x4</size>
      </object_component>
      <object_component id="oc-12c">
         <name>.common:X</name>
         <uninitialized>true</uninitialized>
         <run_address>0x2020023c</run_address>
         <size>0x4</size>
      </object_component>
      <object_component id="oc-6b">
         <name>.common:TExaSadc</name>
         <uninitialized>true</uninitialized>
         <run_address>0x20200234</run_address>
         <size>0x4</size>
      </object_component>
      <object_component id="oc-6c">
         <name>.common:TExaSLogic</name>
         <uninitialized>true</uninitialized>
         <run_address>0x20200230</run_address>
         <size>0x4</size>
      </object_component>
      <object_component id="oc-1da">
         <name>.common:__TI_tmpnams</name>
         <uninitialized>true</uninitialized>
         <run_address>0x20200120</run_address>
         <size>0xa0</size>
      </object_component>
      <object_component id="oc-21b">
         <name>.common:parmbuf</name>
         <uninitialized>true</uninitialized>
         <run_address>0x20200210</run_address>
         <size>0x8</size>
      </object_component>
      <object_component id="oc-26">
         <name>.sysmem</name>
         <uninitialized>true</uninitialized>
         <run_address>0x20200250</run_address>
         <size>0x10</size>
         <input_file_ref idref="fl-36"/>
      </object_component>
      <object_component id="oc-302">
         <name>.sysmem</name>
         <uninitialized>true</uninitialized>
         <run_address>0x20200250</run_address>
         <size>0x0</size>
      </object_component>
      <object_component id="oc-1a">
         <name>.stack</name>
         <uninitialized>true</uninitialized>
         <run_address>0x20207e00</run_address>
         <size>0x4</size>
         <input_file_ref idref="fl-3a"/>
      </object_component>
      <object_component id="oc-301">
         <name>.stack</name>
         <uninitialized>true</uninitialized>
         <run_address>0x20207e00</run_address>
         <size>0x0</size>
      </object_component>
      <object_component id="oc-9e">
         <name>.debug_abbrev</name>
         <load_address>0x0</load_address>
         <run_address>0x0</run_address>
         <size>0xf5</size>
         <input_file_ref idref="fl-1"/>
      </object_component>
      <object_component id="oc-14e">
         <name>.debug_abbrev</name>
         <load_address>0xf5</load_address>
         <run_address>0xf5</run_address>
         <size>0x18b</size>
         <input_file_ref idref="fl-2"/>
      </object_component>
      <object_component id="oc-9c">
         <name>.debug_abbrev</name>
         <load_address>0x280</load_address>
         <run_address>0x280</run_address>
         <size>0xa4</size>
         <input_file_ref idref="fl-3"/>
      </object_component>
      <object_component id="oc-80">
         <name>.debug_abbrev</name>
         <load_address>0x324</load_address>
         <run_address>0x324</run_address>
         <size>0x149</size>
         <input_file_ref idref="fl-4"/>
      </object_component>
      <object_component id="oc-100">
         <name>.debug_abbrev</name>
         <load_address>0x46d</load_address>
         <run_address>0x46d</run_address>
         <size>0x10d</size>
         <input_file_ref idref="fl-5"/>
      </object_component>
      <object_component id="oc-1a3">
         <name>.debug_abbrev</name>
         <load_address>0x57a</load_address>
         <run_address>0x57a</run_address>
         <size>0xdb</size>
         <input_file_ref idref="fl-6"/>
      </object_component>
      <object_component id="oc-11f">
         <name>.debug_abbrev</name>
         <load_address>0x655</load_address>
         <run_address>0x655</run_address>
         <size>0x167</size>
         <input_file_ref idref="fl-7"/>
      </object_component>
      <object_component id="oc-6d">
         <name>.debug_abbrev</name>
         <load_address>0x7bc</load_address>
         <run_address>0x7bc</run_address>
         <size>0x129</size>
         <input_file_ref idref="fl-8"/>
      </object_component>
      <object_component id="oc-12d">
         <name>.debug_abbrev</name>
         <load_address>0x8e5</load_address>
         <run_address>0x8e5</run_address>
         <size>0xf3</size>
         <input_file_ref idref="fl-9"/>
      </object_component>
      <object_component id="oc-a6">
         <name>.debug_abbrev</name>
         <load_address>0x9d8</load_address>
         <run_address>0x9d8</run_address>
         <size>0xcc</size>
         <input_file_ref idref="fl-a"/>
      </object_component>
      <object_component id="oc-69">
         <name>.debug_abbrev</name>
         <load_address>0xaa4</load_address>
         <run_address>0xaa4</run_address>
         <size>0x116</size>
         <input_file_ref idref="fl-b"/>
      </object_component>
      <object_component id="oc-3d">
         <name>.debug_abbrev</name>
         <load_address>0xbba</load_address>
         <run_address>0xbba</run_address>
         <size>0x6d</size>
         <input_file_ref idref="fl-d"/>
      </object_component>
      <object_component id="oc-13b">
         <name>.debug_abbrev</name>
         <load_address>0xc27</load_address>
         <run_address>0xc27</run_address>
         <size>0xf5</size>
         <input_file_ref idref="fl-25"/>
      </object_component>
      <object_component id="oc-1e6">
         <name>.debug_abbrev</name>
         <load_address>0xd1c</load_address>
         <run_address>0xd1c</run_address>
         <size>0x2a7</size>
         <input_file_ref idref="fl-26"/>
      </object_component>
      <object_component id="oc-16e">
         <name>.debug_abbrev</name>
         <load_address>0xfc3</load_address>
         <run_address>0xfc3</run_address>
         <size>0x13d</size>
         <input_file_ref idref="fl-27"/>
      </object_component>
      <object_component id="oc-211">
         <name>.debug_abbrev</name>
         <load_address>0x1100</load_address>
         <run_address>0x1100</run_address>
         <size>0x100</size>
         <input_file_ref idref="fl-28"/>
      </object_component>
      <object_component id="oc-20f">
         <name>.debug_abbrev</name>
         <load_address>0x1200</load_address>
         <run_address>0x1200</run_address>
         <size>0x16b</size>
         <input_file_ref idref="fl-29"/>
      </object_component>
      <object_component id="oc-294">
         <name>.debug_abbrev</name>
         <load_address>0x136b</load_address>
         <run_address>0x136b</run_address>
         <size>0x95</size>
         <input_file_ref idref="fl-2a"/>
      </object_component>
      <object_component id="oc-17a">
         <name>.debug_abbrev</name>
         <load_address>0x1400</load_address>
         <run_address>0x1400</run_address>
         <size>0x9c</size>
         <input_file_ref idref="fl-2b"/>
      </object_component>
      <object_component id="oc-143">
         <name>.debug_abbrev</name>
         <load_address>0x149c</load_address>
         <run_address>0x149c</run_address>
         <size>0xb3</size>
         <input_file_ref idref="fl-2f"/>
      </object_component>
      <object_component id="oc-18e">
         <name>.debug_abbrev</name>
         <load_address>0x154f</load_address>
         <run_address>0x154f</run_address>
         <size>0x73</size>
         <input_file_ref idref="fl-30"/>
      </object_component>
      <object_component id="oc-17d">
         <name>.debug_abbrev</name>
         <load_address>0x15c2</load_address>
         <run_address>0x15c2</run_address>
         <size>0x77</size>
         <input_file_ref idref="fl-34"/>
      </object_component>
      <object_component id="oc-247">
         <name>.debug_abbrev</name>
         <load_address>0x1639</load_address>
         <run_address>0x1639</run_address>
         <size>0x8b</size>
         <input_file_ref idref="fl-35"/>
      </object_component>
      <object_component id="oc-5f">
         <name>.debug_abbrev</name>
         <load_address>0x16c4</load_address>
         <run_address>0x16c4</run_address>
         <size>0x220</size>
         <input_file_ref idref="fl-36"/>
      </object_component>
      <object_component id="oc-84">
         <name>.debug_abbrev</name>
         <load_address>0x18e4</load_address>
         <run_address>0x18e4</run_address>
         <size>0xcb</size>
         <input_file_ref idref="fl-37"/>
      </object_component>
      <object_component id="oc-4c">
         <name>.debug_abbrev</name>
         <load_address>0x19af</load_address>
         <run_address>0x19af</run_address>
         <size>0x70</size>
         <input_file_ref idref="fl-38"/>
      </object_component>
      <object_component id="oc-44">
         <name>.debug_abbrev</name>
         <load_address>0x1a1f</load_address>
         <run_address>0x1a1f</run_address>
         <size>0x9c</size>
         <input_file_ref idref="fl-39"/>
      </object_component>
      <object_component id="oc-3f">
         <name>.debug_abbrev</name>
         <load_address>0x1abb</load_address>
         <run_address>0x1abb</run_address>
         <size>0xaf</size>
         <input_file_ref idref="fl-3a"/>
      </object_component>
      <object_component id="oc-1db">
         <name>.debug_abbrev</name>
         <load_address>0x1b6a</load_address>
         <run_address>0x1b6a</run_address>
         <size>0xa4</size>
         <input_file_ref idref="fl-3f"/>
      </object_component>
      <object_component id="oc-238">
         <name>.debug_abbrev</name>
         <load_address>0x1c0e</load_address>
         <run_address>0x1c0e</run_address>
         <size>0xb2</size>
         <input_file_ref idref="fl-40"/>
      </object_component>
      <object_component id="oc-2b7">
         <name>.debug_abbrev</name>
         <load_address>0x1cc0</load_address>
         <run_address>0x1cc0</run_address>
         <size>0x95</size>
         <input_file_ref idref="fl-41"/>
      </object_component>
      <object_component id="oc-146">
         <name>.debug_abbrev</name>
         <load_address>0x1d55</load_address>
         <run_address>0x1d55</run_address>
         <size>0x186</size>
         <input_file_ref idref="fl-44"/>
      </object_component>
      <object_component id="oc-b0">
         <name>.debug_abbrev</name>
         <load_address>0x1edb</load_address>
         <run_address>0x1edb</run_address>
         <size>0x39</size>
         <input_file_ref idref="fl-45"/>
      </object_component>
      <object_component id="oc-296">
         <name>.debug_abbrev</name>
         <load_address>0x1f14</load_address>
         <run_address>0x1f14</run_address>
         <size>0x77</size>
         <input_file_ref idref="fl-7f"/>
      </object_component>
      <object_component id="oc-1c5">
         <name>.debug_abbrev</name>
         <load_address>0x1f8b</load_address>
         <run_address>0x1f8b</run_address>
         <size>0x99</size>
         <input_file_ref idref="fl-80"/>
      </object_component>
      <object_component id="oc-241">
         <name>.debug_abbrev</name>
         <load_address>0x2024</load_address>
         <run_address>0x2024</run_address>
         <size>0x64</size>
         <input_file_ref idref="fl-81"/>
      </object_component>
      <object_component id="oc-235">
         <name>.debug_abbrev</name>
         <load_address>0x2088</load_address>
         <run_address>0x2088</run_address>
         <size>0xfd</size>
         <input_file_ref idref="fl-82"/>
      </object_component>
      <object_component id="oc-2be">
         <name>.debug_abbrev</name>
         <load_address>0x2185</load_address>
         <run_address>0x2185</run_address>
         <size>0x76</size>
         <input_file_ref idref="fl-83"/>
      </object_component>
      <object_component id="oc-23a">
         <name>.debug_abbrev</name>
         <load_address>0x21fb</load_address>
         <run_address>0x21fb</run_address>
         <size>0x6b</size>
         <input_file_ref idref="fl-84"/>
      </object_component>
      <object_component id="oc-168">
         <name>.debug_abbrev</name>
         <load_address>0x2266</load_address>
         <run_address>0x2266</run_address>
         <size>0x14d</size>
         <input_file_ref idref="fl-85"/>
      </object_component>
      <object_component id="oc-29c">
         <name>.debug_abbrev</name>
         <load_address>0x23b3</load_address>
         <run_address>0x23b3</run_address>
         <size>0xd4</size>
         <input_file_ref idref="fl-86"/>
      </object_component>
      <object_component id="oc-21f">
         <name>.debug_abbrev</name>
         <load_address>0x2487</load_address>
         <run_address>0x2487</run_address>
         <size>0x81</size>
         <input_file_ref idref="fl-87"/>
      </object_component>
      <object_component id="oc-228">
         <name>.debug_abbrev</name>
         <load_address>0x2508</load_address>
         <run_address>0x2508</run_address>
         <size>0x81</size>
         <input_file_ref idref="fl-88"/>
      </object_component>
      <object_component id="oc-21c">
         <name>.debug_abbrev</name>
         <load_address>0x2589</load_address>
         <run_address>0x2589</run_address>
         <size>0x107</size>
         <input_file_ref idref="fl-89"/>
      </object_component>
      <object_component id="oc-222">
         <name>.debug_abbrev</name>
         <load_address>0x2690</load_address>
         <run_address>0x2690</run_address>
         <size>0x88</size>
         <input_file_ref idref="fl-8a"/>
      </object_component>
      <object_component id="oc-230">
         <name>.debug_abbrev</name>
         <load_address>0x2718</load_address>
         <run_address>0x2718</run_address>
         <size>0x10e</size>
         <input_file_ref idref="fl-8b"/>
      </object_component>
      <object_component id="oc-22b">
         <name>.debug_abbrev</name>
         <load_address>0x2826</load_address>
         <run_address>0x2826</run_address>
         <size>0xdb</size>
         <input_file_ref idref="fl-8c"/>
      </object_component>
      <object_component id="oc-225">
         <name>.debug_abbrev</name>
         <load_address>0x2901</load_address>
         <run_address>0x2901</run_address>
         <size>0x8f</size>
         <input_file_ref idref="fl-8d"/>
      </object_component>
      <object_component id="oc-29a">
         <name>.debug_abbrev</name>
         <load_address>0x2990</load_address>
         <run_address>0x2990</run_address>
         <size>0xc9</size>
         <input_file_ref idref="fl-8e"/>
      </object_component>
[...]
      </symbol>
      <symbol id="sm-126">
         <name>ST7735_rename</name>
         <value>0x2d6d</value>
         <object_component_ref idref="oc-115"/>
      </symbol>
      <symbol id="sm-127">
         <name>ST7735_InitPrintf</name>
         <value>0x18f9</value>
         <object_component_ref idref="oc-ba"/>
      </symbol>
      <symbol id="sm-13d">
         <name>ADC_Init</name>
         <value>0xa3d</value>
         <object_component_ref idref="oc-124"/>
      </symbol>
      <symbol id="sm-13e">
         <name>ADC_Start</name>
         <value>0x2b25</value>
         <object_component_ref idref="oc-125"/>
      </symbol>
      <symbol id="sm-13f">
         <name>UART_Init</name>
         <value>0x105d</value>
         <object_component_ref idref="oc-126"/>
      </symbol>
      <symbol id="sm-140">
         <name>TIMG7_IRQHandler</name>
         <value>0x2765</value>
         <object_component_ref idref="oc-33"/>
      </symbol>
      <symbol id="sm-141">
         <name>TExaSadc</name>
         <value>0x20200234</value>
      </symbol>
      <symbol id="sm-142">
         <name>TExaSLogic</name>
         <value>0x20200230</value>
      </symbol>
      <symbol id="sm-143">
         <name>TExaS_Init</name>
         <value>0x237d</value>
         <object_component_ref idref="oc-c1"/>
      </symbol>
      <symbol id="sm-150">
         <name>TimerG7_IntArm</name>
         <value>0x1705</value>
         <object_component_ref idref="oc-127"/>
      </symbol>
      <symbol id="sm-151">
         <name>TimerG12_IntArm</name>
         <value>0x1a2d</value>
         <object_component_ref idref="oc-c3"/>
      </symbol>
      <symbol id="sm-15e">
         <name>UART1_Init</name>
         <value>0x122d</value>
         <object_component_ref idref="oc-b8"/>
      </symbol>
      <symbol id="sm-15f">
         <name>UART1_OutChar</name>
         <value>0x2c69</value>
         <object_component_ref idref="oc-78"/>
      </symbol>
      <symbol id="sm-16e">
         <name>UART2_Init</name>
         <value>0x1591</value>
         <object_component_ref idref="oc-b9"/>
      </symbol>
      <symbol id="sm-16f">
         <name>UART2_InChar</name>
         <value>0x2da3</value>
         <object_component_ref idref="oc-c9"/>
      </symbol>
      <symbol id="sm-170">
         <name>UART2_IRQHandler</name>
         <value>0x23d5</value>
         <object_component_ref idref="oc-2e"/>
      </symbol>
      <symbol id="sm-17e">
         <name>Default_Handler</name>
         <value>0x2dd5</value>
         <object_component_ref idref="oc-2c"/>
      </symbol>
      <symbol id="sm-17f">
         <name>Reset_Handler</name>
         <value>0x2ddd</value>
         <object_component_ref idref="oc-28"/>
      </symbol>
      <symbol id="sm-180">
         <name>HardFault_Handler</name>
         <value>0x2dd9</value>
         <object_component_ref idref="oc-2d"/>
      </symbol>
      <symbol id="sm-181">
         <name>interruptVectors</name>
         <value>0x0</value>
         <object_component_ref idref="oc-18"/>
      </symbol>
      <symbol id="sm-182">
         <name>NMI_Handler</name>
         <value>0x2dd5</value>
         <object_component_ref idref="oc-2c"/>
      </symbol>
      <symbol id="sm-183">
         <name>SVC_Handler</name>
         <value>0x2dd5</value>
         <object_component_ref idref="oc-2c"/>
      </symbol>
      <symbol id="sm-184">
         <name>PendSV_Handler</name>
         <value>0x2dd5</value>
         <object_component_ref idref="oc-2c"/>
      </symbol>
      <symbol id="sm-185">
         <name>SysTick_Handler</name>
         <value>0x2dd5</value>
         <object_component_ref idref="oc-2c"/>
      </symbol>
      <symbol id="sm-186">
         <name>GROUP0_IRQHandler</name>
         <value>0x2dd5</value>
         <object_component_ref idref="oc-2c"/>
      </symbol>
      <symbol id="sm-187">
         <name>GROUP1_IRQHandler</name>
         <value>0x2dd5</value>
         <object_component_ref idref="oc-2c"/>
      </symbol>
      <symbol id="sm-188">
         <name>TIMG8_IRQHandler</name>
         <value>0x2dd5</value>
         <object_component_ref idref="oc-2c"/>
      </symbol>
      <symbol id="sm-189">
         <name>UART3_IRQHandler</name>
         <value>0x2dd5</value>
         <object_component_ref idref="oc-2c"/>
      </symbol>
      <symbol id="sm-18a">
         <name>ADC0_IRQHandler</name>
         <value>0x2dd5</value>
         <object_component_ref idref="oc-2c"/>
      </symbol>
      <symbol id="sm-18b">
         <name>ADC1_IRQHandler</name>
         <value>0x2dd5</value>
         <object_component_ref idref="oc-2c"/>
      </symbol>
      <symbol id="sm-18c">
         <name>CANFD0_IRQHandler</name>
         <value>0x2dd5</value>
         <object_component_ref idref="oc-2c"/>
      </symbol>
      <symbol id="sm-18d">
         <name>DAC0_IRQHandler</name>
         <value>0x2dd5</value>
         <object_component_ref idref="oc-2c"/>
      </symbol>
      <symbol id="sm-18e">
         <name>SPI0_IRQHandler</name>
         <value>0x2dd5</value>
         <object_component_ref idref="oc-2c"/>
      </symbol>
      <symbol id="sm-18f">
         <name>SPI1_IRQHandler</name>
         <value>0x2dd5</value>
         <object_component_ref idref="oc-2c"/>
      </symbol>
      <symbol id="sm-190">
         <name>UART1_IRQHandler</name>
         <value>0x2dd5</value>
         <object_component_ref idref="oc-2c"/>
      </symbol>
      <symbol id="sm-191">
         <name>UART0_IRQHandler</name>
         <value>0x2dd5</value>
         <object_component_ref idref="oc-2c"/>
      </symbol>
      <symbol id="sm-192">
         <name>TIMG0_IRQHandler</name>
         <value>0x2dd5</value>
         <object_component_ref idref="oc-2c"/>
      </symbol>
      <symbol id="sm-193">
         <name>TIMG6_IRQHandler</name>
         <value>0x2dd5</value>
         <object_component_ref idref="oc-2c"/>
      </symbol>
      <symbol id="sm-194">
         <name>TIMA0_IRQHandler</name>
         <value>0x2dd5</value>
         <object_component_ref idref="oc-2c"/>
      </symbol>
      <symbol id="sm-195">
         <name>TIMA1_IRQHandler</name>
         <value>0x2dd5</value>
         <object_component_ref idref="oc-2c"/>
      </symbol>
      <symbol id="sm-196">
         <name>I2C0_IRQHandler</name>
         <value>0x2dd5</value>
         <object_component_ref idref="oc-2c"/>
      </symbol>
      <symbol id="sm-197">
         <name>I2C1_IRQHandler</name>
         <value>0x2dd5</value>
         <object_component_ref idref="oc-2c"/>
      </symbol>
      <symbol id="sm-198">
         <name>AES_IRQHandler</name>
         <value>0x2dd5</value>
         <object_component_ref idref="oc-2c"/>
      </symbol>
      <symbol id="sm-199">
         <name>RTC_IRQHandler</name>
         <value>0x2dd5</value>
         <object_component_ref idref="oc-2c"/>
      </symbol>
      <symbol id="sm-19a">
         <name>DMA_IRQHandler</name>
         <value>0x2dd5</value>
         <object_component_ref idref="oc-2c"/>
      </symbol>
      <symbol id="sm-1ab">
         <name>printf</name>
         <value>0x2271</value>
         <object_component_ref idref="oc-cb"/>
      </symbol>
      <symbol id="sm-1c1">
         <name>__TI_printfi_minimal</name>
         <value>0xc1</value>
         <object_component_ref idref="oc-182"/>
      </symbol>
      <symbol id="sm-1d8">
         <name>fopen</name>
         <value>0x1ce1</value>
         <object_component_ref idref="oc-10a"/>
      </symbol>
      <symbol id="sm-1d9">
         <name>__TI_cleanup</name>
         <value>0x2965</value>
         <object_component_ref idref="oc-179"/>
      </symbol>
      <symbol id="sm-1da">
         <name>freopen</name>
         <value>0x2a35</value>
         <object_component_ref idref="oc-110"/>
      </symbol>
      <symbol id="sm-1e5">
         <name>fputc</name>
         <value>0x1ac1</value>
         <object_component_ref idref="oc-196"/>
      </symbol>
      <symbol id="sm-1f0">
         <name>fputs</name>
         <value>0xe75</value>
         <object_component_ref idref="oc-190"/>
      </symbol>
      <symbol id="sm-1fa">
         <name>__TI_wrt_ok</name>
         <value>0x214d</value>
         <object_component_ref idref="oc-205"/>
      </symbol>
      <symbol id="sm-204">
         <name>setvbuf</name>
         <value>0x1311</value>
         <object_component_ref idref="oc-111"/>
      </symbol>
      <symbol id="sm-215">
         <name>abort</name>
         <value>0x2de5</value>
         <object_component_ref idref="oc-d7"/>
      </symbol>
      <symbol id="sm-216">
         <name>C$$EXIT</name>
         <value>0x2de4</value>
         <object_component_ref idref="oc-d7"/>
      </symbol>
      <symbol id="sm-217">
         <name>__TI_cleanup_ptr</name>
         <value>0x20200608</value>
         <object_component_ref idref="oc-145"/>
      </symbol>
      <symbol id="sm-218">
         <name>__TI_dtors_ptr</name>
         <value>0x2020060c</value>
         <object_component_ref idref="oc-145"/>
      </symbol>
      <symbol id="sm-219">
         <name>exit</name>
         <value>0x2a01</value>
         <object_component_ref idref="oc-dc"/>
      </symbol>
      <symbol id="sm-222">
         <name>_nop</name>
         <value>0x2483</value>
         <object_component_ref idref="oc-18a"/>
      </symbol>
      <symbol id="sm-223">
         <name>_lock</name>
         <value>0x20200620</value>
         <object_component_ref idref="oc-136"/>
      </symbol>
      <symbol id="sm-224">
         <name>_unlock</name>
         <value>0x20200624</value>
         <object_component_ref idref="oc-13a"/>
      </symbol>
      <symbol id="sm-22c">
         <name>_ftable</name>
         <value>0x20200450</value>
         <object_component_ref idref="oc-11d"/>
      </symbol>
      <symbol id="sm-22d">
         <name>__TI_ft_end</name>
         <value>0x2020061c</value>
         <object_component_ref idref="oc-16d"/>
      </symbol>
      <symbol id="sm-22e">
         <name>__TI_tmpnams</name>
         <value>0x20200120</value>
      </symbol>
      <symbol id="sm-237">
         <name>memccpy</name>
         <value>0x2bed</value>
         <object_component_ref idref="oc-1e1"/>
      </symbol>
      <symbol id="sm-257">
         <name>malloc</name>
         <value>0x2d79</value>
         <object_component_ref idref="oc-178"/>
      </symbol>
      <symbol id="sm-258">
         <name>aligned_alloc</name>
         <value>0x7d1</value>
         <object_component_ref idref="oc-1df"/>
      </symbol>
      <symbol id="sm-259">
         <name>free</name>
         <value>0xc7d</value>
         <object_component_ref idref="oc-176"/>
      </symbol>
      <symbol id="sm-25a">
         <name>_sys_memory</name>
         <value>0x20200250</value>
         <object_component_ref idref="oc-26"/>
      </symbol>
      <symbol id="sm-25b">
         <name>memalign</name>
         <value>0x7d1</value>
         <object_component_ref idref="oc-1df"/>
      </symbol>
      <symbol id="sm-265">
         <name>__TI_zero_init_nomemset</name>
         <value>0x2cc1</value>
         <object_component_ref idref="oc-4f"/>
      </symbol>
      <symbol id="sm-26e">
         <name>__TI_decompress_none</name>
         <value>0x2ce7</value>
         <object_component_ref idref="oc-20"/>
      </symbol>
      <symbol id="sm-279">
         <name>__TI_decompress_lzss</name>
         <value>0x20e5</value>
         <object_component_ref idref="oc-1c"/>
      </symbol>
      <symbol id="sm-284">
         <name>_c_int00_noargs</name>
         <value>0x2bc5</value>
         <object_component_ref idref="oc-58"/>
      </symbol>
      <symbol id="sm-285">
         <name>__stack</name>
         <value>0x20207e00</value>
         <object_component_ref idref="oc-1a"/>
      </symbol>
      <symbol id="sm-294">
         <name>__TI_closefile</name>
         <value>0x1d65</value>
         <object_component_ref idref="oc-170"/>
      </symbol>
      <symbol id="sm-29e">
         <name>__TI_doflush</name>
         <value>0x24d5</value>
         <object_component_ref idref="oc-1cc"/>
      </symbol>
      <symbol id="sm-2ab">
         <name>fseek</name>
         <value>0x2dbb</value>
         <object_component_ref idref="oc-28e"/>
      </symbol>
      <symbol id="sm-2ac">
         <name>fseeko</name>
         <value>0x1f3d</value>
         <object_component_ref idref="oc-2b6"/>
      </symbol>
      <symbol id="sm-2b8">
         <name>__TI_auto_init_nobinit_nopinit</name>
         <value>0x27e5</value>
         <object_component_ref idref="oc-de"/>
      </symbol>
      <symbol id="sm-2c0">
         <name>_system_pre_init</name>
         <value>0x2de1</value>
         <object_component_ref idref="oc-8a"/>
      </symbol>
      <symbol id="sm-2cb">
         <name>write</name>
         <value>0x2b9d</value>
         <object_component_ref idref="oc-20b"/>
      </symbol>
      <symbol id="sm-2d0">
         <name>_device</name>
         <value>0x20200540</value>
         <object_component_ref idref="oc-166"/>
      </symbol>
      <symbol id="sm-2d1">
         <name>_stream</name>
         <value>0x202005b8</value>
         <object_component_ref idref="oc-234"/>
      </symbol>
      <symbol id="sm-2da">
         <name>remove</name>
         <value>0x2dc3</value>
         <object_component_ref idref="oc-1d6"/>
      </symbol>
      <symbol id="sm-2e6">
         <name>open</name>
         <value>0x17ad</value>
         <object_component_ref idref="oc-1c8"/>
      </symbol>
      <symbol id="sm-2f0">
         <name>lseek</name>
         <value>0x2b75</value>
         <object_component_ref idref="oc-2ba"/>
      </symbol>
      <symbol id="sm-2fa">
         <name>close</name>
         <value>0x2525</value>
         <object_component_ref idref="oc-1d2"/>
      </symbol>
      <symbol id="sm-306">
         <name>add_device</name>
         <value>0x1145</value>
         <object_component_ref idref="oc-106"/>
      </symbol>
      <symbol id="sm-310">
         <name>unlink</name>
         <value>0x2af9</value>
         <object_component_ref idref="oc-23d"/>
      </symbol>
      <symbol id="sm-31a">
         <name>HOSTclose</name>
         <value>0x25c1</value>
         <object_component_ref idref="oc-1ab"/>
      </symbol>
      <symbol id="sm-324">
         <name>HOSTlseek</name>
         <value>0x2015</value>
         <object_component_ref idref="oc-1b7"/>
      </symbol>
      <symbol id="sm-32e">
         <name>HOSTopen</name>
         <value>0x2215</value>
         <object_component_ref idref="oc-1a7"/>
      </symbol>
      <symbol id="sm-32f">
         <name>parmbuf</name>
         <value>0x20200210</value>
      </symbol>
      <symbol id="sm-339">
         <name>HOSTread</name>
         <value>0x22cd</value>
         <object_component_ref idref="oc-1af"/>
      </symbol>
      <symbol id="sm-34a">
         <name>HOSTrename</name>
         <value>0x207d</value>
         <object_component_ref idref="oc-1bf"/>
      </symbol>
      <symbol id="sm-354">
         <name>HOSTunlink</name>
         <value>0x2609</value>
         <object_component_ref idref="oc-1bb"/>
      </symbol>
      <symbol id="sm-35e">
         <name>HOSTwrite</name>
         <value>0x2325</value>
         <object_component_ref idref="oc-1b3"/>
      </symbol>
      <symbol id="sm-36c">
         <name>C$$IO$$</name>
         <value>0x29f7</value>
         <object_component_ref idref="oc-214"/>
      </symbol>
      <symbol id="sm-36d">
         <name>__TI_writemsg</name>
         <value>0x29cd</value>
         <object_component_ref idref="oc-214"/>
      </symbol>
      <symbol id="sm-36e">
         <name>__CIOBUF_</name>
         <value>0x20200000</value>
         <object_component_ref idref="oc-299"/>
      </symbol>
      <symbol id="sm-36f">
         <name>__TI_readmsg</name>
         <value>0x2999</value>
         <object_component_ref idref="oc-21a"/>
      </symbol>
      <symbol id="sm-370">
         <name>_CIOBUF_</name>
         <value>0x20200000</value>
         <object_component_ref idref="oc-299"/>
      </symbol>
      <symbol id="sm-376">
         <name>__aeabi_idiv</name>
         <value>0x242d</value>
         <object_component_ref idref="oc-13d"/>
      </symbol>
      <symbol id="sm-377">
         <name>__aeabi_idivmod</name>
         <value>0x242d</value>
         <object_component_ref idref="oc-13d"/>
      </symbol>
      <symbol id="sm-37d">
         <name>__aeabi_memcpy</name>
         <value>0x2dcd</value>
         <object_component_ref idref="oc-48"/>
      </symbol>
      <symbol id="sm-37e">
         <name>__aeabi_memcpy4</name>
         <value>0x2dcd</value>
         <object_component_ref idref="oc-48"/>
      </symbol>
      <symbol id="sm-37f">
         <name>__aeabi_memcpy8</name>
         <value>0x2dcd</value>
         <object_component_ref idref="oc-48"/>
      </symbol>
      <symbol id="sm-385">
         <name>__aeabi_memset</name>
         <value>0x2c4d</value>
         <object_component_ref idref="oc-86"/>
      </symbol>
      <symbol id="sm-386">
         <name>__aeabi_memset4</name>
         <value>0x2c4d</value>
         <object_component_ref idref="oc-86"/>
      </symbol>
      <symbol id="sm-387">
         <name>__aeabi_memset8</name>
         <value>0x2c4d</value>
         <object_component_ref idref="oc-86"/>
      </symbol>
      <symbol id="sm-388">
         <name>__aeabi_memclr</name>
         <value>0x2c5d</value>
         <object_component_ref idref="oc-86"/>
      </symbol>
      <symbol id="sm-389">
         <name>__aeabi_memclr4</name>
         <value>0x2c5d</value>
         <object_component_ref idref="oc-86"/>
      </symbol>
      <symbol id="sm-38a">
         <name>__aeabi_memclr8</name>
         <value>0x2c5d</value>
         <object_component_ref idref="oc-86"/>
      </symbol>
      <symbol id="sm-390">
         <name>__aeabi_uidiv</name>
         <value>0x27a5</value>
         <object_component_ref idref="oc-74"/>
      </symbol>
      <symbol id="sm-391">
         <name>__aeabi_uidivmod</name>
         <value>0x27a5</value>
         <object_component_ref idref="oc-74"/>
      </symbol>
      <symbol id="sm-39c">
         <name>__aeabi_idiv0</name>
         <value>0x18f7</value>
         <object_component_ref idref="oc-a0"/>
      </symbol>
      <symbol id="sm-3aa">
         <name>finddevice</name>
         <value>0x2891</value>
         <object_component_ref idref="oc-15f"/>
      </symbol>
      <symbol id="sm-3ab">
         <name>getdevice</name>
         <value>0x1fa9</value>
         <object_component_ref idref="oc-232"/>
      </symbol>
      <symbol id="sm-3b4">
         <name>TI_memcpy_small</name>
         <value>0x2cd5</value>
         <object_component_ref idref="oc-a8"/>
      </symbol>
      <symbol id="sm-3bd">
         <name>TI_memset_small</name>
         <value>0x2d51</value>
         <object_component_ref idref="oc-f4"/>
      </symbol>
      <symbol id="sm-3be">
         <name>__TI_static_base__</name>
         <value>0x0</value>
      </symbol>
      <symbol id="sm-3c1">
         <name>__mpu_init</name>
         <value>0x0</value>
      </symbol>
      <symbol id="sm-3c2">
         <name>_system_post_cinit</name>
         <value>0x0</value>
      </symbol>
   </symbol_table>
   <title>Link successful</title>
</link_info>
