******************************************************************************
            TI ARM Clang Linker PC v2.1.3                      
******************************************************************************
>> Linked Mon Nov  6 15:51:48 2023

OUTPUT FILE NAME:   <ECE319K_Lab2.out>
ENTRY POINT SYMBOL: "_c_int00_noargs"  address: 00001145


MEMORY CONFIGURATION

         name            origin    length      used     unused   attr    fill
----------------------  --------  ---------  --------  --------  ----  --------
  FLASH                 00000000   00020000  000016b0  0001e950  R  X
  SRAM                  20200000   00008000  000005ec  00007a14  RW X
  BCR_CONFIG            41c00000   00000080  00000000  00000080  R   
  BSL_CONFIG            41c00100   00000080  00000000  00000080  R   


SEGMENT ALLOCATION MAP

run origin  load origin   length   init length attrs members
----------  ----------- ---------- ----------- ----- -------
00000000    00000000    000016b0   000016b0    r-x
  00000000    00000000    000000c0   000000c0    r-- .intvecs
  000000c0    000000c0    000011a8   000011a8    r-x .text
  00001268    00001268    00000410   00000410    r-- .rodata
  00001678    00001678    00000038   00000038    r-- .cinit
20200000    20200000    000003ec   00000000    rw-
  20200000    20200000    00000200   00000000    rw- .sysmem
  20200200    20200200    000001cc   00000000    rw- .bss
  202003cc    202003cc    00000020   00000000    rw- .data
20207e00    20207e00    00000200   00000000    rw-
  20207e00    20207e00    00000200   00000000    rw- .stack


SECTION ALLOCATION MAP

 output                                  attributes/
section   page    origin      length       input sections
--------  ----  ----------  ----------   ----------------
.intvecs   0    00000000    000000c0     
                  00000000    000000c0     startup_mspm0g3507_ticlang.o (.intvecs)

.text      0    000000c0    000011a8     
                  000000c0    000001b4     Clock.o (.text.Clock_Init80MHz)
                  00000274    00000188     ECE319K_Lab2main.o (.text.TIMG0_IRQHandler)
                  000003fc    00000188     ECE319K_Lab2.o (.text)
                  00000584    00000168     ECE319K_Lab2main.o (.text.Lab2Grader)
                  000006ec    00000134     ECE319K_Lab2main.o (.text.ADC_Init)
                  00000820    000000e8     UARTbusywait.o (.text.UART_Init)
                  00000908    000000c4     Dump.o (.text.Debug_Period)
                  000009cc    000000ac     ECE319K_Lab2main.o (.text.ShowProblem)
                  00000a78    000000a8     Timer.o (.text.TimerG7_IntArm)
                  00000b20    000000a4     ECE319K_Lab2main.o (.text.CheckInit)
                  00000bc4    000000a4     Timer.o (.text.TimerG0_IntArm)
                  00000c68    00000094     ECE319K_Lab2main.o (.text.main)
                  00000cfc    00000084     LaunchPad.o (.text.LaunchPad_Init)
                  00000d80    00000068     libc.a : copy_decompress_lzss.c.obj (.text:decompress:lzss)
                  00000de8    00000060     Timer.o (.text.TimerG12_Init)
                  00000e48    0000005c     ECE319K_Lab2main.o (.text.AddPoints)
                  00000ea4    00000054     Dump.o (.text.Dump)
                  00000ef8    00000054     ECE319K_Lab2main.o (.text.TIMG7_IRQHandler)
                  00000f4c    00000050     Dump.o (.text.Debug_Dump)
                  00000f9c    00000040     libclang_rt.builtins.a : aeabi_uidivmod.S.obj (.text)
                  00000fdc    0000003c     libc.a : autoinit.c.obj (.text:__TI_auto_init_nobinit_nopinit)
                  00001018    00000038     LaunchPad.o (.text.ActivatePortA_B)
                  00001050    00000036     UART.o (.text.UART_OutUDec)
                  00001086    00000002     libclang_rt.builtins.a : aeabi_div0.c.obj (.text.__aeabi_idiv0)
                  00001088    00000034     ECE319K_Lab2main.o (.text.EndLab2)
                  000010bc    00000034     ECE319K_Lab2main.o (.text.setUpper)
                  000010f0    0000002c     UARTbusywait.o (.text.UART_OutChar)
                  0000111c    00000028     ECE319K_Lab2main.o (.text.ADC_Start)
                  00001144    00000028     libc.a : boot_cortex_m.c.obj (.text:_c_int00_noargs)
                  0000116c    00000026     UART.o (.text.UART_OutString)
                  00001192    00000002     --HOLE-- [fill = 0]
                  00001194    00000020     ECE319K_Lab2main.o (.text.Random32)
                  000011b4    00000018     ECE319K_Lab2main.o (.text.Random)
                  000011cc    00000016     libc.a : strcmp.c.obj (.text.strcmp)
                  000011e2    00000002     --HOLE-- [fill = 0]
                  000011e4    00000014     Dump.o (.text.Debug_Init)
                  000011f8    00000014     libc.a : copy_zero_init.c.obj (.text:decompress:ZI:__TI_zero_init_nomemset)
                  0000120c    00000012            : memcpy16.S.obj (.text:TI_memcpy_small)
                  0000121e    00000012            : copy_decompress_none.c.obj (.text:decompress:none)
                  00001230    00000010     Clock.o (.text.Clock_Delay)
                  00001240    0000000c     Clock.o (.text.Clock_Freq)
                  0000124c    00000008     libclang_rt.builtins.a : aeabi_memcpy.S.obj (.text)
                  00001254    00000004     startup_mspm0g3507_ticlang.o (.text.Default_Handler)
                  00001258    00000004     startup_mspm0g3507_ticlang.o (.text.Reset_Handler)
                  0000125c    00000004     libc.a : pre_init.c.obj (.text._system_pre_init)
                  00001260    00000004            : exit.c.obj (.text:abort)
                  00001264    00000004     --HOLE-- [fill = 0]

.cinit     0    00001678    00000038     
                  00001678    0000000e     (.cinit..data.load) [load image, compression = lzss]
                  00001686    00000002     --HOLE-- [fill = 0]
                  00001688    0000000c     (__TI_handler_table)
                  00001694    00000008     (.cinit..bss.load) [load image, compression = zero_init]
                  0000169c    00000010     (__TI_cinit_table)
                  000016ac    00000004     --HOLE-- [fill = 0]

.rodata    0    00001268    00000410     
                  00001268    00000140     ECE319K_Lab2main.o (.rodata.ChangeProblem)
                  000013a8    00000125     ECE319K_Lab2main.o (.rodata.str1.1)
                  000014cd    000000f0     ECE319K_Lab2main.o (.rodata.LEDProblem)
                  000015bd    00000003     --HOLE-- [fill = 0]
                  000015c0    00000080     ECE319K_Lab2main.o (.rodata.Duties)
                  00001640    00000010     ECE319K_Lab2main.o (.rodata.ChangeMask)
                  00001650    00000010     ECE319K_Lab2main.o (.rodata.InMux)
                  00001660    0000000c     ECE319K_Lab2main.o (.rodata.LEDMask)
                  0000166c    0000000c     ECE319K_Lab2main.o (.rodata.OutMux)

.init_array 
*          0    00000000    00000000     UNINITIALIZED

.binit     0    00000000    00000000     

.sysmem    0    20200000    00000200     UNINITIALIZED
                  20200000    00000010     libc.a : memory.c.obj (.sysmem)
                  20200010    000001f0     --HOLE--

.bss       0    20200200    000001cc     UNINITIALIZED
                  20200200    000000c8     (.common:DataBuffer)
                  202002c8    000000c8     (.common:TimeBuffer)
                  20200390    00000010     (.common:Inflag)
                  202003a0    00000004     (.common:DebugCnt)
                  202003a4    00000004     (.common:Duty)
                  202003a8    00000004     (.common:FirstCount)
                  202003ac    00000004     (.common:LastLED)
                  202003b0    00000004     (.common:M)
                  202003b4    00000004     (.common:Period)
                  202003b8    00000004     (.common:Phase)
                  202003bc    00000004     (.common:SecondCount)
                  202003c0    00000004     (.common:SizeofEID)
                  202003c4    00000004     (.common:TExaSadc)
                  202003c8    00000004     (.common:Theperiod)

.data      0    202003cc    00000020     UNINITIALIZED
                  202003cc    00000008     ECE319K_Lab2.o (.data)
                  202003d4    00000004     Clock.o (.data.BusFreq)
                  202003d8    00000004     ECE319K_Lab2main.o (.data.Mode0)
                  202003dc    00000004     ECE319K_Lab2main.o (.data.Mode1)
                  202003e0    00000004     ECE319K_Lab2main.o (.data.Mode2)
                  202003e4    00000004     ECE319K_Lab2main.o (.data.Score)
                  202003e8    00000004     ECE319K_Lab2main.o (.data.Time)

.stack     0    20207e00    00000200     UNINITIALIZED
                  20207e00    00000004     libc.a : boot_cortex_m.c.obj (.stack)
                  20207e04    000001fc     --HOLE--

__llvm_prf_cnts 
*          0    20200000    00000000     UNINITIALIZED

__llvm_prf_bits 
*          0    20200000    00000000     UNINITIALIZED

MODULE SUMMARY

       Module                         code   ro data   rw data
       ------                         ----   -------   -------
    .\
       ECE319K_Lab2main.o             1920   1037      72     
       Dump.o                         380    0         408    
       Clock.o                        464    0         4      
       Timer.o                        428    0         0      
       ECE319K_Lab2.o                 392    0         8      
       UARTbusywait.o                 276    0         0      
       LaunchPad.o                    188    0         0      
       UART.o                         92     0         0      
    +--+------------------------------+------+---------+---------+
       Total:                         4140   1037      492    
                                                              
    .\ticlang\
       startup_mspm0g3507_ticlang.o   8      192       0      
    +--+------------------------------+------+---------+---------+
       Total:                         8      192       0      
                                                              
    C:\ti\ccs1240\ccs\tools\compiler\ti-cgt-armllvm_2.1.3.LTS\lib\armv6m-ti-none-eabi/c/libc.a
       copy_decompress_lzss.c.obj     104    0         0      
       autoinit.c.obj                 60     0         0      
       boot_cortex_m.c.obj            40     0         0      
       strcmp.c.obj                   22     0         0      
       copy_zero_init.c.obj           20     0         0      
       copy_decompress_none.c.obj     18     0         0      
       memcpy16.S.obj                 18     0         0      
       exit.c.obj                     4      0         0      
       pre_init.c.obj                 4      0         0      
    +--+------------------------------+------+---------+---------+
       Total:                         290    0         0      
                                                              
    C:\ti\ccs1240\ccs\tools\compiler\ti-cgt-armllvm_2.1.3.LTS\lib\clang/14.0.6/lib/armv6m-ti-none-eabi/libclang_rt.builtins.a
       aeabi_uidivmod.S.obj           64     0         0      
       aeabi_memcpy.S.obj             8      0         0      
       aeabi_div0.c.obj               2      0         0      
    +--+------------------------------+------+---------+---------+
       Total:                         74     0         0      
                                                              
       Heap:                          0      0         512    
       Stack:                         0      0         512    
       Linker Generated:              0      50        0      
    +--+------------------------------+------+---------+---------+
       Grand Total:                   4512   1279      1516   


LINKER GENERATED COPY TABLES

__TI_cinit_table @ 0000169c records: 2, size/record: 8, table size: 16
	.data: load addr=00001678, load size=0000000e bytes, run addr=202003cc, run size=00000020 bytes, compression=lzss
	.bss: load addr=00001694, load size=00000008 bytes, run addr=20200200, run size=000001cc bytes, compression=zero_init


LINKER GENERATED HANDLER TABLE

__TI_handler_table @ 00001688 records: 3, size/record: 4, table size: 12
	index: 0, handler: __TI_decompress_lzss
	index: 1, handler: __TI_decompress_none
	index: 2, handler: __TI_zero_init


GLOBAL SYMBOLS: SORTED ALPHABETICALLY BY Name 

address   name                          
-------   ----                          
00001255  ADC0_IRQHandler               
00001255  ADC1_IRQHandler               
000006ed  ADC_Init                      
0000111d  ADC_Start                     
00001255  AES_IRQHandler                
00001019  ActivatePortA_B               
00000e49  AddPoints                     
202003d4  BusFreq                       
00001260  C$$EXIT                       
00001255  CANFD0_IRQHandler             
00001640  ChangeMask                    
00001268  ChangeProblem                 
00000b21  CheckInit                     
00001231  Clock_Delay                   
00001241  Clock_Freq                    
000000c1  Clock_Init80MHz               
00001255  DAC0_IRQHandler               
00001255  DMA_IRQHandler                
20200200  DataBuffer                    
202003a0  DebugCnt                      
00000f4d  Debug_Dump                    
000011e5  Debug_Init                    
00000909  Debug_Period                  
00001255  Default_Handler               
00000ea5  Dump                          
000015c0  Duties                        
202003a4  Duty                          
000003fc  EID                           
00001089  EndLab2                       
202003a8  FirstCount                    
00001255  GROUP0_IRQHandler             
00001255  GROUP1_IRQHandler             
00001255  HardFault_Handler             
00001255  I2C0_IRQHandler               
00001255  I2C1_IRQHandler               
00001650  InMux                         
20200390  Inflag                        
00001660  LEDMask                       
000014cd  LEDProblem                    
00000484  Lab2                          
00000585  Lab2Grader                    
202003ac  LastLED                       
00000cfd  LaunchPad_Init                
202003b0  M                             
202003d8  Mode0                         
202003dc  Mode1                         
202003e0  Mode2                         
00001255  NMI_Handler                   
0000166c  OutMux                        
00001255  PendSV_Handler                
202003b4  Period                        
202003b8  Phase                         
00001255  RTC_IRQHandler                
000011b5  Random                        
00001195  Random32                      
00001259  Reset_Handler                 
00001255  SPI0_IRQHandler               
00001255  SPI1_IRQHandler               
00001255  SVC_Handler                   
202003e4  Score                         
202003bc  SecondCount                   
000009cd  ShowProblem                   
202003c0  SizeofEID                     
00001255  SysTick_Handler               
202003c4  TExaSadc                      
00001255  TIMA0_IRQHandler              
00001255  TIMA1_IRQHandler              
00000275  TIMG0_IRQHandler              
00001255  TIMG12_IRQHandler             
00001255  TIMG6_IRQHandler              
00000ef9  TIMG7_IRQHandler              
00001255  TIMG8_IRQHandler              
0000120d  TI_memcpy_small               
202003c8  Theperiod                     
202003e8  Time                          
202002c8  TimeBuffer                    
00000bc5  TimerG0_IntArm                
00000de9  TimerG12_Init                 
00000a79  TimerG7_IntArm                
00001255  UART0_IRQHandler              
00001255  UART1_IRQHandler              
00001255  UART2_IRQHandler              
00001255  UART3_IRQHandler              
00000821  UART_Init                     
000010f1  UART_OutChar                  
0000116d  UART_OutString                
00001051  UART_OutUDec                  
20208000  __STACK_END                   
00000200  __STACK_SIZE                  
00000200  __SYSMEM_SIZE                 
0000169c  __TI_CINIT_Base               
000016ac  __TI_CINIT_Limit              
000016ac  __TI_CINIT_Warm               
00001688  __TI_Handler_Table_Base       
00001694  __TI_Handler_Table_Limit      
00000fdd  __TI_auto_init_nobinit_nopinit
00000d81  __TI_decompress_lzss          
0000121f  __TI_decompress_none          
ffffffff  __TI_pprof_out_hndl           
ffffffff  __TI_prof_data_size           
ffffffff  __TI_prof_data_start          
00000000  __TI_static_base__            
000011f9  __TI_zero_init_nomemset       
00001087  __aeabi_idiv0                 
0000124d  __aeabi_memcpy                
0000124d  __aeabi_memcpy4               
0000124d  __aeabi_memcpy8               
00000f9d  __aeabi_uidiv                 
00000f9d  __aeabi_uidivmod              
ffffffff  __binit__                     
UNDEFED   __mpu_init                    
20207e00  __stack                       
20200000  __start___llvm_prf_bits       
20200000  __start___llvm_prf_cnts       
20200000  __stop___llvm_prf_bits        
20200000  __stop___llvm_prf_cnts        
00001145  _c_int00_noargs               
20200000  _sys_memory                   
UNDEFED   _system_post_cinit            
0000125d  _system_pre_init              
00001261  abort                         
ffffffff  binit                         
00000000  interruptVectors              
00000c69  main                          
000010bd  setUpper                      
000011cd  strcmp                        


GLOBAL SYMBOLS: SORTED BY Symbol Address 

address   name                          
-------   ----                          
00000000  __TI_static_base__            
00000000  interruptVectors              
000000c1  Clock_Init80MHz               
00000200  __STACK_SIZE                  
00000200  __SYSMEM_SIZE                 
00000275  TIMG0_IRQHandler              
000003fc  EID                           
00000484  Lab2                          
00000585  Lab2Grader                    
000006ed  ADC_Init                      
00000821  UART_Init                     
00000909  Debug_Period                  
000009cd  ShowProblem                   
00000a79  TimerG7_IntArm                
00000b21  CheckInit                     
00000bc5  TimerG0_IntArm                
00000c69  main                          
00000cfd  LaunchPad_Init                
00000d81  __TI_decompress_lzss          
00000de9  TimerG12_Init                 
00000e49  AddPoints                     
00000ea5  Dump                          
00000ef9  TIMG7_IRQHandler              
00000f4d  Debug_Dump                    
00000f9d  __aeabi_uidiv                 
00000f9d  __aeabi_uidivmod              
00000fdd  __TI_auto_init_nobinit_nopinit
00001019  ActivatePortA_B               
00001051  UART_OutUDec                  
00001087  __aeabi_idiv0                 
00001089  EndLab2                       
000010bd  setUpper                      
000010f1  UART_OutChar                  
0000111d  ADC_Start                     
00001145  _c_int00_noargs               
0000116d  UART_OutString                
00001195  Random32                      
000011b5  Random                        
000011cd  strcmp                        
000011e5  Debug_Init                    
000011f9  __TI_zero_init_nomemset       
0000120d  TI_memcpy_small               
0000121f  __TI_decompress_none          
00001231  Clock_Delay                   
00001241  Clock_Freq                    
0000124d  __aeabi_memcpy                
0000124d  __aeabi_memcpy4               
0000124d  __aeabi_memcpy8               
00001255  ADC0_IRQHandler               
00001255  ADC1_IRQHandler               
00001255  AES_IRQHandler                
00001255  CANFD0_IRQHandler             
00001255  DAC0_IRQHandler               
00001255  DMA_IRQHandler                
00001255  Default_Handler               
00001255  GROUP0_IRQHandler             
00001255  GROUP1_IRQHandler             
00001255  HardFault_Handler             
00001255  I2C0_IRQHandler               
00001255  I2C1_IRQHandler               
00001255  NMI_Handler                   
00001255  PendSV_Handler                
00001255  RTC_IRQHandler                
00001255  SPI0_IRQHandler               
00001255  SPI1_IRQHandler               
00001255  SVC_Handler                   
00001255  SysTick_Handler               
00001255  TIMA0_IRQHandler              
00001255  TIMA1_IRQHandler              
00001255  TIMG12_IRQHandler             
00001255  TIMG6_IRQHandler              
00001255  TIMG8_IRQHandler              
00001255  UART0_IRQHandler              
00001255  UART1_IRQHandler              
00001255  UART2_IRQHandler              
00001255  UART3_IRQHandler              
00001259  Reset_Handler                 
0000125d  _system_pre_init              
00001260  C$$EXIT                       
00001261  abort                         
00001268  ChangeProblem                 
000014cd  LEDProblem                    
000015c0  Duties                        
00001640  ChangeMask                    
00001650  InMux                         
00001660  LEDMask                       
0000166c  OutMux                        
00001688  __TI_Handler_Table_Base       
00001694  __TI_Handler_Table_Limit      
0000169c  __TI_CINIT_Base               
000016ac  __TI_CINIT_Limit              
000016ac  __TI_CINIT_Warm               
20200000  __start___llvm_prf_bits       
20200000  __start___llvm_prf_cnts       
20200000  __stop___llvm_prf_bits        
20200000  __stop___llvm_prf_cnts        
20200000  _sys_memory                   
20200200  DataBuffer                    
202002c8  TimeBuffer                    
20200390  Inflag                        
202003a0  DebugCnt                      
202003a4  Duty                          
202003a8  FirstCount                    
202003ac  LastLED                       
202003b0  M                             
202003b4  Period                        
202003b8  Phase                         
202003bc  SecondCount                   
202003c0  SizeofEID                     
202003c4  TExaSadc                      
202003c8  Theperiod                     
202003d4  BusFreq                       
202003d8  Mode0                         
202003dc  Mode1                         
202003e0  Mode2                         
202003e4  Score                         
202003e8  Time                          
20207e00  __stack                       
20208000  __STACK_END                   
ffffffff  __TI_pprof_out_hndl           
ffffffff  __TI_prof_data_size           
ffffffff  __TI_prof_data_start          
ffffffff  __binit__                     
ffffffff  binit                         
UNDEFED   __mpu_init                    
UNDEFED   _system_post_cinit            

[126 symbols]
