******************************************************************************
            TI ARM Clang Linker PC v2.1.3                      
******************************************************************************
>> Linked Wed Oct 25 14:21:12 2023

OUTPUT FILE NAME:   <ECE319K_Lab3new.out>
ENTRY POINT SYMBOL: "_c_int00_noargs"  address: 00000c51


MEMORY CONFIGURATION

         name            origin    length      used     unused   attr    fill
----------------------  --------  ---------  --------  --------  ----  --------
  FLASH                 00000000   00020000  00000e78  0001f188  R  X
  SRAM                  20200000   00008000  0000059c  00007a64  RW X
  BCR_CONFIG            41c00000   00000080  00000000  00000080  R   
  BSL_CONFIG            41c00100   00000080  00000000  00000080  R   


SEGMENT ALLOCATION MAP

run origin  load origin   length   init length attrs members
----------  ----------- ---------- ----------- ----- -------
00000000    00000000    00000e78   00000e78    r-x
  00000000    00000000    000000c0   000000c0    r-- .intvecs
  000000c0    000000c0    00000c90   00000c90    r-x .text
  00000d50    00000d50    000000f8   000000f8    r-- .rodata
  00000e48    00000e48    00000030   00000030    r-- .cinit
20200000    20200000    0000039c   00000000    rw-
  20200000    20200000    00000200   00000000    rw- .sysmem
  20200200    20200200    00000198   00000000    rw- .bss
  20200398    20200398    00000004   00000000    rw- .data
20207e00    20207e00    00000200   00000000    rw-
  20207e00    20207e00    00000200   00000000    rw- .stack


SECTION ALLOCATION MAP

 output                                  attributes/
section   page    origin      length       input sections
--------  ----  ----------  ----------   ----------------
.intvecs   0    00000000    000000c0     
                  00000000    000000c0     startup_mspm0g3507_ticlang.o (.intvecs)

.text      0    000000c0    00000c90     
                  000000c0    00000400     ECE319K_Lab3Grader_new.o (.text.Lab3Grader_new)
                  000004c0    000001b4     Clock.o (.text.Clock_Init80MHz)
                  00000674    000000fc     Dump.o (.text.Debug_Duty)
                  00000770    000000e8     UARTbusywait.o (.text.UART_Init)
                  00000858    000000c4     Dump.o (.text.Debug_Period)
                  0000091c    00000084     LaunchPad.o (.text.LaunchPad_Init)
                  000009a0    00000078     ECE319K_Lab3main_new.o (.text.Debug_Dump2)
                  00000a18    00000068     libc.a : copy_decompress_lzss.c.obj (.text:decompress:lzss)
                  00000a80    00000060     Timer.o (.text.TimerG12_Init)
                  00000ae0    00000056     libclang_rt.builtins.a : aeabi_idivmod.S.obj (.text)
                  00000b36    00000002                            : aeabi_div0.c.obj (.text.__aeabi_idiv0)
                  00000b38    00000040                            : aeabi_uidivmod.S.obj (.text)
                  00000b78    0000003c     libc.a : autoinit.c.obj (.text:__TI_auto_init_nobinit_nopinit)
                  00000bb4    00000038     LaunchPad.o (.text.ActivatePortA_B)
                  00000bec    00000036     UART.o (.text.UART_OutUDec)
                  00000c22    00000002     --HOLE-- [fill = 0]
                  00000c24    0000002c     UARTbusywait.o (.text.UART_OutChar)
                  00000c50    00000028     libc.a : boot_cortex_m.c.obj (.text:_c_int00_noargs)
                  00000c78    00000026     UART.o (.text.UART_OutString)
                  00000c9e    00000016     libc.a : strcmp.c.obj (.text.strcmp)
                  00000cb4    00000014     Dump.o (.text.Debug_Init)
                  00000cc8    00000014     ECE319K_Lab3main_new.o (.text.main)
                  00000cdc    00000014     libc.a : copy_zero_init.c.obj (.text:decompress:ZI:__TI_zero_init_nomemset)
                  00000cf0    00000012            : memcpy16.S.obj (.text:TI_memcpy_small)
                  00000d02    00000012            : copy_decompress_none.c.obj (.text:decompress:none)
                  00000d14    00000010     Clock.o (.text.Clock_Delay)
                  00000d24    0000000c     Clock.o (.text.Clock_Freq)
                  00000d30    00000008     libclang_rt.builtins.a : aeabi_memcpy.S.obj (.text)
                  00000d38    00000004     startup_mspm0g3507_ticlang.o (.text.Default_Handler)
                  00000d3c    00000004     startup_mspm0g3507_ticlang.o (.text.HardFault_Handler)
                  00000d40    00000004     startup_mspm0g3507_ticlang.o (.text.Reset_Handler)
                  00000d44    00000004     libc.a : pre_init.c.obj (.text._system_pre_init)
                  00000d48    00000004            : exit.c.obj (.text:abort)
                  00000d4c    00000004     --HOLE-- [fill = 0]

.cinit     0    00000e48    00000030     
                  00000e48    0000000c     (__TI_handler_table)
                  00000e54    00000008     (.cinit..bss.load) [load image, compression = zero_init]
                  00000e5c    00000008     (.cinit..data.load) [load image, compression = lzss]
                  00000e64    00000010     (__TI_cinit_table)
                  00000e74    00000004     --HOLE-- [fill = 0]

.rodata    0    00000d50    000000f8     
                  00000d50    000000c8     ECE319K_Lab3Grader_new.o (.rodata.str1.1)
                  00000e18    00000028     ECE319K_Lab3main_new.o (.rodata.testdata)
                  00000e40    00000007     ECE319K_Lab3main_new.o (.rodata.Lab3EID)
                  00000e47    00000001     --HOLE-- [fill = 0]

.init_array 
*          0    00000000    00000000     UNINITIALIZED

.binit     0    00000000    00000000     

.sysmem    0    20200000    00000200     UNINITIALIZED
                  20200000    00000010     libc.a : memory.c.obj (.sysmem)
                  20200010    000001f0     --HOLE--

.bss       0    20200200    00000198     UNINITIALIZED
                  20200200    000000c8     (.common:DataBuffer)
                  202002c8    000000c8     (.common:TimeBuffer)
                  20200390    00000004     (.common:DebugCnt)
                  20200394    00000004     (.common:Score)

.data      0    20200398    00000004     UNINITIALIZED
                  20200398    00000004     Clock.o (.data.BusFreq)

.stack     0    20207e00    00000200     UNINITIALIZED
                  20207e00    00000004     libc.a : boot_cortex_m.c.obj (.stack)
                  20207e04    000001fc     --HOLE--

__llvm_prf_cnts 
*          0    20200000    00000000     UNINITIALIZED

__llvm_prf_bits 
*          0    20200000    00000000     UNINITIALIZED

MODULE SUMMARY

       Module                         code   ro data   rw data
       ------                         ----   -------   -------
    .\
       ECE319K_Lab3Grader_new.o       1024   200       4      
       Dump.o                         468    0         404    
       Clock.o                        464    0         4      
       UARTbusywait.o                 276    0         0      
       LaunchPad.o                    188    0         0      
       ECE319K_Lab3main_new.o         140    47        0      
       Timer.o                        96     0         0      
       UART.o                         92     0         0      
    +--+------------------------------+------+---------+---------+
       Total:                         2748   247       412    
                                                              
    .\ticlang\
       startup_mspm0g3507_ticlang.o   12     192       0      
    +--+------------------------------+------+---------+---------+
       Total:                         12     192       0      
                                                              
    C:\ti\ccs1240\ccs\tools\compiler\ti-cgt-armllvm_2.1.3.LTS\lib\armv6m-ti-none-eabi/c/libc.a
       copy_decompress_lzss.c.obj     104    0         0      
       autoinit.c.obj                 60     0         0      
       boot_cortex_m.c.obj            40     0         0      
       strcmp.c.obj                   22     0         0      
       copy_zero_init.c.obj           20     0         0      
       copy_decompress_none.c.obj     18     0         0      
       memcpy16.S.obj                 18     0         0      
       exit.c.obj                     4      0         0      
       pre_init.c.obj                 4      0         0      
    +--+------------------------------+------+---------+---------+
       Total:                         290    0         0      
                                                              
    C:\ti\ccs1240\ccs\tools\compiler\ti-cgt-armllvm_2.1.3.LTS\lib\clang/14.0.6/lib/armv6m-ti-none-eabi/libclang_rt.builtins.a
       aeabi_idivmod.S.obj            86     0         0      
       aeabi_uidivmod.S.obj           64     0         0      
       aeabi_memcpy.S.obj             8      0         0      
       aeabi_div0.c.obj               2      0         0      
    +--+------------------------------+------+---------+---------+
       Total:                         160    0         0      
                                                              
       Heap:                          0      0         512    
       Stack:                         0      0         512    
       Linker Generated:              0      44        0      
    +--+------------------------------+------+---------+---------+
       Grand Total:                   3210   483       1436   


LINKER GENERATED COPY TABLES

__TI_cinit_table @ 00000e64 records: 2, size/record: 8, table size: 16
	.bss: load addr=00000e54, load size=00000008 bytes, run addr=20200200, run size=00000198 bytes, compression=zero_init
	.data: load addr=00000e5c, load size=00000008 bytes, run addr=20200398, run size=00000004 bytes, compression=lzss


LINKER GENERATED HANDLER TABLE

__TI_handler_table @ 00000e48 records: 3, size/record: 4, table size: 12
	index: 0, handler: __TI_decompress_lzss
	index: 1, handler: __TI_decompress_none
	index: 2, handler: __TI_zero_init


GLOBAL SYMBOLS: SORTED ALPHABETICALLY BY Name 

address   name                          
-------   ----                          
00000d39  ADC0_IRQHandler               
00000d39  ADC1_IRQHandler               
00000d39  AES_IRQHandler                
00000bb5  ActivatePortA_B               
20200398  BusFreq                       
00000d48  C$$EXIT                       
00000d39  CANFD0_IRQHandler             
00000d15  Clock_Delay                   
00000d25  Clock_Freq                    
000004c1  Clock_Init80MHz               
00000d39  DAC0_IRQHandler               
00000d39  DMA_IRQHandler                
20200200  DataBuffer                    
20200390  DebugCnt                      
000009a1  Debug_Dump2                   
00000675  Debug_Duty                    
00000cb5  Debug_Init                    
00000859  Debug_Period                  
00000d39  Default_Handler               
00000d39  GROUP0_IRQHandler             
00000d39  GROUP1_IRQHandler             
00000d3d  HardFault_Handler             
00000d39  I2C0_IRQHandler               
00000d39  I2C1_IRQHandler               
00000e40  Lab3EID                       
000000c1  Lab3Grader_new                
0000091d  LaunchPad_Init                
00000d39  NMI_Handler                   
00000d39  PendSV_Handler                
00000d39  RTC_IRQHandler                
00000d41  Reset_Handler                 
00000d39  SPI0_IRQHandler               
00000d39  SPI1_IRQHandler               
00000d39  SVC_Handler                   
20200394  Score                         
00000d39  SysTick_Handler               
00000d39  TIMA0_IRQHandler              
00000d39  TIMA1_IRQHandler              
00000d39  TIMG0_IRQHandler              
00000d39  TIMG12_IRQHandler             
00000d39  TIMG6_IRQHandler              
00000d39  TIMG7_IRQHandler              
00000d39  TIMG8_IRQHandler              
00000cf1  TI_memcpy_small               
202002c8  TimeBuffer                    
00000a81  TimerG12_Init                 
00000d39  UART0_IRQHandler              
00000d39  UART1_IRQHandler              
00000d39  UART2_IRQHandler              
00000d39  UART3_IRQHandler              
00000771  UART_Init                     
00000c25  UART_OutChar                  
00000c79  UART_OutString                
00000bed  UART_OutUDec                  
20208000  __STACK_END                   
00000200  __STACK_SIZE                  
00000200  __SYSMEM_SIZE                 
00000e64  __TI_CINIT_Base               
00000e74  __TI_CINIT_Limit              
00000e74  __TI_CINIT_Warm               
00000e48  __TI_Handler_Table_Base       
00000e54  __TI_Handler_Table_Limit      
00000b79  __TI_auto_init_nobinit_nopinit
00000a19  __TI_decompress_lzss          
00000d03  __TI_decompress_none          
ffffffff  __TI_pprof_out_hndl           
ffffffff  __TI_prof_data_size           
ffffffff  __TI_prof_data_start          
00000000  __TI_static_base__            
00000cdd  __TI_zero_init_nomemset       
00000ae1  __aeabi_idiv                  
00000b37  __aeabi_idiv0                 
00000ae1  __aeabi_idivmod               
00000d31  __aeabi_memcpy                
00000d31  __aeabi_memcpy4               
00000d31  __aeabi_memcpy8               
00000b39  __aeabi_uidiv                 
00000b39  __aeabi_uidivmod              
ffffffff  __binit__                     
UNDEFED   __mpu_init                    
20207e00  __stack                       
20200000  __start___llvm_prf_bits       
20200000  __start___llvm_prf_cnts       
20200000  __stop___llvm_prf_bits        
20200000  __stop___llvm_prf_cnts        
00000c51  _c_int00_noargs               
20200000  _sys_memory                   
UNDEFED   _system_post_cinit            
00000d45  _system_pre_init              
00000d49  abort                         
ffffffff  binit                         
00000000  interruptVectors              
00000cc9  main                          
00000c9f  strcmp                        
00000e18  testdata                      


GLOBAL SYMBOLS: SORTED BY Symbol Address 

address   name                          
-------   ----                          
00000000  __TI_static_base__            
00000000  interruptVectors              
000000c1  Lab3Grader_new                
00000200  __STACK_SIZE                  
00000200  __SYSMEM_SIZE                 
000004c1  Clock_Init80MHz               
00000675  Debug_Duty                    
00000771  UART_Init                     
00000859  Debug_Period                  
0000091d  LaunchPad_Init                
000009a1  Debug_Dump2                   
00000a19  __TI_decompress_lzss          
00000a81  TimerG12_Init                 
00000ae1  __aeabi_idiv                  
00000ae1  __aeabi_idivmod               
00000b37  __aeabi_idiv0                 
00000b39  __aeabi_uidiv                 
00000b39  __aeabi_uidivmod              
00000b79  __TI_auto_init_nobinit_nopinit
00000bb5  ActivatePortA_B               
00000bed  UART_OutUDec                  
00000c25  UART_OutChar                  
00000c51  _c_int00_noargs               
00000c79  UART_OutString                
00000c9f  strcmp                        
00000cb5  Debug_Init                    
00000cc9  main                          
00000cdd  __TI_zero_init_nomemset       
00000cf1  TI_memcpy_small               
00000d03  __TI_decompress_none          
00000d15  Clock_Delay                   
00000d25  Clock_Freq                    
00000d31  __aeabi_memcpy                
00000d31  __aeabi_memcpy4               
00000d31  __aeabi_memcpy8               
00000d39  ADC0_IRQHandler               
00000d39  ADC1_IRQHandler               
00000d39  AES_IRQHandler                
00000d39  CANFD0_IRQHandler             
00000d39  DAC0_IRQHandler               
00000d39  DMA_IRQHandler                
00000d39  Default_Handler               
00000d39  GROUP0_IRQHandler             
00000d39  GROUP1_IRQHandler             
00000d39  I2C0_IRQHandler               
00000d39  I2C1_IRQHandler               
00000d39  NMI_Handler                   
00000d39  PendSV_Handler                
00000d39  RTC_IRQHandler                
00000d39  SPI0_IRQHandler               
00000d39  SPI1_IRQHandler               
00000d39  SVC_Handler                   
00000d39  SysTick_Handler               
00000d39  TIMA0_IRQHandler              
00000d39  TIMA1_IRQHandler              
00000d39  TIMG0_IRQHandler              
00000d39  TIMG12_IRQHandler             
00000d39  TIMG6_IRQHandler              
00000d39  TIMG7_IRQHandler              
00000d39  TIMG8_IRQHandler              
00000d39  UART0_IRQHandler              
00000d39  UART1_IRQHandler              
00000d39  UART2_IRQHandler              
00000d39  UART3_IRQHandler              
00000d3d  HardFault_Handler             
00000d41  Reset_Handler                 
00000d45  _system_pre_init              
00000d48  C$$EXIT                       
00000d49  abort                         
00000e18  testdata                      
00000e40  Lab3EID                       
00000e48  __TI_Handler_Table_Base       
00000e54  __TI_Handler_Table_Limit      
00000e64  __TI_CINIT_Base               
00000e74  __TI_CINIT_Limit              
00000e74  __TI_CINIT_Warm               
20200000  __start___llvm_prf_bits       
20200000  __start___llvm_prf_cnts       
20200000  __stop___llvm_prf_bits        
20200000  __stop___llvm_prf_cnts        
20200000  _sys_memory                   
20200200  DataBuffer                    
202002c8  TimeBuffer                    
20200390  DebugCnt                      
20200394  Score                         
20200398  BusFreq                       
20207e00  __stack                       
20208000  __STACK_END                   
ffffffff  __TI_pprof_out_hndl           
ffffffff  __TI_prof_data_size           
ffffffff  __TI_prof_data_start          
ffffffff  __binit__                     
ffffffff  binit                         
UNDEFED   __mpu_init                    
UNDEFED   _system_post_cinit            

[95 symbols]
